Component: ARM Compiler 5.06 update 7 (build 960) Tool: armlink [4d3601]

==============================================================================

Section Cross References

    startup_stm32f407xx.o(STACK) refers (Special) to heapauxi.o(.text) for __use_two_region_memory
    startup_stm32f407xx.o(HEAP) refers (Special) to heapauxi.o(.text) for __use_two_region_memory
    startup_stm32f407xx.o(RESET) refers (Special) to heapauxi.o(.text) for __use_two_region_memory
    startup_stm32f407xx.o(RESET) refers to startup_stm32f407xx.o(STACK) for __initial_sp
    startup_stm32f407xx.o(RESET) refers to startup_stm32f407xx.o(.text) for Reset_Handler
    startup_stm32f407xx.o(RESET) refers to stm32f4xx_it.o(i.NMI_Handler) for NMI_Handler
    startup_stm32f407xx.o(RESET) refers to stm32f4xx_it.o(i.HardFault_Handler) for HardFault_Handler
    startup_stm32f407xx.o(RESET) refers to stm32f4xx_it.o(i.MemManage_Handler) for MemManage_Handler
    startup_stm32f407xx.o(RESET) refers to stm32f4xx_it.o(i.BusFault_Handler) for BusFault_Handler
    startup_stm32f407xx.o(RESET) refers to stm32f4xx_it.o(i.UsageFault_Handler) for UsageFault_Handler
    startup_stm32f407xx.o(RESET) refers to port.o(.emb_text) for SVC_Handler
    startup_stm32f407xx.o(RESET) refers to stm32f4xx_it.o(i.DebugMon_Handler) for DebugMon_Handler
    startup_stm32f407xx.o(RESET) refers to cmsis_os2.o(i.SysTick_Handler) for SysTick_Handler
    startup_stm32f407xx.o(RESET) refers to stm32f4xx_it.o(i.DMA1_Stream5_IRQHandler) for DMA1_Stream5_IRQHandler
    startup_stm32f407xx.o(RESET) refers to stm32f4xx_it.o(i.DMA1_Stream6_IRQHandler) for DMA1_Stream6_IRQHandler
    startup_stm32f407xx.o(RESET) refers to stm32f4xx_it.o(i.USART2_IRQHandler) for USART2_IRQHandler
    startup_stm32f407xx.o(.text) refers (Special) to heapauxi.o(.text) for __use_two_region_memory
    startup_stm32f407xx.o(.text) refers to system_stm32f4xx.o(i.SystemInit) for SystemInit
    startup_stm32f407xx.o(.text) refers to __main.o(!!!main) for __main
    startup_stm32f407xx.o(.text) refers to startup_stm32f407xx.o(HEAP) for Heap_Mem
    startup_stm32f407xx.o(.text) refers to startup_stm32f407xx.o(STACK) for Stack_Mem
    main.o(i.SystemClock_Config) refers to rt_memclr_w.o(.text) for __aeabi_memclr4
    main.o(i.SystemClock_Config) refers to stm32f4xx_hal_rcc.o(i.HAL_RCC_OscConfig) for HAL_RCC_OscConfig
    main.o(i.SystemClock_Config) refers to stm32f4xx_hal_rcc.o(i.HAL_RCC_ClockConfig) for HAL_RCC_ClockConfig
    main.o(i.main) refers to stm32f4xx_hal.o(i.HAL_Init) for HAL_Init
    main.o(i.main) refers to main.o(i.SystemClock_Config) for SystemClock_Config
    main.o(i.main) refers to gpio.o(i.MX_GPIO_Init) for MX_GPIO_Init
    main.o(i.main) refers to dma.o(i.MX_DMA_Init) for MX_DMA_Init
    main.o(i.main) refers to i2c.o(i.MX_I2C1_Init) for MX_I2C1_Init
    main.o(i.main) refers to tim.o(i.MX_TIM2_Init) for MX_TIM2_Init
    main.o(i.main) refers to usart.o(i.MX_USART1_UART_Init) for MX_USART1_UART_Init
    main.o(i.main) refers to usart.o(i.MX_USART2_UART_Init) for MX_USART2_UART_Init
    main.o(i.main) refers to adc.o(i.MX_ADC1_Init) for MX_ADC1_Init
    main.o(i.main) refers to cmsis_os2.o(i.osKernelInitialize) for osKernelInitialize
    main.o(i.main) refers to freertos.o(i.MX_FREERTOS_Init) for MX_FREERTOS_Init
    main.o(i.main) refers to cmsis_os2.o(i.osKernelStart) for osKernelStart
    gpio.o(i.MX_GPIO_Init) refers to rt_memclr_w.o(.text) for __aeabi_memclr4
    gpio.o(i.MX_GPIO_Init) refers to stm32f4xx_hal_gpio.o(i.HAL_GPIO_WritePin) for HAL_GPIO_WritePin
    gpio.o(i.MX_GPIO_Init) refers to stm32f4xx_hal_gpio.o(i.HAL_GPIO_Init) for HAL_GPIO_Init
    freertos.o(i.MX_FREERTOS_Init) refers to watchdog.o(i.WDT_Init) for WDT_Init
    freertos.o(i.MX_FREERTOS_Init) refers to watchdog.o(i.WDT_RegisterTask) for WDT_RegisterTask
    freertos.o(i.MX_FREERTOS_Init) refers to cmsis_os2.o(i.osMutexNew) for osMutexNew
    freertos.o(i.MX_FREERTOS_Init) refers to cmsis_os2.o(i.osMessageQueueNew) for osMessageQueueNew
    freertos.o(i.MX_FREERTOS_Init) refers to cmsis_os2.o(i.osThreadNew) for osThreadNew
    freertos.o(i.MX_FREERTOS_Init) refers to cmsis_os2.o(i.osEventFlagsNew) for osEventFlagsNew
    freertos.o(i.MX_FREERTOS_Init) refers to freertos.o(.data) for .data
    freertos.o(i.MX_FREERTOS_Init) refers to freertos.o(.constdata) for .constdata
    freertos.o(i.MX_FREERTOS_Init) refers to freertos.o(i.StartBME280Task) for StartBME280Task
    freertos.o(i.MX_FREERTOS_Init) refers to freertos.o(i.StartLightTask) for StartLightTask
    freertos.o(i.MX_FREERTOS_Init) refers to freertos.o(i.StartPM25Task) for StartPM25Task
    freertos.o(i.MX_FREERTOS_Init) refers to freertos.o(i.StartDistributorTask) for StartDistributorTask
    freertos.o(i.MX_FREERTOS_Init) refers to freertos.o(i.StartLcdTask) for StartLcdTask
    freertos.o(i.MX_FREERTOS_Init) refers to freertos.o(i.StartUartTask) for StartUartTask
[...]
    HAL_MspInit                              0x08003da5   Thumb Code    42  stm32f4xx_hal_msp.o(i.HAL_MspInit)
    HAL_NVIC_EnableIRQ                       0x08003dd5   Thumb Code    26  stm32f4xx_hal_cortex.o(i.HAL_NVIC_EnableIRQ)
    HAL_NVIC_SetPriority                     0x08003df1   Thumb Code    60  stm32f4xx_hal_cortex.o(i.HAL_NVIC_SetPriority)
    HAL_NVIC_SetPriorityGrouping             0x08003e31   Thumb Code    26  stm32f4xx_hal_cortex.o(i.HAL_NVIC_SetPriorityGrouping)
    HAL_RCC_ClockConfig                      0x08003e55   Thumb Code   288  stm32f4xx_hal_rcc.o(i.HAL_RCC_ClockConfig)
    HAL_RCC_GetPCLK1Freq                     0x08003f89   Thumb Code    20  stm32f4xx_hal_rcc.o(i.HAL_RCC_GetPCLK1Freq)
    HAL_RCC_GetPCLK2Freq                     0x08003fa9   Thumb Code    20  stm32f4xx_hal_rcc.o(i.HAL_RCC_GetPCLK2Freq)
    HAL_RCC_GetSysClockFreq                  0x08003fc9   Thumb Code    88  stm32f4xx_hal_rcc.o(i.HAL_RCC_GetSysClockFreq)
    HAL_RCC_OscConfig                        0x08004029   Thumb Code   856  stm32f4xx_hal_rcc.o(i.HAL_RCC_OscConfig)
    HAL_TIMEx_MasterConfigSynchronization    0x08004395   Thumb Code   116  stm32f4xx_hal_tim_ex.o(i.HAL_TIMEx_MasterConfigSynchronization)
    HAL_TIM_MspPostInit                      0x08004425   Thumb Code     2  stm32f4xx_hal_msp.o(i.HAL_TIM_MspPostInit)
    HAL_TIM_PWM_ConfigChannel                0x08004427   Thumb Code   204  stm32f4xx_hal_tim.o(i.HAL_TIM_PWM_ConfigChannel)
    HAL_TIM_PWM_Init                         0x080044f3   Thumb Code    90  stm32f4xx_hal_tim.o(i.HAL_TIM_PWM_Init)
    HAL_TIM_PWM_MspInit                      0x0800454d   Thumb Code    92  tim.o(i.HAL_TIM_PWM_MspInit)
    HAL_TIM_PWM_Start                        0x080045b1   Thumb Code   172  stm32f4xx_hal_tim.o(i.HAL_TIM_PWM_Start)
    HAL_UARTEx_ReceiveToIdle_DMA             0x08004679   Thumb Code    74  stm32f4xx_hal_uart.o(i.HAL_UARTEx_ReceiveToIdle_DMA)
    HAL_UARTEx_RxEventCallback               0x080046c5   Thumb Code    50  usart.o(i.HAL_UARTEx_RxEventCallback)
    HAL_UART_ErrorCallback                   0x08004701   Thumb Code     2  stm32f4xx_hal_uart.o(i.HAL_UART_ErrorCallback)
    HAL_UART_IRQHandler                      0x08004705   Thumb Code   636  stm32f4xx_hal_uart.o(i.HAL_UART_IRQHandler)
    HAL_UART_Init                            0x08004985   Thumb Code   100  stm32f4xx_hal_uart.o(i.HAL_UART_Init)
    HAL_UART_MspInit                         0x080049e9   Thumb Code   314  usart.o(i.HAL_UART_MspInit)
    HAL_UART_Receive                         0x08004b3d   Thumb Code   176  stm32f4xx_hal_uart.o(i.HAL_UART_Receive)
    HAL_UART_RxCpltCallback                  0x08004bed   Thumb Code     2  stm32f4xx_hal_uart.o(i.HAL_UART_RxCpltCallback)
    HAL_UART_RxHalfCpltCallback              0x08004bef   Thumb Code     2  stm32f4xx_hal_uart.o(i.HAL_UART_RxHalfCpltCallback)
    HAL_UART_Transmit                        0x08004bf1   Thumb Code   160  stm32f4xx_hal_uart.o(i.HAL_UART_Transmit)
    HAL_UART_TxCpltCallback                  0x08004c91   Thumb Code     2  stm32f4xx_hal_uart.o(i.HAL_UART_TxCpltCallback)
    HC05_SoftInit                            0x08004c95   Thumb Code   200  usart.o(i.HC05_SoftInit)
    HardFault_Handler                        0x08004da5   Thumb Code     2  stm32f4xx_it.o(i.HardFault_Handler)
    LCD_Clear                                0x080051e5   Thumb Code    86  lcd.o(i.LCD_Clear)
    LCD_DrawLine                             0x08005315   Thumb Code   148  lcd.o(i.LCD_DrawLine)
    LCD_Init                                 0x080053a9   Thumb Code   398  lcd.o(i.LCD_Init)
    LCD_SetPoint                             0x0800555d   Thumb Code    60  lcd.o(i.LCD_SetPoint)
    LCD_ShowFloat                            0x080055f9   Thumb Code    64  lcd.o(i.LCD_ShowFloat)
    LCD_ShowNumber                           0x08005641   Thumb Code    50  lcd.o(i.LCD_ShowNumber)
    LCD_ShowString                           0x08005679   Thumb Code    68  lcd.o(i.LCD_ShowString)
    MAVLink_Init                             0x08005765   Thumb Code    14  mavlink_protocol.o(i.MAVLink_Init)
    MAVLink_ProcessByte                      0x0800577d   Thumb Code    36  mavlink_protocol.o(i.MAVLink_ProcessByte)
    MAVLink_RegisterCmdCallback              0x080057a9   Thumb Code     6  mavlink_protocol.o(i.MAVLink_RegisterCmdCallback)
    MAVLink_SendAck                          0x080057b5   Thumb Code    52  mavlink_protocol.o(i.MAVLink_SendAck)
    MAVLink_SendDiagReport                   0x080057ed   Thumb Code    92  mavlink_protocol.o(i.MAVLink_SendDiagReport)
    MAVLink_SendHeartbeat                    0x0800584d   Thumb Code    96  mavlink_protocol.o(i.MAVLink_SendHeartbeat)
    MAVLink_SendOTAACK                       0x080058b1   Thumb Code    82  mavlink_protocol.o(i.MAVLink_SendOTAACK)
    MAVLink_SendSensorData                   0x08005909   Thumb Code   108  mavlink_protocol.o(i.MAVLink_SendSensorData)
    MAVLink_SendStatusReport                 0x08005979   Thumb Code    58  mavlink_protocol.o(i.MAVLink_SendStatusReport)
    MAVLink_SendVersionReport                0x080059b9   Thumb Code    92  mavlink_protocol.o(i.MAVLink_SendVersionReport)
    MX_ADC1_Init                             0x08005a19   Thumb Code    84  adc.o(i.MX_ADC1_Init)
    MX_DMA_Init                              0x08005a75   Thumb Code    56  dma.o(i.MX_DMA_Init)
    MX_FREERTOS_Init                         0x08005ab1   Thumb Code   306  freertos.o(i.MX_FREERTOS_Init)
    MX_GPIO_Init                             0x08005c55   Thumb Code   150  gpio.o(i.MX_GPIO_Init)
    MX_I2C1_Init                             0x08005cf9   Thumb Code    50  i2c.o(i.MX_I2C1_Init)
    MX_TIM2_Init                             0x08005d39   Thumb Code   122  tim.o(i.MX_TIM2_Init)
    MX_USART1_UART_Init                      0x08005db9   Thumb Code    48  usart.o(i.MX_USART1_UART_Init)
    MX_USART2_UART_Init                      0x08005df1   Thumb Code    48  usart.o(i.MX_USART2_UART_Init)
    MemManage_Handler                        0x08005e29   Thumb Code     2  stm32f4xx_it.o(i.MemManage_Handler)
    Motor_Init                               0x08005e2d   Thumb Code    94  motor.o(i.Motor_Init)
    Motor_SetSpeedA                          0x08005e9d   Thumb Code   140  motor.o(i.Motor_SetSpeedA)
    Motor_SetSpeedB                          0x08005f35   Thumb Code   140  motor.o(i.Motor_SetSpeedB)
    Motor_StopA                              0x08005fcd   Thumb Code     6  motor.o(i.Motor_StopA)
    Motor_StopB                              0x08005fd3   Thumb Code     6  motor.o(i.Motor_StopB)
    MovingAvg_Init                           0x08005fd9   Thumb Code    42  filter.o(i.MovingAvg_Init)
    MovingAvg_Update                         0x08006003   Thumb Code    84  filter.o(i.MovingAvg_Update)
    NMI_Handler                              0x08006057   Thumb Code     2  stm32f4xx_it.o(i.NMI_Handler)
    OTA_Begin                                0x08006059   Thumb Code    78  ota.o(i.OTA_Begin)
    OTA_Commit                               0x080060b1   Thumb Code   112  ota.o(i.OTA_Commit)
    OTA_GetWrittenSize                       0x0800612d   Thumb Code     6  ota.o(i.OTA_GetWrittenSize)
    OTA_Init                                 0x08006139   Thumb Code    10  ota.o(i.OTA_Init)
    OTA_WriteChunk                           0x08006149   Thumb Code   144  ota.o(i.OTA_WriteChunk)
    STORAGE_CalcCRC                          0x080062b1   Thumb Code    48  storage.o(i.STORAGE_CalcCRC)
    STORAGE_Load                             0x080062e1   Thumb Code    70  storage.o(i.STORAGE_Load)
    STORAGE_Save                             0x08006339   Thumb Code   156  storage.o(i.STORAGE_Save)
    STORAGE_SetDefaults                      0x080063e5   Thumb Code    60  storage.o(i.STORAGE_SetDefaults)
    SetFanMode                               0x08006425   Thumb Code     6  usart.o(i.SetFanMode)
    StartBME280Task                          0x08006431   Thumb Code   182  freertos.o(i.StartBME280Task)
    StartCmdTask                             0x080064f1   Thumb Code   396  freertos.o(i.StartCmdTask)
    StartDistributorTask                     0x080066c1   Thumb Code   284  freertos.o(i.StartDistributorTask)
    StartFanTask                             0x080067ed   Thumb Code   252  freertos.o(i.StartFanTask)
    StartLcdTask                             0x0800690d   Thumb Code   522  freertos.o(i.StartLcdTask)
    StartLightTask                           0x08006b75   Thumb Code   114  freertos.o(i.StartLightTask)
    StartMonitorTask                         0x08006bf5   Thumb Code    26  freertos.o(i.StartMonitorTask)
    StartPM25Task                            0x08006c11   Thumb Code   114  freertos.o(i.StartPM25Task)
    StartUartTask                            0x08006c91   Thumb Code   222  freertos.o(i.StartUartTask)
    SysTick_Handler                          0x08006d81   Thumb Code    26  cmsis_os2.o(i.SysTick_Handler)
    SystemClock_Config                       0x08006d9d   Thumb Code   140  main.o(i.SystemClock_Config)
    SystemInit                               0x08006e31   Thumb Code    12  system_stm32f4xx.o(i.SystemInit)
    TIM_Base_SetConfig                       0x08006e41   Thumb Code   164  stm32f4xx_hal_tim.o(i.TIM_Base_SetConfig)
    TIM_CCxChannelCmd                        0x08006f11   Thumb Code    26  stm32f4xx_hal_tim.o(i.TIM_CCxChannelCmd)
    TIM_OC2_SetConfig                        0x08006f8d   Thumb Code    98  stm32f4xx_hal_tim.o(i.TIM_OC2_SetConfig)
    UART2_DMA_Init                           0x080070b1   Thumb Code    24  usart.o(i.UART2_DMA_Init)
    UART_Start_Receive_DMA                   0x08007405   Thumb Code   146  stm32f4xx_hal_uart.o(i.UART_Start_Receive_DMA)
    USART2_IRQHandler                        0x08007519   Thumb Code     6  stm32f4xx_it.o(i.USART2_IRQHandler)
    UsageFault_Handler                       0x08007525   Thumb Code     2  stm32f4xx_it.o(i.UsageFault_Handler)
    WDT_CheckAllTasks                        0x08007529   Thumb Code    72  watchdog.o(i.WDT_CheckAllTasks)
    WDT_Feed                                 0x08007579   Thumb Code    10  watchdog.o(i.WDT_Feed)
    WDT_GetAliveMask                         0x08007589   Thumb Code    56  watchdog.o(i.WDT_GetAliveMask)
    WDT_GetResetCount                        0x080075c5   Thumb Code    24  watchdog.o(i.WDT_GetResetCount)
    WDT_Init                                 0x080075e1   Thumb Code    48  watchdog.o(i.WDT_Init)
    WDT_IsTaskHealthy                        0x0800761d   Thumb Code    42  watchdog.o(i.WDT_IsTaskHealthy)
    WDT_RegisterTask                         0x0800764d   Thumb Code    38  watchdog.o(i.WDT_RegisterTask)
    WDT_TaskAlive                            0x08007679   Thumb Code    26  watchdog.o(i.WDT_TaskAlive)
    __ARM_fpclassify                         0x08007699   Thumb Code    48  fpclassify.o(i.__ARM_fpclassify)
    _is_digit                                0x080076e9   Thumb Code    14  __printf_wp.o(i._is_digit)
    main                                     0x080077d1   Thumb Code    68  main.o(i.main)
    osDelay                                  0x08007d9d   Thumb Code    26  cmsis_os2.o(i.osDelay)
    osEventFlagsNew                          0x08007db7   Thumb Code    44  cmsis_os2.o(i.osEventFlagsNew)
    osEventFlagsSet                          0x08007de5   Thumb Code    78  cmsis_os2.o(i.osEventFlagsSet)
    osEventFlagsWait                         0x08007e39   Thumb Code    98  cmsis_os2.o(i.osEventFlagsWait)
    osKernelGetState                         0x08007e9d   Thumb Code    28  cmsis_os2.o(i.osKernelGetState)
    osKernelGetTickCount                     0x08007ebd   Thumb Code    14  cmsis_os2.o(i.osKernelGetTickCount)
    osKernelInitialize                       0x08007ecd   Thumb Code    32  cmsis_os2.o(i.osKernelInitialize)
    osKernelStart                            0x08007ef1   Thumb Code    48  cmsis_os2.o(i.osKernelStart)
    osMessageQueueGet                        0x08007f29   Thumb Code    96  cmsis_os2.o(i.osMessageQueueGet)
    osMessageQueueNew                        0x08007f8d   Thumb Code    88  cmsis_os2.o(i.osMessageQueueNew)
    osMessageQueuePut                        0x08007fe5   Thumb Code   100  cmsis_os2.o(i.osMessageQueuePut)
    osMutexAcquire                           0x0800804d   Thumb Code    82  cmsis_os2.o(i.osMutexAcquire)
    osMutexNew                               0x0800809f   Thumb Code   104  cmsis_os2.o(i.osMutexNew)
    osMutexRelease                           0x08008107   Thumb Code    66  cmsis_os2.o(i.osMutexRelease)
    osThreadNew                              0x08008149   Thumb Code   138  cmsis_os2.o(i.osThreadNew)
    pvPortMalloc                             0x08008995   Thumb Code   216  heap_4.o(i.pvPortMalloc)
    pvTaskIncrementMutexHeldCount            0x08008a71   Thumb Code    18  tasks.o(i.pvTaskIncrementMutexHeldCount)
    pxPortInitialiseStack                    0x08008a89   Thumb Code    32  port.o(i.pxPortInitialiseStack)
    uxListRemove                             0x08008abf   Thumb Code    38  list.o(i.uxListRemove)
    uxTaskResetEventItemValue                0x08008ae5   Thumb Code    20  tasks.o(i.uxTaskResetEventItemValue)
    vApplicationGetIdleTaskMemory            0x08008afd   Thumb Code    16  cmsis_os2.o(i.vApplicationGetIdleTaskMemory)
    vApplicationGetTimerTaskMemory           0x08008b11   Thumb Code    18  cmsis_os2.o(i.vApplicationGetTimerTaskMemory)
    vEventGroupSetBitsCallback               0x08008b29   Thumb Code     4  event_groups.o(i.vEventGroupSetBitsCallback)
    vListInitialise                          0x08008b2d   Thumb Code    22  list.o(i.vListInitialise)
    vListInitialiseItem                      0x08008b43   Thumb Code     6  list.o(i.vListInitialiseItem)
    vListInsert                              0x08008b49   Thumb Code    48  list.o(i.vListInsert)
    vListInsertEnd                           0x08008b79   Thumb Code    24  list.o(i.vListInsertEnd)
    vPortEnterCritical                       0x08008b91   Thumb Code    54  port.o(i.vPortEnterCritical)
    vPortExitCritical                        0x08008bd1   Thumb Code    34  port.o(i.vPortExitCritical)
    vPortFree                                0x08008bf9   Thumb Code    94  heap_4.o(i.vPortFree)
    vPortSetupTimerInterrupt                 0x08008c5d   Thumb Code    32  port.o(i.vPortSetupTimerInterrupt)
    vPortValidateInterruptPriority           0x08008c81   Thumb Code    74  port.o(i.vPortValidateInterruptPriority)
    vQueueAddToRegistry                      0x08008cd5   Thumb Code    34  queue.o(i.vQueueAddToRegistry)
    vQueueWaitForMessageRestricted           0x08008cfd   Thumb Code    68  queue.o(i.vQueueWaitForMessageRestricted)
    vTaskDelay                               0x08008d41   Thumb Code    66  tasks.o(i.vTaskDelay)
    vTaskInternalSetTimeOutState             0x08008d8d   Thumb Code    12  tasks.o(i.vTaskInternalSetTimeOutState)
    vTaskMissedYield                         0x08008d9d   Thumb Code     8  tasks.o(i.vTaskMissedYield)
    vTaskPlaceOnEventList                    0x08008da9   Thumb Code    44  tasks.o(i.vTaskPlaceOnEventList)
    vTaskPlaceOnEventListRestricted          0x08008dd9   Thumb Code    52  tasks.o(i.vTaskPlaceOnEventListRestricted)
    vTaskPlaceOnUnorderedEventList           0x08008e11   Thumb Code    76  tasks.o(i.vTaskPlaceOnUnorderedEventList)
    vTaskPriorityDisinheritAfterTimeout      0x08008e61   Thumb Code   134  tasks.o(i.vTaskPriorityDisinheritAfterTimeout)
    vTaskRemoveFromUnorderedEventList        0x08008ef1   Thumb Code   102  tasks.o(i.vTaskRemoveFromUnorderedEventList)
    vTaskStartScheduler                      0x08008f61   Thumb Code   118  tasks.o(i.vTaskStartScheduler)
    vTaskSuspendAll                          0x08008fe9   Thumb Code    10  tasks.o(i.vTaskSuspendAll)
    vTaskSwitchContext                       0x08008ff9   Thumb Code    90  tasks.o(i.vTaskSwitchContext)
    xEventGroupCreate                        0x0800905d   Thumb Code    28  event_groups.o(i.xEventGroupCreate)
    xEventGroupCreateStatic                  0x08009079   Thumb Code    44  event_groups.o(i.xEventGroupCreateStatic)
    xEventGroupSetBits                       0x080090a5   Thumb Code   140  event_groups.o(i.xEventGroupSetBits)
    xEventGroupSetBitsFromISR                0x08009131   Thumb Code    12  event_groups.o(i.xEventGroupSetBitsFromISR)
    xEventGroupWaitBits                      0x08009141   Thumb Code   260  event_groups.o(i.xEventGroupWaitBits)
    xPortStartScheduler                      0x08009249   Thumb Code   154  port.o(i.xPortStartScheduler)
    xPortSysTickHandler                      0x080092f1   Thumb Code    38  port.o(i.xPortSysTickHandler)
    xQueueCreateMutex                        0x0800931d   Thumb Code    22  queue.o(i.xQueueCreateMutex)
    xQueueCreateMutexStatic                  0x08009333   Thumb Code    26  queue.o(i.xQueueCreateMutexStatic)
    xQueueGenericCreate                      0x0800934d   Thumb Code    66  queue.o(i.xQueueGenericCreate)
    xQueueGenericCreateStatic                0x0800938f   Thumb Code   102  queue.o(i.xQueueGenericCreateStatic)
    xQueueGenericReset                       0x080093f5   Thumb Code   132  queue.o(i.xQueueGenericReset)
    xQueueGenericSend                        0x0800947d   Thumb Code   346  queue.o(i.xQueueGenericSend)
    xQueueGenericSendFromISR                 0x080095dd   Thumb Code   190  queue.o(i.xQueueGenericSendFromISR)
    xQueueGiveMutexRecursive                 0x0800969b   Thumb Code    62  queue.o(i.xQueueGiveMutexRecursive)
    xQueueReceive                            0x080096d9   Thumb Code   308  queue.o(i.xQueueReceive)
    xQueueReceiveFromISR                     0x08009811   Thumb Code   154  queue.o(i.xQueueReceiveFromISR)
    xQueueSemaphoreTake                      0x080098ad   Thumb Code   372  queue.o(i.xQueueSemaphoreTake)
    xQueueTakeMutexRecursive                 0x08009a25   Thumb Code    64  queue.o(i.xQueueTakeMutexRecursive)
    xTaskCheckForTimeOut                     0x08009a65   Thumb Code   112  tasks.o(i.xTaskCheckForTimeOut)
    xTaskCreate                              0x08009ad9   Thumb Code    90  tasks.o(i.xTaskCreate)
    xTaskCreateStatic                        0x08009b33   Thumb Code    86  tasks.o(i.xTaskCreateStatic)
    xTaskGetCurrentTaskHandle                0x08009b89   Thumb Code     6  tasks.o(i.xTaskGetCurrentTaskHandle)
    xTaskGetSchedulerState                   0x08009b95   Thumb Code    22  tasks.o(i.xTaskGetSchedulerState)
    xTaskGetTickCount                        0x08009bb1   Thumb Code     6  tasks.o(i.xTaskGetTickCount)
    xTaskGetTickCountFromISR                 0x08009bbd   Thumb Code    12  tasks.o(i.xTaskGetTickCountFromISR)
    xTaskIncrementTick                       0x08009bcd   Thumb Code   192  tasks.o(i.xTaskIncrementTick)
    xTaskPriorityDisinherit                  0x08009c95   Thumb Code   118  tasks.o(i.xTaskPriorityDisinherit)
    xTaskPriorityInherit                     0x08009d15   Thumb Code   112  tasks.o(i.xTaskPriorityInherit)
    xTaskRemoveFromEventList                 0x08009d8d   Thumb Code    98  tasks.o(i.xTaskRemoveFromEventList)
    xTaskResumeAll                           0x08009dfd   Thumb Code   182  tasks.o(i.xTaskResumeAll)
    xTimerCreateTimerTask                    0x08009ec1   Thumb Code    78  timers.o(i.xTimerCreateTimerTask)
    xTimerGenericCommand                     0x08009f21   Thumb Code    98  timers.o(i.xTimerGenericCommand)
    xTimerPendFunctionCallFromISR            0x08009f89   Thumb Code    34  timers.o(i.xTimerPendFunctionCallFromISR)
    _get_lc_numeric                          0x08009fb1   Thumb Code    44  lc_numeric_c.o(locale$$code)
    _get_lc_ctype                            0x08009fdd   Thumb Code    44  lc_ctype_c.o(locale$$code)
    __fpl_dretinf                            0x0800a009   Thumb Code    12  dretinf.o(x$fpl$dretinf)
    __aeabi_f2d                              0x0800a015   Thumb Code     0  f2d.o(x$fpl$f2d)
    _f2d                                     0x0800a015   Thumb Code    86  f2d.o(x$fpl$f2d)
    __fpl_fnaninf                            0x0800a06b   Thumb Code   140  fnaninf.o(x$fpl$fnaninf)
    _fp_init                                 0x0800a0f7   Thumb Code    10  fpinit.o(x$fpl$fpinit)
    __fplib_config_fpu_vfp                   0x0800a0ff   Thumb Code     0  fpinit.o(x$fpl$fpinit)
    __fplib_config_pureend_doubles           0x0800a0ff   Thumb Code     0  fpinit.o(x$fpl$fpinit)
    _printf_fp_dec                           0x0800a101   Thumb Code     4  printf1.o(x$fpl$printf1)
    _printf_fp_hex                           0x0800a105   Thumb Code     4  printf2.o(x$fpl$printf2)
    __I$use$fp                               0x0800a108   Number         0  usenofp.o(x$fpl$usenofp)
    bme280Task_attributes                    0x0800a108   Data          36  freertos.o(.constdata)
    lightTask_attributes                     0x0800a12c   Data          36  freertos.o(.constdata)
    pm25Task_attributes                      0x0800a150   Data          36  freertos.o(.constdata)
    distributorTask_attributes               0x0800a174   Data          36  freertos.o(.constdata)
    lcdTask_attributes                       0x0800a198   Data          36  freertos.o(.constdata)
    uartTask_attributes                      0x0800a1bc   Data          36  freertos.o(.constdata)
    cmdTask_attributes                       0x0800a1e0   Data          36  freertos.o(.constdata)
    fanTask_attributes                       0x0800a204   Data          36  freertos.o(.constdata)
    monitorTask_attributes                   0x0800a228   Data          36  freertos.o(.constdata)
    AHBPrescTable                            0x0800a9c4   Data          16  system_stm32f4xx.o(.constdata)
    APBPrescTable                            0x0800a9d4   Data           8  system_stm32f4xx.o(.constdata)
    Region$$Table$$Base                      0x0800ab40   Number         0  anon$$obj.o(Region$$Table)
    Region$$Table$$Limit                     0x0800ab60   Number         0  anon$$obj.o(Region$$Table)
    __ctype                                  0x0800ab89   Data           0  lc_ctype_c.o(locale$$data)
    cmdQueueHandle                           0x20000014   Data           4  freertos.o(.data)
    bme280TaskHandle                         0x20000020   Data           4  freertos.o(.data)
    lightTaskHandle                          0x20000024   Data           4  freertos.o(.data)
    pm25TaskHandle                           0x20000028   Data           4  freertos.o(.data)
    distributorTaskHandle                    0x2000002c   Data           4  freertos.o(.data)
    lcdTaskHandle                            0x20000030   Data           4  freertos.o(.data)
    uartTaskHandle                           0x20000034   Data           4  freertos.o(.data)
    cmdTaskHandle                            0x20000038   Data           4  freertos.o(.data)
    fanTaskHandle                            0x2000003c   Data           4  freertos.o(.data)
    monitorTaskHandle                        0x20000040   Data           4  freertos.o(.data)
    uwTickFreq                               0x2000006c   Data           1  stm32f4xx_hal.o(.data)
    uwTickPrio                               0x20000070   Data           4  stm32f4xx_hal.o(.data)
    uwTick                                   0x20000074   Data           4  stm32f4xx_hal.o(.data)
    pFlash                                   0x20000078   Data          32  stm32f4xx_hal_flash.o(.data)
    SystemCoreClock                          0x20000098   Data           4  system_stm32f4xx.o(.data)
    pxCurrentTCB                             0x2000009c   Data           4  tasks.o(.data)
    hadc1                                    0x200003ec   Data          72  adc.o(.bss)
    hi2c1                                    0x20000434   Data          84  i2c.o(.bss)
    htim2                                    0x20000488   Data          72  tim.o(.bss)
    huart1                                   0x20000530   Data          72  usart.o(.bss)
    huart2                                   0x20000578   Data          72  usart.o(.bss)
    hdma_usart2_rx                           0x200005c0   Data          96  usart.o(.bss)
    hdma_usart2_tx                           0x20000620   Data          96  usart.o(.bss)
    xQueueRegistry                           0x20000ed8   Data          64  queue.o(.bss)
    __libspace_start                         0x200057ac   Data          96  libspace.o(.bss)
    __temporary_stack_top$libspace           0x2000580c   Data           0  libspace.o(.bss)



==============================================================================

Memory Map of the image

  Image Entry point : 0x08000189

  Load Region LR_IROM1 (Base: 0x08000000, Size: 0x0000ada8, Max: 0x00080000, ABSOLUTE)

    Execution Region ER_IROM1 (Exec base: 0x08000000, Load base: 0x08000000, Size: 0x0000ac8c, Max: 0x00080000, ABSOLUTE)

    Exec Addr    Load Addr    Size         Type   Attr      Idx    E Section Name        Object

    0x08000000   0x08000000   0x00000188   Data   RO            3    RESET               startup_stm32f407xx.o
    0x08000188   0x08000188   0x00000008   Code   RO         6448  * !!!main             c_w.l(__main.o)
    0x08000190   0x08000190   0x00000034   Code   RO         6758    !!!scatter          c_w.l(__scatter.o)
    0x080001c4   0x080001c4   0x0000001a   Code   RO         6760    !!handler_copy      c_w.l(__scatter_copy.o)
    0x080001de   0x080001de   0x00000002   PAD
    0x080001e0   0x080001e0   0x0000001c   Code   RO         6762    !!handler_zi        c_w.l(__scatter_zi.o)
    0x080001fc   0x080001fc   0x00000000   Code   RO         6425    .ARM.Collect$$_printf_percent$$00000000  c_w.l(_printf_percent.o)
    0x080001fc   0x080001fc   0x00000006   Code   RO         6510    .ARM.Collect$$_printf_percent$$00000001  c_w.l(_printf_n.o)
    0x08000202   0x08000202   0x00000006   Code   RO         6512    .ARM.Collect$$_printf_percent$$00000002  c_w.l(_printf_p.o)
    0x08000208   0x08000208   0x00000006   Code   RO         6424    .ARM.Collect$$_printf_percent$$00000003  c_w.l(_printf_f.o)
    0x0800020e   0x0800020e   0x00000006   Code   RO         6515    .ARM.Collect$$_printf_percent$$00000004  c_w.l(_printf_e.o)
    0x08000214   0x08000214   0x00000006   Code   RO         6516    .ARM.Collect$$_printf_percent$$00000005  c_w.l(_printf_g.o)
    0x0800021a   0x0800021a   0x00000006   Code   RO         6517    .ARM.Collect$$_printf_percent$$00000006  c_w.l(_printf_a.o)
    0x08000220   0x08000220   0x0000000a   Code   RO         6522    .ARM.Collect$$_printf_percent$$00000007  c_w.l(_printf_ll.o)
    0x0800022a   0x0800022a   0x00000006   Code   RO         6514    .ARM.Collect$$_printf_percent$$00000008  c_w.l(_printf_i.o)
    0x08000230   0x08000230   0x00000006   Code   RO         6422    .ARM.Collect$$_printf_percent$$00000009  c_w.l(_printf_d.o)
    0x08000236   0x08000236   0x00000006   Code   RO         6423    .ARM.Collect$$_printf_percent$$0000000A  c_w.l(_printf_u.o)
    0x0800023c   0x0800023c   0x00000006   Code   RO         6513    .ARM.Collect$$_printf_percent$$0000000B  c_w.l(_printf_o.o)
    0x08000242   0x08000242   0x00000006   Code   RO         6511    .ARM.Collect$$_printf_percent$$0000000C  c_w.l(_printf_x.o)
    0x08000248   0x08000248   0x00000006   Code   RO         6519    .ARM.Collect$$_printf_percent$$0000000D  c_w.l(_printf_lli.o)
    0x0800024e   0x0800024e   0x00000006   Code   RO         6520    .ARM.Collect$$_printf_percent$$0000000E  c_w.l(_printf_lld.o)
    0x08000254   0x08000254   0x00000006   Code   RO         6521    .ARM.Collect$$_printf_percent$$0000000F  c_w.l(_printf_llu.o)
    0x0800025a   0x0800025a   0x00000006   Code   RO         6526    .ARM.Collect$$_printf_percent$$00000010  c_w.l(_printf_llo.o)
    0x08000260   0x08000260   0x00000006   Code   RO         6527    .ARM.Collect$$_printf_percent$$00000011  c_w.l(_printf_llx.o)
    0x08000266   0x08000266   0x0000000a   Code   RO         6523    .ARM.Collect$$_printf_percent$$00000012  c_w.l(_printf_l.o)
    0x08000270   0x08000270   0x00000006   Code   RO         6509    .ARM.Collect$$_printf_percent$$00000013  c_w.l(_printf_c.o)
    0x08000276   0x08000276   0x00000006   Code   RO         6421    .ARM.Collect$$_printf_percent$$00000014  c_w.l(_printf_s.o)
    0x0800027c   0x0800027c   0x00000006   Code   RO         6524    .ARM.Collect$$_printf_percent$$00000015  c_w.l(_printf_lc.o)
    0x08000282   0x08000282   0x00000006   Code   RO         6525    .ARM.Collect$$_printf_percent$$00000016  c_w.l(_printf_ls.o)
    0x08000288   0x08000288   0x00000004   Code   RO         6518    .ARM.Collect$$_printf_percent$$00000017  c_w.l(_printf_percent_end.o)
    0x0800028c   0x0800028c   0x00000002   Code   RO         6626    .ARM.Collect$$libinit$$00000000  c_w.l(libinit.o)
    0x0800028e   0x0800028e   0x00000004   Code   RO         6627    .ARM.Collect$$libinit$$00000001  c_w.l(libinit2.o)
    0x08000292   0x08000292   0x00000000   Code   RO         6630    .ARM.Collect$$libinit$$00000004  c_w.l(libinit2.o)
    0x08000292   0x08000292   0x00000000   Code   RO         6633    .ARM.Collect$$libinit$$0000000A  c_w.l(libinit2.o)
    0x08000292   0x08000292   0x00000000   Code   RO         6635    .ARM.Collect$$libinit$$0000000C  c_w.l(libinit2.o)
    0x08000292   0x08000292   0x00000000   Code   RO         6637    .ARM.Collect$$libinit$$0000000E  c_w.l(libinit2.o)
    0x08000292   0x08000292   0x00000006   Code   RO         6638    .ARM.Collect$$libinit$$0000000F  c_w.l(libinit2.o)
    0x08000298   0x08000298   0x00000000   Code   RO         6640    .ARM.Collect$$libinit$$00000011  c_w.l(libinit2.o)
    0x08000298   0x08000298   0x0000000c   Code   RO         6641    .ARM.Collect$$libinit$$00000012  c_w.l(libinit2.o)
    0x080002a4   0x080002a4   0x00000000   Code   RO         6642    .ARM.Collect$$libinit$$00000013  c_w.l(libinit2.o)
    0x080002a4   0x080002a4   0x00000000   Code   RO         6644    .ARM.Collect$$libinit$$00000015  c_w.l(libinit2.o)
    0x080002a4   0x080002a4   0x0000000a   Code   RO         6645    .ARM.Collect$$libinit$$00000016  c_w.l(libinit2.o)
    0x080002ae   0x080002ae   0x00000000   Code   RO         6646    .ARM.Collect$$libinit$$00000017  c_w.l(libinit2.o)
    0x080002ae   0x080002ae   0x00000000   Code   RO         6648    .ARM.Collect$$libinit$$00000019  c_w.l(libinit2.o)
    0x080002ae   0x080002ae   0x00000000   Code   RO         6650    .ARM.Collect$$libinit$$0000001B  c_w.l(libinit2.o)
    0x080002ae   0x080002ae   0x00000000   Code   RO         6652    .ARM.Collect$$libinit$$0000001D  c_w.l(libinit2.o)
    0x080002ae   0x080002ae   0x00000000   Code   RO         6654    .ARM.Collect$$libinit$$0000001F  c_w.l(libinit2.o)
    0x080002ae   0x080002ae   0x00000000   Code   RO         6656    .ARM.Collect$$libinit$$00000021  c_w.l(libinit2.o)
    0x080002ae   0x080002ae   0x00000000   Code   RO         6658    .ARM.Collect$$libinit$$00000023  c_w.l(libinit2.o)
    0x080002ae   0x080002ae   0x00000000   Code   RO         6660    .ARM.Collect$$libinit$$00000025  c_w.l(libinit2.o)
    0x080002ae   0x080002ae   0x00000000   Code   RO         6664    .ARM.Collect$$libinit$$0000002C  c_w.l(libinit2.o)
    0x080002ae   0x080002ae   0x00000000   Code   RO         6666    .ARM.Collect$$libinit$$0000002E  c_w.l(libinit2.o)
    0x080002ae   0x080002ae   0x00000000   Code   RO         6668    .ARM.Collect$$libinit$$00000030  c_w.l(libinit2.o)
    0x080002ae   0x080002ae   0x00000000   Code   RO         6670    .ARM.Collect$$libinit$$00000032  c_w.l(libinit2.o)
    0x080002ae   0x080002ae   0x00000002   Code   RO         6671    .ARM.Collect$$libinit$$00000033  c_w.l(libinit2.o)
    0x080002b0   0x080002b0   0x00000002   Code   RO         6721    .ARM.Collect$$libshutdown$$00000000  c_w.l(libshutdown.o)
    0x080002b2   0x080002b2   0x00000000   Code   RO         6739    .ARM.Collect$$libshutdown$$00000002  c_w.l(libshutdown2.o)
    0x080002b2   0x080002b2   0x00000000   Code   RO         6741    .ARM.Collect$$libshutdown$$00000004  c_w.l(libshutdown2.o)
    0x080002b2   0x080002b2   0x00000000   Code   RO         6743    .ARM.Collect$$libshutdown$$00000006  c_w.l(libshutdown2.o)
    0x080002b2   0x080002b2   0x00000000   Code   RO         6746    .ARM.Collect$$libshutdown$$00000009  c_w.l(libshutdown2.o)
    0x080002b2   0x080002b2   0x00000000   Code   RO         6749    .ARM.Collect$$libshutdown$$0000000C  c_w.l(libshutdown2.o)
    0x080002b2   0x080002b2   0x00000000   Code   RO         6751    .ARM.Collect$$libshutdown$$0000000E  c_w.l(libshutdown2.o)
    0x080002b2   0x080002b2   0x00000000   Code   RO         6754    .ARM.Collect$$libshutdown$$00000011  c_w.l(libshutdown2.o)
    0x080002b2   0x080002b2   0x00000002   Code   RO         6755    .ARM.Collect$$libshutdown$$00000012  c_w.l(libshutdown2.o)
    0x080002b4   0x080002b4   0x00000000   Code   RO         6454    .ARM.Collect$$rtentry$$00000000  c_w.l(__rtentry.o)
    0x080002b4   0x080002b4   0x00000000   Code   RO         6540    .ARM.Collect$$rtentry$$00000002  c_w.l(__rtentry2.o)
    0x080002b4   0x080002b4   0x00000006   Code   RO         6552    .ARM.Collect$$rtentry$$00000004  c_w.l(__rtentry4.o)
    0x080002ba   0x080002ba   0x00000000   Code   RO         6542    .ARM.Collect$$rtentry$$00000009  c_w.l(__rtentry2.o)
    0x080002ba   0x080002ba   0x00000004   Code   RO         6543    .ARM.Collect$$rtentry$$0000000A  c_w.l(__rtentry2.o)
    0x080002be   0x080002be   0x00000000   Code   RO         6545    .ARM.Collect$$rtentry$$0000000C  c_w.l(__rtentry2.o)
    0x080002be   0x080002be   0x00000008   Code   RO         6546    .ARM.Collect$$rtentry$$0000000D  c_w.l(__rtentry2.o)
    0x080002c6   0x080002c6   0x00000002   Code   RO         6672    .ARM.Collect$$rtexit$$00000000  c_w.l(rtexit.o)
    0x080002c8   0x080002c8   0x00000000   Code   RO         6690    .ARM.Collect$$rtexit$$00000002  c_w.l(rtexit2.o)
    0x080002c8   0x080002c8   0x00000004   Code   RO         6691    .ARM.Collect$$rtexit$$00000003  c_w.l(rtexit2.o)
    0x080002cc   0x080002cc   0x00000006   Code   RO         6692    .ARM.Collect$$rtexit$$00000004  c_w.l(rtexit2.o)
    0x080002d2   0x080002d2   0x00000002   PAD
    0x080002d4   0x080002d4   0x00000096   Code   RO         6306    .emb_text           port.o
    0x0800036a   0x0800036a   0x00000002   PAD
    0x0800036c   0x0800036c   0x00000040   Code   RO            4    .text               startup_stm32f407xx.o
    0x080003ac   0x080003ac   0x000000ee   Code   RO         6385    .text               c_w.l(lludivv7m.o)
    0x0800049a   0x0800049a   0x00000048   Code   RO         6387    .text               c_w.l(llsdiv.o)
    0x080004e2   0x080004e2   0x00000002   PAD
    0x080004e4   0x080004e4   0x00000034   Code   RO         6389    .text               c_w.l(vsnprintf.o)
    0x08000518   0x08000518   0x00000038   Code   RO         6391    .text               c_w.l(__2snprintf.o)
    0x08000550   0x08000550   0x00000052   Code   RO         6397    .text               c_w.l(_printf_str.o)
    0x080005a2   0x080005a2   0x00000002   PAD
    0x080005a4   0x080005a4   0x00000078   Code   RO         6399    .text               c_w.l(_printf_dec.o)
    0x0800061c   0x0800061c   0x00000188   Code   RO         6418    .text               c_w.l(__printf_flags_ss_wp.o)
    0x080007a4   0x080007a4   0x00000058   Code   RO         6426    .text               c_w.l(memcmp.o)
    0x080007fc   0x080007fc   0x0000003e   Code   RO         6428    .text               c_w.l(strlen.o)
    0x0800083a   0x0800083a   0x00000096   Code   RO         6430    .text               c_w.l(strncmp.o)
    0x080008d0   0x080008d0   0x0000008a   Code   RO         6432    .text               c_w.l(rt_memcpy_v6.o)
    0x0800095a   0x0800095a   0x00000064   Code   RO         6434    .text               c_w.l(rt_memcpy_w.o)
    0x080009be   0x080009be   0x00000010   Code   RO         6438    .text               c_w.l(aeabi_memset.o)
    0x080009ce   0x080009ce   0x00000044   Code   RO         6440    .text               c_w.l(rt_memclr.o)
    0x08000a12   0x08000a12   0x0000004e   Code   RO         6442    .text               c_w.l(rt_memclr_w.o)
    0x08000a60   0x08000a60   0x00000056   Code   RO         6444    .text               c_w.l(strncpy.o)
    0x08000ab6   0x08000ab6   0x00000006   Code   RO         6446    .text               c_w.l(heapauxi.o)
    0x08000abc   0x08000abc   0x0000004e   Code   RO         6459    .text               c_w.l(_printf_pad.o)
    0x08000b0a   0x08000b0a   0x00000024   Code   RO         6461    .text               c_w.l(_printf_truncate.o)
    0x08000b2e   0x08000b2e   0x000000b2   Code   RO         6463    .text               c_w.l(_printf_intcommon.o)
    0x08000be0   0x08000be0   0x00000028   Code   RO         6465    .text               c_w.l(_printf_charcount.o)
    0x08000c08   0x08000c08   0x0000041e   Code   RO         6467    .text               c_w.l(_printf_fp_dec.o)
    0x08001026   0x08001026   0x00000002   PAD
    0x08001028   0x08001028   0x00000030   Code   RO         6469    .text               c_w.l(_printf_char_common.o)
    0x08001058   0x08001058   0x0000000a   Code   RO         6471    .text               c_w.l(_sputc.o)
    0x08001062   0x08001062   0x00000010   Code   RO         6473    .text               c_w.l(_snputc.o)
    0x08001072   0x08001072   0x0000002c   Code   RO         6475    .text               c_w.l(_printf_char.o)
    0x0800109e   0x0800109e   0x00000002   PAD
    0x080010a0   0x080010a0   0x000000bc   Code   RO         6477    .text               c_w.l(_printf_wctomb.o)
    0x0800115c   0x0800115c   0x0000007c   Code   RO         6480    .text               c_w.l(_printf_longlong_dec.o)
    0x080011d8   0x080011d8   0x00000070   Code   RO         6486    .text               c_w.l(_printf_oct_int_ll.o)
    0x08001248   0x08001248   0x00000094   Code   RO         6506    .text               c_w.l(_printf_hex_int_ll_ptr.o)
    0x080012dc   0x080012dc   0x00000008   Code   RO         6559    .text               c_w.l(rt_locale_intlibspace.o)
    0x080012e4   0x080012e4   0x0000008a   Code   RO         6561    .text               c_w.l(lludiv10.o)
    0x0800136e   0x0800136e   0x00000002   PAD
    0x08001370   0x08001370   0x000002fc   Code   RO         6563    .text               c_w.l(_printf_fp_hex.o)
    0x0800166c   0x0800166c   0x00000080   Code   RO         6566    .text               c_w.l(_printf_fp_infnan.o)
    0x080016ec   0x080016ec   0x0000002c   Code   RO         6570    .text               c_w.l(_printf_wchar.o)
    0x08001718   0x08001718   0x000000e4   Code   RO         6572    .text               c_w.l(bigflt0.o)
    0x080017fc   0x080017fc   0x00000040   Code   RO         6597    .text               c_w.l(_wcrtomb.o)
    0x0800183c   0x0800183c   0x00000008   Code   RO         6606    .text               c_w.l(libspace.o)
    0x08001844   0x08001844   0x0000004a   Code   RO         6609    .text               c_w.l(sys_stackheap_outer.o)
    0x0800188e   0x0800188e   0x00000002   PAD
    0x08001890   0x08001890   0x00000010   Code   RO         6611    .text               c_w.l(rt_ctype_table.o)
    0x080018a0   0x080018a0   0x00000012   Code   RO         6613    .text               c_w.l(exit.o)
    0x080018b2   0x080018b2   0x00000002   PAD
    0x080018b4   0x080018b4   0x00000080   Code   RO         6619    .text               c_w.l(strcmpv7m.o)
    0x08001934   0x08001934   0x0000000c   Code   RO         6687    .text               c_w.l(sys_exit.o)
    0x08001940   0x08001940   0x00000002   Code   RO         6708    .text               c_w.l(use_no_semi.o)
    0x08001942   0x08001942   0x00000000   Code   RO         6710    .text               c_w.l(indicate_semi.o)
    0x08001942   0x08001942   0x0000003e   Code   RO         6575    CL$$btod_d2e        c_w.l(btod.o)
    0x08001980   0x08001980   0x00000046   Code   RO         6577    CL$$btod_d2e_denorm_low  c_w.l(btod.o)
    0x080019c6   0x080019c6   0x00000060   Code   RO         6576    CL$$btod_d2e_norm_op1  c_w.l(btod.o)
    0x08001a26   0x08001a26   0x00000338   Code   RO         6585    CL$$btod_div_common  c_w.l(btod.o)
    0x08001d5e   0x08001d5e   0x000000dc   Code   RO         6582    CL$$btod_e2e        c_w.l(btod.o)
    0x08001e3a   0x08001e3a   0x0000002a   Code   RO         6579    CL$$btod_ediv       c_w.l(btod.o)
    0x08001e64   0x08001e64   0x0000002a   Code   RO         6578    CL$$btod_emul       c_w.l(btod.o)
    0x08001e8e   0x08001e8e   0x00000244   Code   RO         6584    CL$$btod_mult_common  c_w.l(btod.o)
    0x080020d2   0x080020d2   0x00000002   PAD
    0x080020d4   0x080020d4   0x00000128   Code   RO         2490    i.ADC_Init          stm32f4xx_hal_adc.o
    0x080021fc   0x080021fc   0x0000001c   Code   RO          915    i.ADC_SelectChannel  adc.o
    0x08002218   0x08002218   0x00000048   Code   RO          247    i.ADC_ToLux         freertos.o
    0x08002260   0x08002260   0x00000054   Code   RO          248    i.ADC_ToPM25        freertos.o
    0x080022b4   0x080022b4   0x00000024   Code   RO          249    i.ADC_ToVoltage     freertos.o
    0x080022d8   0x080022d8   0x0000004c   Code   RO          422    i.BME280_Init       bme280.o
    0x08002324   0x08002324   0x000000ac   Code   RO          423    i.BME280_ReadCalibData  bme280.o
    0x080023d0   0x080023d0   0x000002ac   Code   RO          424    i.BME280_ReadData   bme280.o
    0x0800267c   0x0800267c   0x0000001c   Code   RO          427    i.BME280_ReadReg    bme280.o
    0x08002698   0x08002698   0x00000024   Code   RO          429    i.BME280_WriteReg   bme280.o
    0x080026bc   0x080026bc   0x00000002   Code   RO         1303    i.BusFault_Handler  stm32f4xx_it.o
    0x080026be   0x080026be   0x00000002   PAD
    0x080026c0   0x080026c0   0x0000020c   Code   RO          829    i.DIAG_RunAll       diagnostic.o
    0x080028cc   0x080028cc   0x00000028   Code   RO          830    i.DIAG_TestADC      diagnostic.o
    0x080028f4   0x080028f4   0x00000018   Code   RO          831    i.DIAG_TestFSMC     diagnostic.o
    0x0800290c   0x0800290c   0x00000020   Code   RO          832    i.DIAG_TestFlash    diagnostic.o
    0x0800292c   0x0800292c   0x00000038   Code   RO          833    i.DIAG_TestI2C      diagnostic.o
    0x08002964   0x08002964   0x00000038   Code   RO          834    i.DIAG_TestLCD      diagnostic.o
    0x0800299c   0x0800299c   0x0000002a   Code   RO          835    i.DIAG_TestMotor    diagnostic.o
    0x080029c6   0x080029c6   0x00000016   Code   RO          836    i.DIAG_TestSensor   diagnostic.o
    0x080029dc   0x080029dc   0x00000058   Code   RO          837    i.DIAG_TestUART     diagnostic.o
    0x08002a34   0x08002a34   0x0000000c   Code   RO         1304    i.DMA1_Stream5_IRQHandler  stm32f4xx_it.o
    0x08002a40   0x08002a40   0x0000000c   Code   RO         1305    i.DMA1_Stream6_IRQHandler  stm32f4xx_it.o
    0x08002a4c   0x08002a4c   0x00000028   Code   RO         3170    i.DMA_CalcBaseAndBitshift  stm32f4xx_hal_dma.o
    0x08002a74   0x08002a74   0x00000054   Code   RO         3171    i.DMA_CheckFifoParam  stm32f4xx_hal_dma.o
    0x08002ac8   0x08002ac8   0x00000028   Code   RO         3172    i.DMA_SetConfig     stm32f4xx_hal_dma.o
    0x08002af0   0x08002af0   0x00000002   Code   RO         1306    i.DebugMon_Handler  stm32f4xx_it.o
    0x08002af2   0x08002af2   0x00000004   Code   RO           13    i.Error_Handler     main.o
    0x08002af6   0x08002af6   0x00000002   PAD
    0x08002af8   0x08002af8   0x00000050   Code   RO         3667    i.FLASH_Erase_Sector  stm32f4xx_hal_flash_ex.o
    0x08002b48   0x08002b48   0x00000054   Code   RO         3668    i.FLASH_FlushCaches  stm32f4xx_hal_flash_ex.o
    0x08002b9c   0x08002b9c   0x00000028   Code   RO         3669    i.FLASH_MassErase   stm32f4xx_hal_flash_ex.o
    0x08002bc4   0x08002bc4   0x00000020   Code   RO         3549    i.FLASH_Program_Byte  stm32f4xx_hal_flash.o
    0x08002be4   0x08002be4   0x0000002c   Code   RO         3550    i.FLASH_Program_DoubleWord  stm32f4xx_hal_flash.o
    0x08002c10   0x08002c10   0x00000024   Code   RO         3551    i.FLASH_Program_HalfWord  stm32f4xx_hal_flash.o
    0x08002c34   0x08002c34   0x00000024   Code   RO         3552    i.FLASH_Program_Word  stm32f4xx_hal_flash.o
    0x08002c58   0x08002c58   0x00000068   Code   RO         3553    i.FLASH_SetErrorCode  stm32f4xx_hal_flash.o
    0x08002cc0   0x08002cc0   0x00000050   Code   RO         3554    i.FLASH_WaitForLastOperation  stm32f4xx_hal_flash.o
    0x08002d10   0x08002d10   0x0000000c   Code   RO         1053    i.GetFanMode        usart.o
    0x08002d1c   0x08002d1c   0x0000000c   Code   RO         1054    i.GetManualFanSpeed  usart.o
    0x08002d28   0x08002d28   0x0000014c   Code   RO         2492    i.HAL_ADC_ConfigChannel  stm32f4xx_hal_adc.o
    0x08002e74   0x08002e74   0x00000006   Code   RO         2499    i.HAL_ADC_GetValue  stm32f4xx_hal_adc.o
    0x08002e7a   0x08002e7a   0x00000054   Code   RO         2501    i.HAL_ADC_Init      stm32f4xx_hal_adc.o
    0x08002ece   0x08002ece   0x00000002   PAD
    0x08002ed0   0x08002ed0   0x00000060   Code   RO          916    i.HAL_ADC_MspInit   adc.o
    0x08002f30   0x08002f30   0x000000aa   Code   RO         2505    i.HAL_ADC_PollForConversion  stm32f4xx_hal_adc.o
    0x08002fda   0x08002fda   0x00000002   PAD
    0x08002fdc   0x08002fdc   0x000000fc   Code   RO         2507    i.HAL_ADC_Start     stm32f4xx_hal_adc.o
    0x080030d8   0x080030d8   0x0000003c   Code   RO         2510    i.HAL_ADC_Stop      stm32f4xx_hal_adc.o
    0x08003114   0x08003114   0x00000092   Code   RO         3173    i.HAL_DMA_Abort     stm32f4xx_hal_dma.o
    0x080031a6   0x080031a6   0x00000024   Code   RO         3174    i.HAL_DMA_Abort_IT  stm32f4xx_hal_dma.o
    0x080031ca   0x080031ca   0x00000002   PAD
    0x080031cc   0x080031cc   0x000001a0   Code   RO         3178    i.HAL_DMA_IRQHandler  stm32f4xx_hal_dma.o
    0x0800336c   0x0800336c   0x000000d4   Code   RO         3179    i.HAL_DMA_Init      stm32f4xx_hal_dma.o
    0x08003440   0x08003440   0x0000006e   Code   RO         3183    i.HAL_DMA_Start_IT  stm32f4xx_hal_dma.o
    0x080034ae   0x080034ae   0x00000002   PAD
    0x080034b0   0x080034b0   0x00000034   Code   RO         1409    i.HAL_Delay         stm32f4xx_hal_timebase_tim.o
    0x080034e4   0x080034e4   0x00000098   Code   RO         3670    i.HAL_FLASHEx_Erase  stm32f4xx_hal_flash_ex.o
    0x0800357c   0x0800357c   0x00000014   Code   RO         3558    i.HAL_FLASH_Lock    stm32f4xx_hal_flash.o
    0x08003590   0x08003590   0x0000007c   Code   RO         3563    i.HAL_FLASH_Program  stm32f4xx_hal_flash.o
    0x0800360c   0x0800360c   0x0000002c   Code   RO         3565    i.HAL_FLASH_Unlock  stm32f4xx_hal_flash.o
    0x08003638   0x08003638   0x000001f0   Code   RO         3107    i.HAL_GPIO_Init     stm32f4xx_hal_gpio.o
    0x08003828   0x08003828   0x0000000a   Code   RO         3111    i.HAL_GPIO_WritePin  stm32f4xx_hal_gpio.o
    0x08003832   0x08003832   0x00000016   Code   RO         1410    i.HAL_GetTick       stm32f4xx_hal_timebase_tim.o
    0x08003848   0x08003848   0x00000188   Code   RO         3810    i.HAL_I2C_Init      stm32f4xx_hal_i2c.o
    0x080039d0   0x080039d0   0x00000204   Code   RO         3828    i.HAL_I2C_Mem_Read  stm32f4xx_hal_i2c.o
    0x08003bd4   0x08003bd4   0x00000130   Code   RO         3831    i.HAL_I2C_Mem_Write  stm32f4xx_hal_i2c.o
    0x08003d04   0x08003d04   0x00000068   Code   RO          981    i.HAL_I2C_MspInit   i2c.o
    0x08003d6c   0x08003d6c   0x00000034   Code   RO         2782    i.HAL_Init          stm32f4xx_hal.o
    0x08003da0   0x08003da0   0x00000004   Code   RO         1411    i.HAL_InitTick      stm32f4xx_hal_timebase_tim.o
    0x08003da4   0x08003da4   0x00000030   Code   RO         1379    i.HAL_MspInit       stm32f4xx_hal_msp.o
    0x08003dd4   0x08003dd4   0x0000001a   Code   RO         3284    i.HAL_NVIC_EnableIRQ  stm32f4xx_hal_cortex.o
    0x08003dee   0x08003dee   0x00000002   PAD
    0x08003df0   0x08003df0   0x00000040   Code   RO         3290    i.HAL_NVIC_SetPriority  stm32f4xx_hal_cortex.o
    0x08003e30   0x08003e30   0x00000024   Code   RO         3291    i.HAL_NVIC_SetPriorityGrouping  stm32f4xx_hal_cortex.o
    0x08003e54   0x08003e54   0x00000134   Code   RO         2949    i.HAL_RCC_ClockConfig  stm32f4xx_hal_rcc.o
    0x08003f88   0x08003f88   0x00000020   Code   RO         2956    i.HAL_RCC_GetPCLK1Freq  stm32f4xx_hal_rcc.o
    0x08003fa8   0x08003fa8   0x00000020   Code   RO         2957    i.HAL_RCC_GetPCLK2Freq  stm32f4xx_hal_rcc.o
    0x08003fc8   0x08003fc8   0x00000060   Code   RO         2958    i.HAL_RCC_GetSysClockFreq  stm32f4xx_hal_rcc.o
    0x08004028   0x08004028   0x0000036c   Code   RO         2961    i.HAL_RCC_OscConfig  stm32f4xx_hal_rcc.o
    0x08004394   0x08004394   0x00000090   Code   RO         2239    i.HAL_TIMEx_MasterConfigSynchronization  stm32f4xx_hal_tim_ex.o
    0x08004424   0x08004424   0x00000002   Code   RO         1380    i.HAL_TIM_MspPostInit  stm32f4xx_hal_msp.o
    0x08004426   0x08004426   0x000000cc   Code   RO         1588    i.HAL_TIM_PWM_ConfigChannel  stm32f4xx_hal_tim.o
    0x080044f2   0x080044f2   0x0000005a   Code   RO         1591    i.HAL_TIM_PWM_Init  stm32f4xx_hal_tim.o
    0x0800454c   0x0800454c   0x00000064   Code   RO         1017    i.HAL_TIM_PWM_MspInit  tim.o
    0x080045b0   0x080045b0   0x000000c8   Code   RO         1596    i.HAL_TIM_PWM_Start  stm32f4xx_hal_tim.o
    0x08004678   0x08004678   0x0000004a   Code   RO         4246    i.HAL_UARTEx_ReceiveToIdle_DMA  stm32f4xx_hal_uart.o
    0x080046c2   0x080046c2   0x00000002   PAD
    0x080046c4   0x080046c4   0x0000003c   Code   RO         1055    i.HAL_UARTEx_RxEventCallback  usart.o
    0x08004700   0x08004700   0x00000002   Code   RO         4262    i.HAL_UART_ErrorCallback  stm32f4xx_hal_uart.o
    0x08004702   0x08004702   0x00000002   PAD
    0x08004704   0x08004704   0x00000280   Code   RO         4265    i.HAL_UART_IRQHandler  stm32f4xx_hal_uart.o
    0x08004984   0x08004984   0x00000064   Code   RO         4266    i.HAL_UART_Init     stm32f4xx_hal_uart.o
    0x080049e8   0x080049e8   0x00000154   Code   RO         1057    i.HAL_UART_MspInit  usart.o
    0x08004b3c   0x08004b3c   0x000000b0   Code   RO         4269    i.HAL_UART_Receive  stm32f4xx_hal_uart.o
    0x08004bec   0x08004bec   0x00000002   Code   RO         4272    i.HAL_UART_RxCpltCallback  stm32f4xx_hal_uart.o
    0x08004bee   0x08004bee   0x00000002   Code   RO         4273    i.HAL_UART_RxHalfCpltCallback  stm32f4xx_hal_uart.o
    0x08004bf0   0x08004bf0   0x000000a0   Code   RO         4274    i.HAL_UART_Transmit  stm32f4xx_hal_uart.o
    0x08004c90   0x08004c90   0x00000002   Code   RO         4277    i.HAL_UART_TxCpltCallback  stm32f4xx_hal_uart.o
    0x08004c92   0x08004c92   0x00000002   PAD
    0x08004c94   0x08004c94   0x00000110   Code   RO         1058    i.HC05_SoftInit     usart.o
    0x08004da4   0x08004da4   0x00000002   Code   RO         1307    i.HardFault_Handler  stm32f4xx_it.o
    0x08004da6   0x08004da6   0x0000002e   Code   RO         3853    i.I2C_IsAcknowledgeFailed  stm32f4xx_hal_i2c.o
    0x08004dd4   0x08004dd4   0x000000fc   Code   RO         3863    i.I2C_RequestMemoryRead  stm32f4xx_hal_i2c.o
    0x08004ed0   0x08004ed0   0x000000a8   Code   RO         3864    i.I2C_RequestMemoryWrite  stm32f4xx_hal_i2c.o
    0x08004f78   0x08004f78   0x00000056   Code   RO         3868    i.I2C_WaitOnBTFFlagUntilTimeout  stm32f4xx_hal_i2c.o
    0x08004fce   0x08004fce   0x00000002   PAD
    0x08004fd0   0x08004fd0   0x00000090   Code   RO         3869    i.I2C_WaitOnFlagUntilTimeout  stm32f4xx_hal_i2c.o
    0x08005060   0x08005060   0x000000bc   Code   RO         3870    i.I2C_WaitOnMasterAddressFlagUntilTimeout  stm32f4xx_hal_i2c.o
    0x0800511c   0x0800511c   0x00000070   Code   RO         3871    i.I2C_WaitOnRXNEFlagUntilTimeout  stm32f4xx_hal_i2c.o
    0x0800518c   0x0800518c   0x00000056   Code   RO         3872    i.I2C_WaitOnTXEFlagUntilTimeout  stm32f4xx_hal_i2c.o
    0x080051e2   0x080051e2   0x00000002   PAD
    0x080051e4   0x080051e4   0x0000005c   Code   RO          487    i.LCD_Clear         lcd.o
    0x08005240   0x08005240   0x000000d4   Code   RO          489    i.LCD_DrawCharFast  lcd.o
    0x08005314   0x08005314   0x00000094   Code   RO          490    i.LCD_DrawLine      lcd.o
    0x080053a8   0x080053a8   0x000001b4   Code   RO          493    i.LCD_Init          lcd.o
    0x0800555c   0x0800555c   0x00000040   Code   RO          494    i.LCD_SetPoint      lcd.o
    0x0800559c   0x0800559c   0x0000005a   Code   RO          495    i.LCD_SetWindow     lcd.o
    0x080055f6   0x080055f6   0x00000002   PAD
    0x080055f8   0x080055f8   0x00000048   Code   RO          496    i.LCD_ShowFloat     lcd.o
    0x08005640   0x08005640   0x00000038   Code   RO          497    i.LCD_ShowNumber    lcd.o
    0x08005678   0x08005678   0x00000044   Code   RO          498    i.LCD_ShowString    lcd.o
    0x080056bc   0x080056bc   0x00000034   Code   RO          499    i.LCD_WriteCmd      lcd.o
    0x080056f0   0x080056f0   0x00000034   Code   RO          500    i.LCD_WriteData     lcd.o
    0x08005724   0x08005724   0x00000040   Code   RO          501    i.LCD_WriteDataBuf  lcd.o
    0x08005764   0x08005764   0x00000018   Code   RO         1151    i.MAVLink_Init      mavlink_protocol.o
    0x0800577c   0x0800577c   0x0000002c   Code   RO         1152    i.MAVLink_ProcessByte  mavlink_protocol.o
    0x080057a8   0x080057a8   0x0000000c   Code   RO         1153    i.MAVLink_RegisterCmdCallback  mavlink_protocol.o
    0x080057b4   0x080057b4   0x00000038   Code   RO         1154    i.MAVLink_SendAck   mavlink_protocol.o
    0x080057ec   0x080057ec   0x00000060   Code   RO         1155    i.MAVLink_SendDiagReport  mavlink_protocol.o
    0x0800584c   0x0800584c   0x00000064   Code   RO         1156    i.MAVLink_SendHeartbeat  mavlink_protocol.o
    0x080058b0   0x080058b0   0x00000058   Code   RO         1157    i.MAVLink_SendOTAACK  mavlink_protocol.o
    0x08005908   0x08005908   0x00000070   Code   RO         1158    i.MAVLink_SendSensorData  mavlink_protocol.o
    0x08005978   0x08005978   0x00000040   Code   RO         1159    i.MAVLink_SendStatusReport  mavlink_protocol.o
    0x080059b8   0x080059b8   0x00000060   Code   RO         1160    i.MAVLink_SendVersionReport  mavlink_protocol.o
    0x08005a18   0x08005a18   0x0000005c   Code   RO          917    i.MX_ADC1_Init      adc.o
    0x08005a74   0x08005a74   0x0000003c   Code   RO          957    i.MX_DMA_Init       dma.o
    0x08005ab0   0x08005ab0   0x000001a4   Code   RO          250    i.MX_FREERTOS_Init  freertos.o
    0x08005c54   0x08005c54   0x000000a4   Code   RO          223    i.MX_GPIO_Init      gpio.o
    0x08005cf8   0x08005cf8   0x00000040   Code   RO          982    i.MX_I2C1_Init      i2c.o
    0x08005d38   0x08005d38   0x00000080   Code   RO         1018    i.MX_TIM2_Init      tim.o
    0x08005db8   0x08005db8   0x00000038   Code   RO         1059    i.MX_USART1_UART_Init  usart.o
    0x08005df0   0x08005df0   0x00000038   Code   RO         1060    i.MX_USART2_UART_Init  usart.o
    0x08005e28   0x08005e28   0x00000002   Code   RO         1308    i.MemManage_Handler  stm32f4xx_it.o
    0x08005e2a   0x08005e2a   0x00000002   PAD
    0x08005e2c   0x08005e2c   0x00000070   Code   RO          609    i.Motor_Init        motor.o
    0x08005e9c   0x08005e9c   0x00000098   Code   RO          610    i.Motor_SetSpeedA   motor.o
    0x08005f34   0x08005f34   0x00000098   Code   RO          611    i.Motor_SetSpeedB   motor.o
    0x08005fcc   0x08005fcc   0x00000006   Code   RO          613    i.Motor_StopA       motor.o
    0x08005fd2   0x08005fd2   0x00000006   Code   RO          614    i.Motor_StopB       motor.o
    0x08005fd8   0x08005fd8   0x0000002a   Code   RO          664    i.MovingAvg_Init    filter.o
    0x08006002   0x08006002   0x00000054   Code   RO          666    i.MovingAvg_Update  filter.o
    0x08006056   0x08006056   0x00000002   Code   RO         1309    i.NMI_Handler       stm32f4xx_it.o
    0x08006058   0x08006058   0x00000058   Code   RO         1457    i.OTA_Begin         ota.o
    0x080060b0   0x080060b0   0x0000007c   Code   RO         1458    i.OTA_Commit        ota.o
    0x0800612c   0x0800612c   0x0000000c   Code   RO         1460    i.OTA_GetWrittenSize  ota.o
    0x08006138   0x08006138   0x00000010   Code   RO         1461    i.OTA_Init          ota.o
    0x08006148   0x08006148   0x00000098   Code   RO         1462    i.OTA_WriteChunk    ota.o
    0x080061e0   0x080061e0   0x000000b4   Code   RO          502    i.SPI2_Init         lcd.o
    0x08006294   0x08006294   0x0000001c   Code   RO          503    i.SPI_WriteByte     lcd.o
    0x080062b0   0x080062b0   0x00000030   Code   RO          782    i.STORAGE_CalcCRC   storage.o
    0x080062e0   0x080062e0   0x00000058   Code   RO          783    i.STORAGE_Load      storage.o
    0x08006338   0x08006338   0x000000ac   Code   RO          784    i.STORAGE_Save      storage.o
    0x080063e4   0x080063e4   0x00000040   Code   RO          785    i.STORAGE_SetDefaults  storage.o
    0x08006424   0x08006424   0x0000000c   Code   RO         1061    i.SetFanMode        usart.o
    0x08006430   0x08006430   0x000000c0   Code   RO          251    i.StartBME280Task   freertos.o
    0x080064f0   0x080064f0   0x000001d0   Code   RO          252    i.StartCmdTask      freertos.o
    0x080066c0   0x080066c0   0x0000012c   Code   RO          253    i.StartDistributorTask  freertos.o
    0x080067ec   0x080067ec   0x00000120   Code   RO          254    i.StartFanTask      freertos.o
    0x0800690c   0x0800690c   0x00000268   Code   RO          255    i.StartLcdTask      freertos.o
    0x08006b74   0x08006b74   0x00000080   Code   RO          256    i.StartLightTask    freertos.o
    0x08006bf4   0x08006bf4   0x0000001a   Code   RO          257    i.StartMonitorTask  freertos.o
    0x08006c0e   0x08006c0e   0x00000002   PAD
    0x08006c10   0x08006c10   0x00000080   Code   RO          258    i.StartPM25Task     freertos.o
    0x08006c90   0x08006c90   0x000000f0   Code   RO          259    i.StartUartTask     freertos.o
    0x08006d80   0x08006d80   0x0000001a   Code   RO         5738    i.SysTick_Handler   cmsis_os2.o
    0x08006d9a   0x08006d9a   0x00000002   PAD
    0x08006d9c   0x08006d9c   0x00000094   Code   RO           14    i.SystemClock_Config  main.o
    0x08006e30   0x08006e30   0x00000010   Code   RO         4600    i.SystemInit        system_stm32f4xx.o
    0x08006e40   0x08006e40   0x000000d0   Code   RO         1609    i.TIM_Base_SetConfig  stm32f4xx_hal_tim.o
    0x08006f10   0x08006f10   0x0000001a   Code   RO         1610    i.TIM_CCxChannelCmd  stm32f4xx_hal_tim.o
    0x08006f2a   0x08006f2a   0x00000002   PAD
    0x08006f2c   0x08006f2c   0x00000060   Code   RO         1622    i.TIM_OC1_SetConfig  stm32f4xx_hal_tim.o
    0x08006f8c   0x08006f8c   0x0000006c   Code   RO         1623    i.TIM_OC2_SetConfig  stm32f4xx_hal_tim.o
    0x08006ff8   0x08006ff8   0x00000068   Code   RO         1624    i.TIM_OC3_SetConfig  stm32f4xx_hal_tim.o
    0x08007060   0x08007060   0x00000050   Code   RO         1625    i.TIM_OC4_SetConfig  stm32f4xx_hal_tim.o
    0x080070b0   0x080070b0   0x00000020   Code   RO         1063    i.UART2_DMA_Init    usart.o
    0x080070d0   0x080070d0   0x0000000e   Code   RO         4279    i.UART_DMAAbortOnError  stm32f4xx_hal_uart.o
    0x080070de   0x080070de   0x0000004a   Code   RO         4280    i.UART_DMAError     stm32f4xx_hal_uart.o
    0x08007128   0x08007128   0x00000086   Code   RO         4281    i.UART_DMAReceiveCplt  stm32f4xx_hal_uart.o
    0x080071ae   0x080071ae   0x0000001e   Code   RO         4283    i.UART_DMARxHalfCplt  stm32f4xx_hal_uart.o
    0x080071cc   0x080071cc   0x0000004e   Code   RO         4289    i.UART_EndRxTransfer  stm32f4xx_hal_uart.o
    0x0800721a   0x0800721a   0x0000001c   Code   RO         4290    i.UART_EndTxTransfer  stm32f4xx_hal_uart.o
    0x08007236   0x08007236   0x000000c2   Code   RO         4291    i.UART_Receive_IT   stm32f4xx_hal_uart.o
    0x080072f8   0x080072f8   0x0000010c   Code   RO         4292    i.UART_SetConfig    stm32f4xx_hal_uart.o
    0x08007404   0x08007404   0x000000a0   Code   RO         4293    i.UART_Start_Receive_DMA  stm32f4xx_hal_uart.o
    0x080074a4   0x080074a4   0x00000072   Code   RO         4295    i.UART_WaitOnFlagUntilTimeout  stm32f4xx_hal_uart.o
    0x08007516   0x08007516   0x00000002   PAD
    0x08007518   0x08007518   0x0000000c   Code   RO         1310    i.USART2_IRQHandler  stm32f4xx_it.o
    0x08007524   0x08007524   0x00000002   Code   RO         1311    i.UsageFault_Handler  stm32f4xx_it.o
    0x08007526   0x08007526   0x00000002   PAD
    0x08007528   0x08007528   0x00000050   Code   RO          701    i.WDT_CheckAllTasks  watchdog.o
    0x08007578   0x08007578   0x00000010   Code   RO          702    i.WDT_Feed          watchdog.o
    0x08007588   0x08007588   0x0000003c   Code   RO          703    i.WDT_GetAliveMask  watchdog.o
    0x080075c4   0x080075c4   0x0000001c   Code   RO          704    i.WDT_GetResetCount  watchdog.o
    0x080075e0   0x080075e0   0x0000003c   Code   RO          706    i.WDT_Init          watchdog.o
    0x0800761c   0x0800761c   0x00000030   Code   RO          707    i.WDT_IsTaskHealthy  watchdog.o
    0x0800764c   0x0800764c   0x0000002c   Code   RO          709    i.WDT_RegisterTask  watchdog.o
    0x08007678   0x08007678   0x00000020   Code   RO          710    i.WDT_TaskAlive     watchdog.o
    0x08007698   0x08007698   0x00000030   Code   RO         6604    i.__ARM_fpclassify  m_wm.l(fpclassify.o)
    0x080076c8   0x080076c8   0x00000020   Code   RO         3297    i.__NVIC_SetPriority  stm32f4xx_hal_cortex.o
    0x080076e8   0x080076e8   0x0000000e   Code   RO         6411    i._is_digit         c_w.l(__printf_wp.o)
    0x080076f6   0x080076f6   0x00000018   Code   RO         1161    i._mav_trim_payload  mavlink_protocol.o
    0x0800770e   0x0800770e   0x00000002   PAD
    0x08007710   0x08007710   0x00000038   Code   RO          260    i.adc_sample_oversample  freertos.o
    0x08007748   0x08007748   0x00000018   Code   RO         1162    i.crc_accumulate    mavlink_protocol.o
    0x08007760   0x08007760   0x00000028   Code   RO         1163    i.crc_accumulate_buffer  mavlink_protocol.o
    0x08007788   0x08007788   0x0000002c   Code   RO         1164    i.crc_calculate     mavlink_protocol.o
    0x080077b4   0x080077b4   0x0000001a   Code   RO          838    i.diag_set          diagnostic.o
    0x080077ce   0x080077ce   0x00000002   PAD
    0x080077d0   0x080077d0   0x0000004c   Code   RO           15    i.main              main.o
    0x0800781c   0x0800781c   0x00000018   Code   RO         1165    i.mavlink_finalize_message  mavlink_protocol.o
    0x08007834   0x08007834   0x000000fa   Code   RO         1166    i.mavlink_finalize_message_buffer  mavlink_protocol.o
    0x0800792e   0x0800792e   0x00000002   PAD
    0x08007930   0x08007930   0x00000284   Code   RO         1167    i.mavlink_frame_char  mavlink_protocol.o
    0x08007bb4   0x08007bb4   0x00000054   Code   RO         1168    i.mavlink_msg_status_report_pack  mavlink_protocol.o
    0x08007c08   0x08007c08   0x00000096   Code   RO         1169    i.mavlink_msg_to_send_buffer  mavlink_protocol.o
    0x08007c9e   0x08007c9e   0x00000002   PAD
    0x08007ca0   0x08007ca0   0x000000fc   Code   RO          261    i.on_mavlink_cmd    freertos.o
    0x08007d9c   0x08007d9c   0x0000001a   Code   RO         5740    i.osDelay           cmsis_os2.o
    0x08007db6   0x08007db6   0x0000002c   Code   RO         5745    i.osEventFlagsNew   cmsis_os2.o
    0x08007de2   0x08007de2   0x00000002   PAD
    0x08007de4   0x08007de4   0x00000054   Code   RO         5746    i.osEventFlagsSet   cmsis_os2.o
    0x08007e38   0x08007e38   0x00000062   Code   RO         5747    i.osEventFlagsWait  cmsis_os2.o
    0x08007e9a   0x08007e9a   0x00000002   PAD
    0x08007e9c   0x08007e9c   0x00000020   Code   RO         5749    i.osKernelGetState  cmsis_os2.o
    0x08007ebc   0x08007ebc   0x0000000e   Code   RO         5752    i.osKernelGetTickCount  cmsis_os2.o
    0x08007eca   0x08007eca   0x00000002   PAD
    0x08007ecc   0x08007ecc   0x00000024   Code   RO         5754    i.osKernelInitialize  cmsis_os2.o
    0x08007ef0   0x08007ef0   0x00000038   Code   RO         5757    i.osKernelStart     cmsis_os2.o
    0x08007f28   0x08007f28   0x00000064   Code   RO         5769    i.osMessageQueueGet  cmsis_os2.o
    0x08007f8c   0x08007f8c   0x00000058   Code   RO         5774    i.osMessageQueueNew  cmsis_os2.o
    0x08007fe4   0x08007fe4   0x00000068   Code   RO         5775    i.osMessageQueuePut  cmsis_os2.o
    0x0800804c   0x0800804c   0x00000052   Code   RO         5777    i.osMutexAcquire    cmsis_os2.o
    0x0800809e   0x0800809e   0x00000068   Code   RO         5780    i.osMutexNew        cmsis_os2.o
    0x08008106   0x08008106   0x00000042   Code   RO         5781    i.osMutexRelease    cmsis_os2.o
    0x08008148   0x08008148   0x0000008a   Code   RO         5799    i.osThreadNew       cmsis_os2.o
    0x080081d2   0x080081d2   0x00000002   PAD
    0x080081d4   0x080081d4   0x0000005c   Code   RO         5202    i.prvAddCurrentTaskToDelayedList  tasks.o
    0x08008230   0x08008230   0x000000d0   Code   RO         5203    i.prvAddNewTaskToReadyList  tasks.o
    0x08008300   0x08008300   0x00000058   Code   RO         5567    i.prvCheckForValidListAndQueue  timers.o
    0x08008358   0x08008358   0x00000026   Code   RO         4805    i.prvCopyDataFromQueue  queue.o
    0x0800837e   0x0800837e   0x0000006c   Code   RO         4806    i.prvCopyDataToQueue  queue.o
    0x080083ea   0x080083ea   0x00000034   Code   RO         5204    i.prvDeleteTCB      tasks.o
    0x0800841e   0x0800841e   0x00000002   PAD
    0x08008420   0x08008420   0x0000004c   Code   RO         6251    i.prvHeapInit       heap_4.o
    0x0800846c   0x0800846c   0x00000060   Code   RO         5205    i.prvIdleTask       tasks.o
    0x080084cc   0x080084cc   0x00000016   Code   RO         4807    i.prvInitialiseMutex  queue.o
    0x080084e2   0x080084e2   0x00000002   PAD
    0x080084e4   0x080084e4   0x00000022   Code   RO         4808    i.prvInitialiseNewQueue  queue.o
    0x08008506   0x08008506   0x00000002   PAD
    0x08008508   0x08008508   0x000000b0   Code   RO         5206    i.prvInitialiseNewTask  tasks.o
    0x080085b8   0x080085b8   0x0000004c   Code   RO         6252    i.prvInsertBlockIntoFreeList  heap_4.o
    0x08008604   0x08008604   0x00000038   Code   RO         5569    i.prvInsertTimerInActiveList  timers.o
    0x0800863c   0x0800863c   0x0000001c   Code   RO         4809    i.prvIsQueueEmpty   queue.o
    0x08008658   0x08008658   0x000000fc   Code   RO         5570    i.prvProcessReceivedCommands  timers.o
    0x08008754   0x08008754   0x000000c0   Code   RO         5571    i.prvProcessTimerOrBlockTask  timers.o
    0x08008814   0x08008814   0x00000020   Code   RO         5208    i.prvResetNextTaskUnblockTime  tasks.o
    0x08008834   0x08008834   0x00000028   Code   RO         5572    i.prvSampleTimeNow  timers.o
    0x0800885c   0x0800885c   0x0000006c   Code   RO         5573    i.prvSwitchTimerLists  timers.o
    0x080088c8   0x080088c8   0x00000028   Code   RO         6307    i.prvTaskExitError  port.o
    0x080088f0   0x080088f0   0x00000014   Code   RO         4643    i.prvTestWaitCondition  event_groups.o
    0x08008904   0x08008904   0x00000024   Code   RO         5574    i.prvTimerTask      timers.o
    0x08008928   0x08008928   0x0000006a   Code   RO         4810    i.prvUnlockQueue    queue.o
    0x08008992   0x08008992   0x00000002   PAD
    0x08008994   0x08008994   0x000000dc   Code   RO         6253    i.pvPortMalloc      heap_4.o
    0x08008a70   0x08008a70   0x00000018   Code   RO         5211    i.pvTaskIncrementMutexHeldCount  tasks.o
    0x08008a88   0x08008a88   0x00000024   Code   RO         6308    i.pxPortInitialiseStack  port.o
    0x08008aac   0x08008aac   0x00000012   Code   RO         1170    i.send_buffer       mavlink_protocol.o
    0x08008abe   0x08008abe   0x00000026   Code   RO         4765    i.uxListRemove      list.o
    0x08008ae4   0x08008ae4   0x00000018   Code   RO         5220    i.uxTaskResetEventItemValue  tasks.o
    0x08008afc   0x08008afc   0x00000014   Code   RO         5811    i.vApplicationGetIdleTaskMemory  cmsis_os2.o
    0x08008b10   0x08008b10   0x00000018   Code   RO         5812    i.vApplicationGetTimerTaskMemory  cmsis_os2.o
    0x08008b28   0x08008b28   0x00000004   Code   RO         4647    i.vEventGroupSetBitsCallback  event_groups.o
    0x08008b2c   0x08008b2c   0x00000016   Code   RO         4766    i.vListInitialise   list.o
    0x08008b42   0x08008b42   0x00000006   Code   RO         4767    i.vListInitialiseItem  list.o
    0x08008b48   0x08008b48   0x00000030   Code   RO         4768    i.vListInsert       list.o
    0x08008b78   0x08008b78   0x00000018   Code   RO         4769    i.vListInsertEnd    list.o
    0x08008b90   0x08008b90   0x00000040   Code   RO         6310    i.vPortEnterCritical  port.o
    0x08008bd0   0x08008bd0   0x00000028   Code   RO         6311    i.vPortExitCritical  port.o
    0x08008bf8   0x08008bf8   0x00000064   Code   RO         6254    i.vPortFree         heap_4.o
    0x08008c5c   0x08008c5c   0x00000024   Code   RO         6312    i.vPortSetupTimerInterrupt  port.o
    0x08008c80   0x08008c80   0x00000054   Code   RO         6313    i.vPortValidateInterruptPriority  port.o
    0x08008cd4   0x08008cd4   0x00000028   Code   RO         4816    i.vQueueAddToRegistry  queue.o
    0x08008cfc   0x08008cfc   0x00000044   Code   RO         4820    i.vQueueWaitForMessageRestricted  queue.o
    0x08008d40   0x08008d40   0x0000004c   Code   RO         5221    i.vTaskDelay        tasks.o
    0x08008d8c   0x08008d8c   0x00000010   Code   RO         5226    i.vTaskInternalSetTimeOutState  tasks.o
    0x08008d9c   0x08008d9c   0x0000000c   Code   RO         5227    i.vTaskMissedYield  tasks.o
    0x08008da8   0x08008da8   0x00000030   Code   RO         5229    i.vTaskPlaceOnEventList  tasks.o
    0x08008dd8   0x08008dd8   0x00000038   Code   RO         5230    i.vTaskPlaceOnEventListRestricted  tasks.o
    0x08008e10   0x08008e10   0x00000050   Code   RO         5231    i.vTaskPlaceOnUnorderedEventList  tasks.o
    0x08008e60   0x08008e60   0x00000090   Code   RO         5232    i.vTaskPriorityDisinheritAfterTimeout  tasks.o
    0x08008ef0   0x08008ef0   0x00000070   Code   RO         5234    i.vTaskRemoveFromUnorderedEventList  tasks.o
    0x08008f60   0x08008f60   0x00000088   Code   RO         5238    i.vTaskStartScheduler  tasks.o
    0x08008fe8   0x08008fe8   0x00000010   Code   RO         5240    i.vTaskSuspendAll   tasks.o
    0x08008ff8   0x08008ff8   0x00000064   Code   RO         5241    i.vTaskSwitchContext  tasks.o
    0x0800905c   0x0800905c   0x0000001c   Code   RO         4651    i.xEventGroupCreate  event_groups.o
    0x08009078   0x08009078   0x0000002c   Code   RO         4652    i.xEventGroupCreateStatic  event_groups.o
    0x080090a4   0x080090a4   0x0000008c   Code   RO         4654    i.xEventGroupSetBits  event_groups.o
    0x08009130   0x08009130   0x00000010   Code   RO         4655    i.xEventGroupSetBitsFromISR  event_groups.o
    0x08009140   0x08009140   0x00000108   Code   RO         4657    i.xEventGroupWaitBits  event_groups.o
    0x08009248   0x08009248   0x000000a8   Code   RO         6314    i.xPortStartScheduler  port.o
    0x080092f0   0x080092f0   0x0000002c   Code   RO         6315    i.xPortSysTickHandler  port.o
    0x0800931c   0x0800931c   0x00000016   Code   RO         4823    i.xQueueCreateMutex  queue.o
    0x08009332   0x08009332   0x0000001a   Code   RO         4824    i.xQueueCreateMutexStatic  queue.o
    0x0800934c   0x0800934c   0x00000042   Code   RO         4825    i.xQueueGenericCreate  queue.o
    0x0800938e   0x0800938e   0x00000066   Code   RO         4826    i.xQueueGenericCreateStatic  queue.o
    0x080093f4   0x080093f4   0x00000088   Code   RO         4827    i.xQueueGenericReset  queue.o
    0x0800947c   0x0800947c   0x00000160   Code   RO         4828    i.xQueueGenericSend  queue.o
    0x080095dc   0x080095dc   0x000000be   Code   RO         4829    i.xQueueGenericSendFromISR  queue.o
    0x0800969a   0x0800969a   0x0000003e   Code   RO         4833    i.xQueueGiveMutexRecursive  queue.o
    0x080096d8   0x080096d8   0x00000138   Code   RO         4838    i.xQueueReceive     queue.o
    0x08009810   0x08009810   0x0000009a   Code   RO         4839    i.xQueueReceiveFromISR  queue.o
    0x080098aa   0x080098aa   0x00000002   PAD
    0x080098ac   0x080098ac   0x00000178   Code   RO         4840    i.xQueueSemaphoreTake  queue.o
    0x08009a24   0x08009a24   0x00000040   Code   RO         4841    i.xQueueTakeMutexRecursive  queue.o
    0x08009a64   0x08009a64   0x00000074   Code   RO         5243    i.xTaskCheckForTimeOut  tasks.o
    0x08009ad8   0x08009ad8   0x0000005a   Code   RO         5244    i.xTaskCreate       tasks.o
    0x08009b32   0x08009b32   0x00000056   Code   RO         5245    i.xTaskCreateStatic  tasks.o
    0x08009b88   0x08009b88   0x0000000c   Code   RO         5248    i.xTaskGetCurrentTaskHandle  tasks.o
    0x08009b94   0x08009b94   0x0000001c   Code   RO         5249    i.xTaskGetSchedulerState  tasks.o
    0x08009bb0   0x08009bb0   0x0000000c   Code   RO         5250    i.xTaskGetTickCount  tasks.o
    0x08009bbc   0x08009bbc   0x00000010   Code   RO         5251    i.xTaskGetTickCountFromISR  tasks.o
    0x08009bcc   0x08009bcc   0x000000c8   Code   RO         5252    i.xTaskIncrementTick  tasks.o
    0x08009c94   0x08009c94   0x00000080   Code   RO         5255    i.xTaskPriorityDisinherit  tasks.o
    0x08009d14   0x08009d14   0x00000078   Code   RO         5256    i.xTaskPriorityInherit  tasks.o
    0x08009d8c   0x08009d8c   0x00000070   Code   RO         5257    i.xTaskRemoveFromEventList  tasks.o
    0x08009dfc   0x08009dfc   0x000000c4   Code   RO         5258    i.xTaskResumeAll    tasks.o
    0x08009ec0   0x08009ec0   0x00000060   Code   RO         5583    i.xTimerCreateTimerTask  timers.o
    0x08009f20   0x08009f20   0x00000068   Code   RO         5584    i.xTimerGenericCommand  timers.o
    0x08009f88   0x08009f88   0x00000028   Code   RO         5590    i.xTimerPendFunctionCallFromISR  timers.o
    0x08009fb0   0x08009fb0   0x0000002c   Code   RO         6600    locale$$code        c_w.l(lc_numeric_c.o)
    0x08009fdc   0x08009fdc   0x0000002c   Code   RO         6677    locale$$code        c_w.l(lc_ctype_c.o)
    0x0800a008   0x0800a008   0x0000000c   Code   RO         6528    x$fpl$dretinf       fz_wm.l(dretinf.o)
    0x0800a014   0x0800a014   0x00000056   Code   RO         6450    x$fpl$f2d           fz_wm.l(f2d.o)
    0x0800a06a   0x0800a06a   0x0000008c   Code   RO         6530    x$fpl$fnaninf       fz_wm.l(fnaninf.o)
    0x0800a0f6   0x0800a0f6   0x0000000a   Code   RO         6685    x$fpl$fpinit        fz_wm.l(fpinit.o)
    0x0800a100   0x0800a100   0x00000004   Code   RO         6452    x$fpl$printf1       fz_wm.l(printf1.o)
    0x0800a104   0x0800a104   0x00000004   Code   RO         6532    x$fpl$printf2       fz_wm.l(printf2.o)
    0x0800a108   0x0800a108   0x00000000   Code   RO         6538    x$fpl$usenofp       fz_wm.l(usenofp.o)
    0x0800a108   0x0800a108   0x0000015c   Data   RO          263    .constdata          freertos.o
    0x0800a264   0x0800a264   0x000005f0   Data   RO          504    .constdata          lcd.o
    0x0800a854   0x0800a854   0x00000014   Data   RO          787    .constdata          storage.o
    0x0800a868   0x0800a868   0x00000100   Data   RO         1172    .constdata          mavlink_protocol.o
    0x0800a968   0x0800a968   0x00000054   Data   RO         1463    .constdata          ota.o
    0x0800a9bc   0x0800a9bc   0x00000008   Data   RO         3185    .constdata          stm32f4xx_hal_dma.o
    0x0800a9c4   0x0800a9c4   0x00000010   Data   RO         4601    .constdata          system_stm32f4xx.o
    0x0800a9d4   0x0800a9d4   0x00000008   Data   RO         4602    .constdata          system_stm32f4xx.o
    0x0800a9dc   0x0800a9dc   0x00000011   Data   RO         6419    .constdata          c_w.l(__printf_flags_ss_wp.o)
    0x0800a9ed   0x0800a9ed   0x00000003   PAD
    0x0800a9f0   0x0800a9f0   0x00000008   Data   RO         6478    .constdata          c_w.l(_printf_wctomb.o)
    0x0800a9f8   0x0800a9f8   0x00000028   Data   RO         6507    .constdata          c_w.l(_printf_hex_int_ll_ptr.o)
    0x0800aa20   0x0800aa20   0x00000026   Data   RO         6564    .constdata          c_w.l(_printf_fp_hex.o)
    0x0800aa46   0x0800aa46   0x00000002   PAD
    0x0800aa48   0x0800aa48   0x00000094   Data   RO         6573    .constdata          c_w.l(bigflt0.o)
    0x0800aadc   0x0800aadc   0x00000061   Data   RO          264    .conststring        freertos.o
    0x0800ab3d   0x0800ab3d   0x00000003   PAD
    0x0800ab40   0x0800ab40   0x00000020   Data   RO         6756    Region$$Table       anon$$obj.o
    0x0800ab60   0x0800ab60   0x0000001c   Data   RO         6599    locale$$data        c_w.l(lc_numeric_c.o)
    0x0800ab7c   0x0800ab7c   0x00000110   Data   RO         6676    locale$$data        c_w.l(lc_ctype_c.o)


    Execution Region RW_IRAM1 (Exec base: 0x20000000, Load base: 0x0800ac8c, Size: 0x00005e10, Max: 0x00010000, ABSOLUTE)

    Exec Addr    Load Addr    Size         Type   Attr      Idx    E Section Name        Object

    0x20000000   0x0800ac8c   0x00000044   Data   RW          265    .data               freertos.o
    0x20000044   0x0800acd0   0x00000010   Data   RW          615    .data               motor.o
    0x20000054   0x0800ace0   0x00000001   Data   RW          712    .data               watchdog.o
    0x20000055   0x0800ace1   0x00000001   Data   RW          788    .data               storage.o
    0x20000056   0x0800ace2   0x00000002   PAD
    0x20000058   0x0800ace4   0x00000008   Data   RW         1065    .data               usart.o
    0x20000060   0x0800acec   0x00000004   Data   RW         1173    .data               mavlink_protocol.o
    0x20000064   0x0800acf0   0x00000008   Data   RW         1464    .data               ota.o
    0x2000006c   0x0800acf8   0x0000000c   Data   RW         2789    .data               stm32f4xx_hal.o
    0x20000078   0x0800ad04   0x00000020   Data   RW         3566    .data               stm32f4xx_hal_flash.o
    0x20000098   0x0800ad24   0x00000004   Data   RW         4603    .data               system_stm32f4xx.o
    0x2000009c   0x0800ad28   0x0000003c   Data   RW         5261    .data               tasks.o
    0x200000d8   0x0800ad64   0x00000014   Data   RW         5592    .data               timers.o
    0x200000ec   0x0800ad78   0x00000004   Data   RW         5814    .data               cmsis_os2.o
    0x200000f0   0x0800ad7c   0x00000020   Data   RW         6260    .data               heap_4.o
    0x20000110   0x0800ad9c   0x0000000c   Data   RW         6316    .data               port.o
    0x2000011c        -       0x00000184   Zero   RW          262    .bss                freertos.o
    0x200002a0        -       0x00000038   Zero   RW          430    .bss                bme280.o
    0x200002d8        -       0x000000d8   Zero   RW          711    .bss                watchdog.o
    0x200003b0        -       0x0000003b   Zero   RW          786    .bss                storage.o
    0x200003eb   0x0800ada8   0x00000001   PAD
    0x200003ec        -       0x00000048   Zero   RW          918    .bss                adc.o
    0x20000434        -       0x00000054   Zero   RW          983    .bss                i2c.o
    0x20000488        -       0x00000048   Zero   RW         1019    .bss                tim.o
    0x200004d0        -       0x000002c8   Zero   RW         1064    .bss                usart.o
    0x20000798        -       0x00000740   Zero   RW         1171    .bss                mavlink_protocol.o
    0x20000ed8        -       0x00000040   Zero   RW         4842    .bss                queue.o
    0x20000f18        -       0x000004c4   Zero   RW         5260    .bss                tasks.o
    0x200013dc        -       0x00000118   Zero   RW         5591    .bss                timers.o
    0x200014f4        -       0x000006b8   Zero   RW         5813    .bss                cmsis_os2.o
    0x20001bac        -       0x00003c00   Zero   RW         6259    .bss                heap_4.o
    0x200057ac        -       0x00000060   Zero   RW         6607    .bss                c_w.l(libspace.o)
    0x2000580c   0x0800ada8   0x00000004   PAD
    0x20005810        -       0x00000200   Zero   RW            2    HEAP                startup_stm32f407xx.o
    0x20005a10        -       0x00000400   Zero   RW            1    STACK               startup_stm32f407xx.o


==============================================================================

Image component sizes


      Code (inc. data)   RO Data    RW Data    ZI Data      Debug   Object Name

       216         24          0          0         72       2229   adc.o
       996         42          0          0         56       4260   bme280.o
      1142         40          0          4       1720      76259   cmsis_os2.o
       910        294          0          0          0       7285   diagnostic.o
        60          4          0          0          0        782   dma.o
       516          8          0          0          0      27634   event_groups.o
       126          0          0          0          0       1532   filter.o
      3302        498        445         68        388      62596   freertos.o
       164         14          0          0          0        995   gpio.o
       472         24          0         32      15360       4859   heap_4.o
       168         26          0          0         84       1665   i2c.o
      1614        112       1520          0          0      11583   lcd.o
       138          0          0          0          0       3534   list.o
       228         16          0          0          0     734032   main.o
      1994        102        256          4       1856      24447   mavlink_protocol.o
       428         42          0         16          0       2849   motor.o
       392         42         84          8          0       4398   ota.o
       662         70          0         12          0      10977   port.o
      2306         24          0          0         64      25451   queue.o
        64         26        392          0       1536        844   startup_stm32f407xx.o
        52          4          0         12          0       7030   stm32f4xx_hal.o
      1200         52          0          0          0       5917   stm32f4xx_hal_adc.o
       158         14          0          0          0      33018   stm32f4xx_hal_cortex.o
      1084         16          8          0          0       7338   stm32f4xx_hal_dma.o
       520         66          0         32          0       6582   stm32f4xx_hal_flash.o
       356         24          0          0          0       3990   stm32f4xx_hal_flash_ex.o
       506         46          0          0          0       2192   stm32f4xx_hal_gpio.o
      2294         52          0          0          0      13190   stm32f4xx_hal_i2c.o
        50          6          0          0          0       1352   stm32f4xx_hal_msp.o
      1344         72          0          0          0       5252   stm32f4xx_hal_rcc.o
      1116        108          0          0          0       8430   stm32f4xx_hal_tim.o
       144         28          0          0          0       1372   stm32f4xx_hal_tim_ex.o
        78          0          0          0          0       1765   stm32f4xx_hal_timebase_tim.o
      2252         28          0          0          0      16076   stm32f4xx_hal_uart.o
        48         18          0          0          0       4201   stm32f4xx_it.o
       372         38         20          1         59       3746   storage.o
        16          4         24          4          0       1127   system_stm32f4xx.o
      2616        220          0         60       1220      33193   tasks.o
       228         14          0          0         72       1769   tim.o
      1012         86          0         20        280      30555   timers.o
       852        150          0          8        712       8089   usart.o
       368         52          0          1        216       5364   watchdog.o

    ----------------------------------------------------------------------
     32630       2506       2784        284      23696    1209759   Object Totals
         0          0         32          0          0          0   (incl. Generated)
        66          0          3          2          1          0   (incl. Padding)

    ----------------------------------------------------------------------

      Code (inc. data)   RO Data    RW Data    ZI Data      Debug   Library Member Name

        56          6          0          0          0         88   __2snprintf.o
         8          0          0          0          0         68   __main.o
       392          4         17          0          0         92   __printf_flags_ss_wp.o
        14          0          0          0          0         68   __printf_wp.o
         0          0          0          0          0          0   __rtentry.o
        12          0          0          0          0          0   __rtentry2.o
         6          0          0          0          0          0   __rtentry4.o
        52          8          0          0          0          0   __scatter.o
        26          0          0          0          0          0   __scatter_copy.o
        28          0          0          0          0          0   __scatter_zi.o
         6          0          0          0          0          0   _printf_a.o
         6          0          0          0          0          0   _printf_c.o
        44          0          0          0          0        108   _printf_char.o
        48          6          0          0          0         96   _printf_char_common.o
        40          0          0          0          0         68   _printf_charcount.o
         6          0          0          0          0          0   _printf_d.o
       120         16          0          0          0         92   _printf_dec.o
         6          0          0          0          0          0   _printf_e.o
         6          0          0          0          0          0   _printf_f.o
      1054          0          0          0          0        216   _printf_fp_dec.o
       764          8         38          0          0        100   _printf_fp_hex.o
       128         16          0          0          0         84   _printf_fp_infnan.o
         6          0          0          0          0          0   _printf_g.o
       148          4         40          0          0        160   _printf_hex_int_ll_ptr.o
         6          0          0          0          0          0   _printf_i.o
       178          0          0          0          0         88   _printf_intcommon.o
        10          0          0          0          0          0   _printf_l.o
         6          0          0          0          0          0   _printf_lc.o
        10          0          0          0          0          0   _printf_ll.o
         6          0          0          0          0          0   _printf_lld.o
         6          0          0          0          0          0   _printf_lli.o
         6          0          0          0          0          0   _printf_llo.o
         6          0          0          0          0          0   _printf_llu.o
         6          0          0          0          0          0   _printf_llx.o
       124         16          0          0          0         92   _printf_longlong_dec.o
         6          0          0          0          0          0   _printf_ls.o
         6          0          0          0          0          0   _printf_n.o
         6          0          0          0          0          0   _printf_o.o
       112         10          0          0          0        124   _printf_oct_int_ll.o
         6          0          0          0          0          0   _printf_p.o
        78          0          0          0          0        108   _printf_pad.o
         0          0          0          0          0          0   _printf_percent.o
         4          0          0          0          0          0   _printf_percent_end.o
         6          0          0          0          0          0   _printf_s.o
        82          0          0          0          0         80   _printf_str.o
        36          0          0          0          0         84   _printf_truncate.o
         6          0          0          0          0          0   _printf_u.o
        44          0          0          0          0        108   _printf_wchar.o
       188          6          8          0          0         92   _printf_wctomb.o
         6          0          0          0          0          0   _printf_x.o
        16          0          0          0          0         68   _snputc.o
        10          0          0          0          0         68   _sputc.o
        64          0          0          0          0         92   _wcrtomb.o
        16          0          0          0          0         68   aeabi_memset.o
       228          4        148          0          0         96   bigflt0.o
      1936        128          0          0          0        672   btod.o
        18          0          0          0          0         80   exit.o
         6          0          0          0          0        152   heapauxi.o
         0          0          0          0          0          0   indicate_semi.o
        44         10        272          0          0         76   lc_ctype_c.o
        44         10         28          0          0         76   lc_numeric_c.o
         2          0          0          0          0          0   libinit.o
        34          0          0          0          0          0   libinit2.o
         2          0          0          0          0          0   libshutdown.o
         2          0          0          0          0          0   libshutdown2.o
         8          4          0          0         96         68   libspace.o
        72          0          0          0          0         76   llsdiv.o
       138          0          0          0          0         80   lludiv10.o
       238          0          0          0          0        100   lludivv7m.o
        88          0          0          0          0         76   memcmp.o
        16          4          0          0          0         76   rt_ctype_table.o
         8          4          0          0          0         68   rt_locale_intlibspace.o
        68          0          0          0          0         68   rt_memclr.o
        78          0          0          0          0         80   rt_memclr_w.o
       138          0          0          0          0         68   rt_memcpy_v6.o
       100          0          0          0          0         80   rt_memcpy_w.o
         2          0          0          0          0          0   rtexit.o
        10          0          0          0          0          0   rtexit2.o
       128          0          0          0          0         68   strcmpv7m.o
        62          0          0          0          0         76   strlen.o
       150          0          0          0          0         80   strncmp.o
        86          0          0          0          0         76   strncpy.o
        12          4          0          0          0         68   sys_exit.o
        74          0          0          0          0         80   sys_stackheap_outer.o
         2          0          0          0          0         68   use_no_semi.o
        52          4          0          0          0         80   vsnprintf.o
        12          0          0          0          0        116   dretinf.o
        86          4          0          0          0        132   f2d.o
       140          4          0          0          0        132   fnaninf.o
        10          0          0          0          0        116   fpinit.o
         4          0          0          0          0        116   printf1.o
         4          0          0          0          0        116   printf2.o
         0          0          0          0          0          0   usenofp.o
        48          0          0          0          0        124   fpclassify.o

    ----------------------------------------------------------------------
      8202        280        556          0        100       5752   Library Totals
        20          0          5          0          4          0   (incl. Padding)

    ----------------------------------------------------------------------

      Code (inc. data)   RO Data    RW Data    ZI Data      Debug   Library Name

      7878        272        551          0         96       4900   c_w.l
       256          8          0          0          0        728   fz_wm.l
        48          0          0          0          0        124   m_wm.l

    ----------------------------------------------------------------------
      8202        280        556          0        100       5752   Library Totals

    ----------------------------------------------------------------------

==============================================================================


      Code (inc. data)   RO Data    RW Data    ZI Data      Debug   

     40832       2786       3340        284      23796    1182355   Grand Totals
     40832       2786       3340        284      23796    1182355   ELF Image Totals
     40832       2786       3340        284          0          0   ROM Totals

==============================================================================

    Total RO  Size (Code + RO Data)                44172 (  43.14kB)
    Total RW  Size (RW Data + ZI Data)             24080 (  23.52kB)
    Total ROM Size (Code + RO Data + RW Data)      44456 (  43.41kB)

==============================================================================

