Component: ARM Compiler 5.06 update 6 (build 750) Tool: armlink [4d35ed]

==============================================================================

Section Cross References

    startup_stm32f103xe.o(STACK) refers (Special) to heapauxi.o(.text) for __use_two_region_memory
    startup_stm32f103xe.o(HEAP) refers (Special) to heapauxi.o(.text) for __use_two_region_memory
    startup_stm32f103xe.o(RESET) refers (Special) to heapauxi.o(.text) for __use_two_region_memory
    startup_stm32f103xe.o(RESET) refers to startup_stm32f103xe.o(STACK) for __initial_sp
    startup_stm32f103xe.o(RESET) refers to startup_stm32f103xe.o(.text) for Reset_Handler
    startup_stm32f103xe.o(RESET) refers to stm32f1xx_it.o(i.NMI_Handler) for NMI_Handler
    startup_stm32f103xe.o(RESET) refers to stm32f1xx_it.o(i.HardFault_Handler) for HardFault_Handler
    startup_stm32f103xe.o(RESET) refers to stm32f1xx_it.o(i.MemManage_Handler) for MemManage_Handler
    startup_stm32f103xe.o(RESET) refers to stm32f1xx_it.o(i.BusFault_Handler) for BusFault_Handler
    startup_stm32f103xe.o(RESET) refers to stm32f1xx_it.o(i.UsageFault_Handler) for UsageFault_Handler
    startup_stm32f103xe.o(RESET) refers to port.o(.emb_text) for SVC_Handler
    startup_stm32f103xe.o(RESET) refers to stm32f1xx_it.o(i.DebugMon_Handler) for DebugMon_Handler
    startup_stm32f103xe.o(RESET) refers to cmsis_os2.o(i.SysTick_Handler) for SysTick_Handler
    startup_stm32f103xe.o(RESET) refers to stm32f1xx_it.o(i.DMA1_Channel6_IRQHandler) for DMA1_Channel6_IRQHandler
    startup_stm32f103xe.o(RESET) refers to stm32f1xx_it.o(i.DMA1_Channel7_IRQHandler) for DMA1_Channel7_IRQHandler
    startup_stm32f103xe.o(RESET) refers to stm32f1xx_it.o(i.USART2_IRQHandler) for USART2_IRQHandler
    startup_stm32f103xe.o(RESET) refers to stm32f1xx_it.o(i.TIM6_IRQHandler) for TIM6_IRQHandler
    startup_stm32f103xe.o(.text) refers (Special) to heapauxi.o(.text) for __use_two_region_memory
    startup_stm32f103xe.o(.text) refers to system_stm32f1xx.o(i.SystemInit) for SystemInit
    startup_stm32f103xe.o(.text) refers to __main.o(!!!main) for __main
    startup_stm32f103xe.o(.text) refers to startup_stm32f103xe.o(HEAP) for Heap_Mem
    startup_stm32f103xe.o(.text) refers to startup_stm32f103xe.o(STACK) for Stack_Mem
    main.o(i.HAL_TIM_PeriodElapsedCallback) refers to stm32f1xx_hal.o(i.HAL_IncTick) for HAL_IncTick
    main.o(i.SystemClock_Config) refers to rt_memclr_w.o(.text) for __aeabi_memclr4
    main.o(i.SystemClock_Config) refers to stm32f1xx_hal_rcc.o(i.HAL_RCC_OscConfig) for HAL_RCC_OscConfig
    main.o(i.SystemClock_Config) refers to stm32f1xx_hal_rcc.o(i.HAL_RCC_ClockConfig) for HAL_RCC_ClockConfig
    main.o(i.SystemClock_Config) refers to stm32f1xx_hal_rcc_ex.o(i.HAL_RCCEx_PeriphCLKConfig) for HAL_RCCEx_PeriphCLKConfig
    main.o(i.main) refers to stm32f1xx_hal.o(i.HAL_Init) for HAL_Init
    main.o(i.main) refers to main.o(i.SystemClock_Config) for SystemClock_Config
    main.o(i.main) refers to gpio.o(i.MX_GPIO_Init) for MX_GPIO_Init
    main.o(i.main) refers to dma.o(i.MX_DMA_Init) for MX_DMA_Init
    main.o(i.main) refers to i2c.o(i.MX_I2C1_Init) for MX_I2C1_Init
    main.o(i.main) refers to tim.o(i.MX_TIM2_Init) for MX_TIM2_Init
    main.o(i.main) refers to usart.o(i.MX_USART1_UART_Init) for MX_USART1_UART_Init
    main.o(i.main) refers to usart.o(i.MX_USART2_UART_Init) for MX_USART2_UART_Init
    main.o(i.main) refers to adc.o(i.MX_ADC1_Init) for MX_ADC1_Init
    main.o(i.main) refers to fsmc.o(i.MX_FSMC_Init) for MX_FSMC_Init
    main.o(i.main) refers to cmsis_os2.o(i.osKernelInitialize) for osKernelInitialize
    main.o(i.main) refers to freertos.o(i.MX_FREERTOS_Init) for MX_FREERTOS_Init
    main.o(i.main) refers to cmsis_os2.o(i.osKernelStart) for osKernelStart
    freertos.o(i.MX_FREERTOS_Init) refers to cmsis_os2.o(i.osThreadNew) for osThreadNew
    freertos.o(i.MX_FREERTOS_Init) refers to freertos.o(.constdata) for .constdata
    freertos.o(i.MX_FREERTOS_Init) refers to freertos.o(i.StartDefaultTask) for StartDefaultTask
    freertos.o(i.MX_FREERTOS_Init) refers to freertos.o(.data) for .data
    freertos.o(i.StartDefaultTask) refers to cmsis_os2.o(i.osDelay) for osDelay
    freertos.o(.constdata) refers to freertos.o(.conststring) for .conststring
    adc.o(i.HAL_ADC_MspDeInit) refers to stm32f1xx_hal_gpio.o(i.HAL_GPIO_DeInit) for HAL_GPIO_DeInit
    adc.o(i.HAL_ADC_MspInit) refers to stm32f1xx_hal_gpio.o(i.HAL_GPIO_Init) for HAL_GPIO_Init
    adc.o(i.MX_ADC1_Init) refers to stm32f1xx_hal_adc.o(i.HAL_ADC_Init) for HAL_ADC_Init
    adc.o(i.MX_ADC1_Init) refers to main.o(i.Error_Handler) for Error_Handler
    adc.o(i.MX_ADC1_Init) refers to stm32f1xx_hal_adc.o(i.HAL_ADC_ConfigChannel) for HAL_ADC_ConfigChannel
    adc.o(i.MX_ADC1_Init) refers to adc.o(.bss) for .bss
    dma.o(i.MX_DMA_Init) refers to stm32f1xx_hal_cortex.o(i.HAL_NVIC_SetPriority) for HAL_NVIC_SetPriority
[...]
    i.HAL_NVIC_EnableIRQ                     0x0800121c   Section        0  stm32f1xx_hal_cortex.o(i.HAL_NVIC_EnableIRQ)
    i.HAL_NVIC_SetPriority                   0x08001238   Section        0  stm32f1xx_hal_cortex.o(i.HAL_NVIC_SetPriority)
    i.HAL_NVIC_SetPriorityGrouping           0x08001278   Section        0  stm32f1xx_hal_cortex.o(i.HAL_NVIC_SetPriorityGrouping)
    i.HAL_RCCEx_PeriphCLKConfig              0x0800129c   Section        0  stm32f1xx_hal_rcc_ex.o(i.HAL_RCCEx_PeriphCLKConfig)
    i.HAL_RCC_ClockConfig                    0x08001388   Section        0  stm32f1xx_hal_rcc.o(i.HAL_RCC_ClockConfig)
    i.HAL_RCC_GetClockConfig                 0x080014b4   Section        0  stm32f1xx_hal_rcc.o(i.HAL_RCC_GetClockConfig)
    i.HAL_RCC_GetPCLK1Freq                   0x080014f4   Section        0  stm32f1xx_hal_rcc.o(i.HAL_RCC_GetPCLK1Freq)
    i.HAL_RCC_GetPCLK2Freq                   0x08001514   Section        0  stm32f1xx_hal_rcc.o(i.HAL_RCC_GetPCLK2Freq)
    i.HAL_RCC_GetSysClockFreq                0x08001534   Section        0  stm32f1xx_hal_rcc.o(i.HAL_RCC_GetSysClockFreq)
    i.HAL_RCC_OscConfig                      0x08001580   Section        0  stm32f1xx_hal_rcc.o(i.HAL_RCC_OscConfig)
    i.HAL_SRAM_Init                          0x080018a0   Section        0  stm32f1xx_hal_sram.o(i.HAL_SRAM_Init)
    i.HAL_SRAM_MspInit                       0x08001904   Section        0  fsmc.o(i.HAL_SRAM_MspInit)
    i.HAL_TIMEx_BreakCallback                0x08001908   Section        0  stm32f1xx_hal_tim_ex.o(i.HAL_TIMEx_BreakCallback)
    i.HAL_TIMEx_CommutCallback               0x0800190a   Section        0  stm32f1xx_hal_tim_ex.o(i.HAL_TIMEx_CommutCallback)
    i.HAL_TIMEx_MasterConfigSynchronization  0x0800190c   Section        0  stm32f1xx_hal_tim_ex.o(i.HAL_TIMEx_MasterConfigSynchronization)
    i.HAL_TIM_Base_Init                      0x08001988   Section        0  stm32f1xx_hal_tim.o(i.HAL_TIM_Base_Init)
    i.HAL_TIM_Base_MspInit                   0x080019e2   Section        0  stm32f1xx_hal_tim.o(i.HAL_TIM_Base_MspInit)
    i.HAL_TIM_Base_Start_IT                  0x080019e4   Section        0  stm32f1xx_hal_tim.o(i.HAL_TIM_Base_Start_IT)
    i.HAL_TIM_IC_CaptureCallback             0x08001a50   Section        0  stm32f1xx_hal_tim.o(i.HAL_TIM_IC_CaptureCallback)
    i.HAL_TIM_IRQHandler                     0x08001a52   Section        0  stm32f1xx_hal_tim.o(i.HAL_TIM_IRQHandler)
    i.HAL_TIM_MspPostInit                    0x08001b84   Section        0  tim.o(i.HAL_TIM_MspPostInit)
    i.HAL_TIM_OC_DelayElapsedCallback        0x08001be4   Section        0  stm32f1xx_hal_tim.o(i.HAL_TIM_OC_DelayElapsedCallback)
    i.HAL_TIM_PWM_ConfigChannel              0x08001be6   Section        0  stm32f1xx_hal_tim.o(i.HAL_TIM_PWM_ConfigChannel)
    i.HAL_TIM_PWM_Init                       0x08001cb2   Section        0  stm32f1xx_hal_tim.o(i.HAL_TIM_PWM_Init)
    i.HAL_TIM_PWM_MspInit                    0x08001d0c   Section        0  tim.o(i.HAL_TIM_PWM_MspInit)
    i.HAL_TIM_PWM_PulseFinishedCallback      0x08001d30   Section        0  stm32f1xx_hal_tim.o(i.HAL_TIM_PWM_PulseFinishedCallback)
    i.HAL_TIM_PeriodElapsedCallback          0x08001d34   Section        0  main.o(i.HAL_TIM_PeriodElapsedCallback)
    i.HAL_TIM_TriggerCallback                0x08001d48   Section        0  stm32f1xx_hal_tim.o(i.HAL_TIM_TriggerCallback)
    i.HAL_UARTEx_RxEventCallback             0x08001d4a   Section        0  stm32f1xx_hal_uart.o(i.HAL_UARTEx_RxEventCallback)
    i.HAL_UART_ErrorCallback                 0x08001d4c   Section        0  stm32f1xx_hal_uart.o(i.HAL_UART_ErrorCallback)
    i.HAL_UART_IRQHandler                    0x08001d50   Section        0  stm32f1xx_hal_uart.o(i.HAL_UART_IRQHandler)
    i.HAL_UART_Init                          0x08001fbc   Section        0  stm32f1xx_hal_uart.o(i.HAL_UART_Init)
    i.HAL_UART_MspInit                       0x08002020   Section        0  usart.o(i.HAL_UART_MspInit)
    i.HAL_UART_RxCpltCallback                0x08002144   Section        0  stm32f1xx_hal_uart.o(i.HAL_UART_RxCpltCallback)
    i.HAL_UART_TxCpltCallback                0x08002146   Section        0  stm32f1xx_hal_uart.o(i.HAL_UART_TxCpltCallback)
    i.HardFault_Handler                      0x08002148   Section        0  stm32f1xx_it.o(i.HardFault_Handler)
    i.MX_ADC1_Init                           0x0800214c   Section        0  adc.o(i.MX_ADC1_Init)
    i.MX_DMA_Init                            0x0800219c   Section        0  dma.o(i.MX_DMA_Init)
    i.MX_FREERTOS_Init                       0x080021d8   Section        0  freertos.o(i.MX_FREERTOS_Init)
    i.MX_FSMC_Init                           0x080021f8   Section        0  fsmc.o(i.MX_FSMC_Init)
    i.MX_GPIO_Init                           0x08002270   Section        0  gpio.o(i.MX_GPIO_Init)
    i.MX_I2C1_Init                           0x080022cc   Section        0  i2c.o(i.MX_I2C1_Init)
    i.MX_TIM2_Init                           0x0800230c   Section        0  tim.o(i.MX_TIM2_Init)
    i.MX_USART1_UART_Init                    0x0800237c   Section        0  usart.o(i.MX_USART1_UART_Init)
    i.MX_USART2_UART_Init                    0x080023b4   Section        0  usart.o(i.MX_USART2_UART_Init)
    i.MemManage_Handler                      0x080023ec   Section        0  stm32f1xx_it.o(i.MemManage_Handler)
    i.NMI_Handler                            0x080023ee   Section        0  stm32f1xx_it.o(i.NMI_Handler)
    i.StartDefaultTask                       0x080023f0   Section        0  freertos.o(i.StartDefaultTask)
    i.SysTick_Handler                        0x080023f8   Section        0  cmsis_os2.o(i.SysTick_Handler)
    i.SystemClock_Config                     0x08002412   Section        0  main.o(i.SystemClock_Config)
    i.SystemInit                             0x0800248c   Section        0  system_stm32f1xx.o(i.SystemInit)
    i.TIM6_IRQHandler                        0x08002490   Section        0  stm32f1xx_it.o(i.TIM6_IRQHandler)
    i.TIM_Base_SetConfig                     0x0800249c   Section        0  stm32f1xx_hal_tim.o(i.TIM_Base_SetConfig)
    i.TIM_OC1_SetConfig                      0x08002538   Section        0  stm32f1xx_hal_tim.o(i.TIM_OC1_SetConfig)
    TIM_OC1_SetConfig                        0x08002539   Thumb Code    88  stm32f1xx_hal_tim.o(i.TIM_OC1_SetConfig)
    i.TIM_OC2_SetConfig                      0x08002598   Section        0  stm32f1xx_hal_tim.o(i.TIM_OC2_SetConfig)
    i.TIM_OC3_SetConfig                      0x08002604   Section        0  stm32f1xx_hal_tim.o(i.TIM_OC3_SetConfig)
    TIM_OC3_SetConfig                        0x08002605   Thumb Code    96  stm32f1xx_hal_tim.o(i.TIM_OC3_SetConfig)
    i.TIM_OC4_SetConfig                      0x0800266c   Section        0  stm32f1xx_hal_tim.o(i.TIM_OC4_SetConfig)
    TIM_OC4_SetConfig                        0x0800266d   Thumb Code    70  stm32f1xx_hal_tim.o(i.TIM_OC4_SetConfig)
    i.UART_DMAAbortOnError                   0x080026bc   Section        0  stm32f1xx_hal_uart.o(i.UART_DMAAbortOnError)
    UART_DMAAbortOnError                     0x080026bd   Thumb Code    16  stm32f1xx_hal_uart.o(i.UART_DMAAbortOnError)
    i.UART_EndRxTransfer                     0x080026cc   Section        0  stm32f1xx_hal_uart.o(i.UART_EndRxTransfer)
    UART_EndRxTransfer                       0x080026cd   Thumb Code    78  stm32f1xx_hal_uart.o(i.UART_EndRxTransfer)
    i.UART_Receive_IT                        0x0800271a   Section        0  stm32f1xx_hal_uart.o(i.UART_Receive_IT)
    UART_Receive_IT                          0x0800271b   Thumb Code   194  stm32f1xx_hal_uart.o(i.UART_Receive_IT)
    i.UART_SetConfig                         0x080027dc   Section        0  stm32f1xx_hal_uart.o(i.UART_SetConfig)
    UART_SetConfig                           0x080027dd   Thumb Code   178  stm32f1xx_hal_uart.o(i.UART_SetConfig)
    i.USART2_IRQHandler                      0x08002894   Section        0  stm32f1xx_it.o(i.USART2_IRQHandler)
    i.UsageFault_Handler                     0x080028a0   Section        0  stm32f1xx_it.o(i.UsageFault_Handler)
    i.__NVIC_SetPriority                     0x080028a2   Section        0  stm32f1xx_hal_cortex.o(i.__NVIC_SetPriority)
    __NVIC_SetPriority                       0x080028a3   Thumb Code    32  stm32f1xx_hal_cortex.o(i.__NVIC_SetPriority)
    i.main                                   0x080028c2   Section        0  main.o(i.main)
    i.osDelay                                0x080028f8   Section        0  cmsis_os2.o(i.osDelay)
    i.osKernelInitialize                     0x08002914   Section        0  cmsis_os2.o(i.osKernelInitialize)
    i.osKernelStart                          0x08002938   Section        0  cmsis_os2.o(i.osKernelStart)
    i.osThreadNew                            0x08002970   Section        0  cmsis_os2.o(i.osThreadNew)
    i.prvAddCurrentTaskToDelayedList         0x080029fc   Section        0  tasks.o(i.prvAddCurrentTaskToDelayedList)
    prvAddCurrentTaskToDelayedList           0x080029fd   Thumb Code    84  tasks.o(i.prvAddCurrentTaskToDelayedList)
    i.prvAddNewTaskToReadyList               0x08002a58   Section        0  tasks.o(i.prvAddNewTaskToReadyList)
    prvAddNewTaskToReadyList                 0x08002a59   Thumb Code   190  tasks.o(i.prvAddNewTaskToReadyList)
    i.prvCheckForValidListAndQueue           0x08002b28   Section        0  timers.o(i.prvCheckForValidListAndQueue)
    prvCheckForValidListAndQueue             0x08002b29   Thumb Code    72  timers.o(i.prvCheckForValidListAndQueue)
    i.prvCopyDataFromQueue                   0x08002b80   Section        0  queue.o(i.prvCopyDataFromQueue)
    prvCopyDataFromQueue                     0x08002b81   Thumb Code    38  queue.o(i.prvCopyDataFromQueue)
    i.prvCopyDataToQueue                     0x08002ba6   Section        0  queue.o(i.prvCopyDataToQueue)
    prvCopyDataToQueue                       0x08002ba7   Thumb Code   108  queue.o(i.prvCopyDataToQueue)
    i.prvDeleteTCB                           0x08002c12   Section        0  tasks.o(i.prvDeleteTCB)
    prvDeleteTCB                             0x08002c13   Thumb Code    52  tasks.o(i.prvDeleteTCB)
    i.prvHeapInit                            0x08002c48   Section        0  heap_4.o(i.prvHeapInit)
    prvHeapInit                              0x08002c49   Thumb Code    66  heap_4.o(i.prvHeapInit)
    i.prvIdleTask                            0x08002c94   Section        0  tasks.o(i.prvIdleTask)
    prvIdleTask                              0x08002c95   Thumb Code    82  tasks.o(i.prvIdleTask)
    i.prvInitialiseNewQueue                  0x08002cf4   Section        0  queue.o(i.prvInitialiseNewQueue)
    prvInitialiseNewQueue                    0x08002cf5   Thumb Code    34  queue.o(i.prvInitialiseNewQueue)
    i.prvInitialiseNewTask                   0x08002d18   Section        0  tasks.o(i.prvInitialiseNewTask)
    prvInitialiseNewTask                     0x08002d19   Thumb Code   176  tasks.o(i.prvInitialiseNewTask)
    i.prvInsertBlockIntoFreeList             0x08002dc8   Section        0  heap_4.o(i.prvInsertBlockIntoFreeList)
    prvInsertBlockIntoFreeList               0x08002dc9   Thumb Code    72  heap_4.o(i.prvInsertBlockIntoFreeList)
    i.prvInsertTimerInActiveList             0x08002e14   Section        0  timers.o(i.prvInsertTimerInActiveList)
    prvInsertTimerInActiveList               0x08002e15   Thumb Code    52  timers.o(i.prvInsertTimerInActiveList)
    i.prvIsQueueEmpty                        0x08002e4c   Section        0  queue.o(i.prvIsQueueEmpty)
    prvIsQueueEmpty                          0x08002e4d   Thumb Code    28  queue.o(i.prvIsQueueEmpty)
    i.prvProcessReceivedCommands             0x08002e68   Section        0  timers.o(i.prvProcessReceivedCommands)
    prvProcessReceivedCommands               0x08002e69   Thumb Code   248  timers.o(i.prvProcessReceivedCommands)
    i.prvProcessTimerOrBlockTask             0x08002f64   Section        0  timers.o(i.prvProcessTimerOrBlockTask)
    prvProcessTimerOrBlockTask               0x08002f65   Thumb Code   182  timers.o(i.prvProcessTimerOrBlockTask)
    i.prvResetNextTaskUnblockTime            0x08003024   Section        0  tasks.o(i.prvResetNextTaskUnblockTime)
    prvResetNextTaskUnblockTime              0x08003025   Thumb Code    26  tasks.o(i.prvResetNextTaskUnblockTime)
    i.prvSampleTimeNow                       0x08003044   Section        0  timers.o(i.prvSampleTimeNow)
    prvSampleTimeNow                         0x08003045   Thumb Code    36  timers.o(i.prvSampleTimeNow)
    i.prvSwitchTimerLists                    0x0800306c   Section        0  timers.o(i.prvSwitchTimerLists)
    prvSwitchTimerLists                      0x0800306d   Thumb Code   104  timers.o(i.prvSwitchTimerLists)
    i.prvTaskExitError                       0x080030d8   Section        0  port.o(i.prvTaskExitError)
    prvTaskExitError                         0x080030d9   Thumb Code    36  port.o(i.prvTaskExitError)
    i.prvTimerTask                           0x08003100   Section        0  timers.o(i.prvTimerTask)
    prvTimerTask                             0x08003101   Thumb Code    32  timers.o(i.prvTimerTask)
    i.prvUnlockQueue                         0x08003124   Section        0  queue.o(i.prvUnlockQueue)
    prvUnlockQueue                           0x08003125   Thumb Code   106  queue.o(i.prvUnlockQueue)
    i.pvPortMalloc                           0x08003190   Section        0  heap_4.o(i.pvPortMalloc)
    i.pxPortInitialiseStack                  0x0800326c   Section        0  port.o(i.pxPortInitialiseStack)
    i.uxListRemove                           0x08003290   Section        0  list.o(i.uxListRemove)
    i.vApplicationGetIdleTaskMemory          0x080032b8   Section        0  cmsis_os2.o(i.vApplicationGetIdleTaskMemory)
    i.vApplicationGetTimerTaskMemory         0x080032cc   Section        0  cmsis_os2.o(i.vApplicationGetTimerTaskMemory)
    i.vListInitialise                        0x080032e4   Section        0  list.o(i.vListInitialise)
    i.vListInitialiseItem                    0x080032fa   Section        0  list.o(i.vListInitialiseItem)
    i.vListInsert                            0x08003300   Section        0  list.o(i.vListInsert)
    i.vListInsertEnd                         0x08003330   Section        0  list.o(i.vListInsertEnd)
    i.vPortEnterCritical                     0x08003348   Section        0  port.o(i.vPortEnterCritical)
    i.vPortExitCritical                      0x08003388   Section        0  port.o(i.vPortExitCritical)
    i.vPortFree                              0x080033b0   Section        0  heap_4.o(i.vPortFree)
    i.vPortSetupTimerInterrupt               0x08003414   Section        0  port.o(i.vPortSetupTimerInterrupt)
    i.vPortValidateInterruptPriority         0x08003438   Section        0  port.o(i.vPortValidateInterruptPriority)
    i.vQueueAddToRegistry                    0x0800348c   Section        0  queue.o(i.vQueueAddToRegistry)
    i.vQueueWaitForMessageRestricted         0x080034b4   Section        0  queue.o(i.vQueueWaitForMessageRestricted)
    i.vTaskDelay                             0x080034f8   Section        0  tasks.o(i.vTaskDelay)
    i.vTaskInternalSetTimeOutState           0x08003544   Section        0  tasks.o(i.vTaskInternalSetTimeOutState)
    i.vTaskMissedYield                       0x08003554   Section        0  tasks.o(i.vTaskMissedYield)
    i.vTaskPlaceOnEventList                  0x08003560   Section        0  tasks.o(i.vTaskPlaceOnEventList)
    i.vTaskPlaceOnEventListRestricted        0x08003590   Section        0  tasks.o(i.vTaskPlaceOnEventListRestricted)
    i.vTaskStartScheduler                    0x080035c8   Section        0  tasks.o(i.vTaskStartScheduler)
    i.vTaskSuspendAll                        0x08003650   Section        0  tasks.o(i.vTaskSuspendAll)
    i.vTaskSwitchContext                     0x08003660   Section        0  tasks.o(i.vTaskSwitchContext)
    i.xPortStartScheduler                    0x080036c4   Section        0  port.o(i.xPortStartScheduler)
    i.xPortSysTickHandler                    0x0800376c   Section        0  port.o(i.xPortSysTickHandler)
    i.xQueueGenericCreateStatic              0x08003798   Section        0  queue.o(i.xQueueGenericCreateStatic)
    i.xQueueGenericReset                     0x08003800   Section        0  queue.o(i.xQueueGenericReset)
    i.xQueueGenericSend                      0x08003888   Section        0  queue.o(i.xQueueGenericSend)
    i.xQueueGenericSendFromISR               0x080039e8   Section        0  queue.o(i.xQueueGenericSendFromISR)
    i.xQueueReceive                          0x08003aa8   Section        0  queue.o(i.xQueueReceive)
    i.xTaskCheckForTimeOut                   0x08003be0   Section        0  tasks.o(i.xTaskCheckForTimeOut)
    i.xTaskCreate                            0x08003c54   Section        0  tasks.o(i.xTaskCreate)
    i.xTaskCreateStatic                      0x08003cae   Section        0  tasks.o(i.xTaskCreateStatic)
    i.xTaskGetSchedulerState                 0x08003d04   Section        0  tasks.o(i.xTaskGetSchedulerState)
    i.xTaskGetTickCount                      0x08003d20   Section        0  tasks.o(i.xTaskGetTickCount)
    i.xTaskIncrementTick                     0x08003d2c   Section        0  tasks.o(i.xTaskIncrementTick)
    i.xTaskPriorityDisinherit                0x08003df4   Section        0  tasks.o(i.xTaskPriorityDisinherit)
    i.xTaskRemoveFromEventList               0x08003e74   Section        0  tasks.o(i.xTaskRemoveFromEventList)
    i.xTaskResumeAll                         0x08003ee4   Section        0  tasks.o(i.xTaskResumeAll)
    i.xTimerCreateTimerTask                  0x08003fa8   Section        0  timers.o(i.xTimerCreateTimerTask)
    i.xTimerGenericCommand                   0x08004008   Section        0  timers.o(i.xTimerGenericCommand)
    .constdata                               0x08004070   Section       36  freertos.o(.constdata)
    .constdata                               0x08004094   Section       18  stm32f1xx_hal_rcc.o(.constdata)
    aPredivFactorTable                       0x08004094   Data           2  stm32f1xx_hal_rcc.o(.constdata)
    aPLLMULFactorTable                       0x08004096   Data          16  stm32f1xx_hal_rcc.o(.constdata)
    .constdata                               0x080040a6   Section       16  system_stm32f1xx.o(.constdata)
    .constdata                               0x080040b6   Section        8  system_stm32f1xx.o(.constdata)
    .conststring                             0x080040c0   Section       12  freertos.o(.conststring)
    .data                                    0x20000000   Section        4  freertos.o(.data)
    .data                                    0x20000004   Section        8  fsmc.o(.data)
    FSMC_Initialized                         0x20000004   Data           4  fsmc.o(.data)
    FSMC_DeInitialized                       0x20000008   Data           4  fsmc.o(.data)
    .data                                    0x2000000c   Section       12  stm32f1xx_hal.o(.data)
    .data                                    0x20000018   Section        4  system_stm32f1xx.o(.data)
    .data                                    0x2000001c   Section       60  tasks.o(.data)
    uxDeletedTasksWaitingCleanUp             0x20000020   Data           4  tasks.o(.data)
    uxCurrentNumberOfTasks                   0x20000024   Data           4  tasks.o(.data)
    xTickCount                               0x20000028   Data           4  tasks.o(.data)
    uxTopReadyPriority                       0x2000002c   Data           4  tasks.o(.data)
    xSchedulerRunning                        0x20000030   Data           4  tasks.o(.data)
    xPendedTicks                             0x20000034   Data           4  tasks.o(.data)
    xYieldPending                            0x20000038   Data           4  tasks.o(.data)
    xNumOfOverflows                          0x2000003c   Data           4  tasks.o(.data)
    uxTaskNumber                             0x20000040   Data           4  tasks.o(.data)
    xNextTaskUnblockTime                     0x20000044   Data           4  tasks.o(.data)
    xIdleTaskHandle                          0x20000048   Data           4  tasks.o(.data)
    uxSchedulerSuspended                     0x2000004c   Data           4  tasks.o(.data)
    pxDelayedTaskList                        0x20000050   Data           4  tasks.o(.data)
    pxOverflowDelayedTaskList                0x20000054   Data           4  tasks.o(.data)
    .data                                    0x20000058   Section       20  timers.o(.data)
    xTimerQueue                              0x20000058   Data           4  timers.o(.data)
    xTimerTaskHandle                         0x2000005c   Data           4  timers.o(.data)
    xLastTime                                0x20000060   Data           4  timers.o(.data)
    pxCurrentTimerList                       0x20000064   Data           4  timers.o(.data)
    pxOverflowTimerList                      0x20000068   Data           4  timers.o(.data)
    .data                                    0x2000006c   Section        4  cmsis_os2.o(.data)
    KernelState                              0x2000006c   Data           4  cmsis_os2.o(.data)
    .data                                    0x20000070   Section       32  heap_4.o(.data)
    pxEnd                                    0x20000070   Data           4  heap_4.o(.data)
    xFreeBytesRemaining                      0x20000074   Data           4  heap_4.o(.data)
    xMinimumEverFreeBytesRemaining           0x20000078   Data           4  heap_4.o(.data)
    xNumberOfSuccessfulAllocations           0x2000007c   Data           4  heap_4.o(.data)
    xNumberOfSuccessfulFrees                 0x20000080   Data           4  heap_4.o(.data)
    xBlockAllocatedBit                       0x20000084   Data           4  heap_4.o(.data)
    xStart                                   0x20000088   Data           8  heap_4.o(.data)
    .data                                    0x20000090   Section       12  port.o(.data)
    ucMaxSysCallPriority                     0x20000090   Data           1  port.o(.data)
    uxCriticalNesting                        0x20000094   Data           4  port.o(.data)
    ulMaxPRIGROUPValue                       0x20000098   Data           4  port.o(.data)
    .bss                                     0x2000009c   Section       48  adc.o(.bss)
    .bss                                     0x200000cc   Section       72  fsmc.o(.bss)
    .bss                                     0x20000114   Section       84  i2c.o(.bss)
    .bss                                     0x20000168   Section       72  tim.o(.bss)
    .bss                                     0x200001b0   Section      280  usart.o(.bss)
    .bss                                     0x200002c8   Section       72  stm32f1xx_hal_timebase_tim.o(.bss)
    .bss                                     0x20000310   Section       64  queue.o(.bss)
    .bss                                     0x20000350   Section     1220  tasks.o(.bss)
    pxReadyTasksLists                        0x20000350   Data        1120  tasks.o(.bss)
    xDelayedTaskList1                        0x200007b0   Data          20  tasks.o(.bss)
    xDelayedTaskList2                        0x200007c4   Data          20  tasks.o(.bss)
    xPendingReadyList                        0x200007d8   Data          20  tasks.o(.bss)
    xTasksWaitingTermination                 0x200007ec   Data          20  tasks.o(.bss)
    xSuspendedTaskList                       0x20000800   Data          20  tasks.o(.bss)
    .bss                                     0x20000814   Section      280  timers.o(.bss)
    xStaticTimerQueue                        0x20000814   Data          80  timers.o(.bss)
    ucStaticTimerQueueStorage                0x20000864   Data         160  timers.o(.bss)
    xActiveTimerList1                        0x20000904   Data          20  timers.o(.bss)
    xActiveTimerList2                        0x20000918   Data          20  timers.o(.bss)
    .bss                                     0x2000092c   Section     1720  cmsis_os2.o(.bss)
    Idle_TCB                                 0x2000092c   Data          92  cmsis_os2.o(.bss)
    Idle_Stack                               0x20000988   Data         512  cmsis_os2.o(.bss)
    Timer_TCB                                0x20000b88   Data          92  cmsis_os2.o(.bss)
    Timer_Stack                              0x20000be4   Data        1024  cmsis_os2.o(.bss)
    .bss                                     0x20000fe4   Section     3072  heap_4.o(.bss)
    ucHeap                                   0x20000fe4   Data        3072  heap_4.o(.bss)
    .bss                                     0x20001be4   Section       96  libspace.o(.bss)
    HEAP                                     0x20001c48   Section      512  startup_stm32f103xe.o(HEAP)
    Heap_Mem                                 0x20001c48   Data         512  startup_stm32f103xe.o(HEAP)
    STACK                                    0x20001e48   Section     1024  startup_stm32f103xe.o(STACK)
    Stack_Mem                                0x20001e48   Data        1024  startup_stm32f103xe.o(STACK)
    __initial_sp                             0x20002248   Data           0  startup_stm32f103xe.o(STACK)

    Global Symbols

    Symbol Name                              Value     Ov Type        Size  Object(Section)

    BuildAttributes$$THM_ISAv4$P$D$K$B$S$PE$A:L22UL41UL21$X:L11$S22US41US21$IEEE1$IW$USESV6$~STKCKD$USESV7$~SHL$OSPACE$ROPI$EBA8$UX$STANDARDLIB$REQ8$PRES8$EABIv2 0x00000000   Number         0  anon$$obj.o ABSOLUTE
    __ARM_use_no_argv                        0x00000000   Number         0  main.o ABSOLUTE
    __ARM_exceptions_init                     - Undefined Weak Reference
    __alloca_initialize                       - Undefined Weak Reference
    __arm_preinit_                            - Undefined Weak Reference
    __cpp_initialize__aeabi_                  - Undefined Weak Reference
    __cxa_finalize                            - Undefined Weak Reference
    __rt_locale                               - Undefined Weak Reference
    __sigvec_lookup                           - Undefined Weak Reference
    _atexit_init                              - Undefined Weak Reference
    _call_atexit_fns                          - Undefined Weak Reference
    _clock_init                               - Undefined Weak Reference
    _fp_trap_init                             - Undefined Weak Reference
    _fp_trap_shutdown                         - Undefined Weak Reference
    _get_lc_collate                           - Undefined Weak Reference
    _get_lc_ctype                             - Undefined Weak Reference
    _get_lc_monetary                          - Undefined Weak Reference
    _get_lc_numeric                           - Undefined Weak Reference
    _get_lc_time                              - Undefined Weak Reference
    _getenv_init                              - Undefined Weak Reference
    _handle_redirection                       - Undefined Weak Reference
    _init_alloc                               - Undefined Weak Reference
    _init_user_alloc                          - Undefined Weak Reference
    _initio                                   - Undefined Weak Reference
    _rand_init                                - Undefined Weak Reference
    _signal_finish                            - Undefined Weak Reference
    _signal_init                              - Undefined Weak Reference
    _terminate_alloc                          - Undefined Weak Reference
    _terminate_user_alloc                     - Undefined Weak Reference
    _terminateio                              - Undefined Weak Reference
    __Vectors_Size                           0x00000130   Number         0  startup_stm32f103xe.o ABSOLUTE
    __Vectors                                0x08000000   Data           4  startup_stm32f103xe.o(RESET)
    __Vectors_End                            0x08000130   Data           0  startup_stm32f103xe.o(RESET)
    __main                                   0x08000131   Thumb Code     8  __main.o(!!!main)
    __scatterload                            0x08000139   Thumb Code     0  __scatter.o(!!!scatter)
    __scatterload_rt2                        0x08000139   Thumb Code    44  __scatter.o(!!!scatter)
    __scatterload_rt2_thumb_only             0x08000139   Thumb Code     0  __scatter.o(!!!scatter)
    __scatterload_null                       0x08000147   Thumb Code     0  __scatter.o(!!!scatter)
    __scatterload_copy                       0x0800016d   Thumb Code    26  __scatter_copy.o(!!handler_copy)
    __scatterload_zeroinit                   0x08000189   Thumb Code    28  __scatter_zi.o(!!handler_zi)
    __rt_lib_init                            0x080001a5   Thumb Code     0  libinit.o(.ARM.Collect$$libinit$$00000000)
    __rt_lib_init_alloca_1                   0x080001a7   Thumb Code     0  libinit2.o(.ARM.Collect$$libinit$$0000002E)
    __rt_lib_init_argv_1                     0x080001a7   Thumb Code     0  libinit2.o(.ARM.Collect$$libinit$$0000002C)
    __rt_lib_init_atexit_1                   0x080001a7   Thumb Code     0  libinit2.o(.ARM.Collect$$libinit$$0000001B)
    __rt_lib_init_clock_1                    0x080001a7   Thumb Code     0  libinit2.o(.ARM.Collect$$libinit$$00000021)
    __rt_lib_init_cpp_1                      0x080001a7   Thumb Code     0  libinit2.o(.ARM.Collect$$libinit$$00000032)
    __rt_lib_init_exceptions_1               0x080001a7   Thumb Code     0  libinit2.o(.ARM.Collect$$libinit$$00000030)
    __rt_lib_init_fp_1                       0x080001a7   Thumb Code     0  libinit2.o(.ARM.Collect$$libinit$$00000002)
    __rt_lib_init_fp_trap_1                  0x080001a7   Thumb Code     0  libinit2.o(.ARM.Collect$$libinit$$0000001F)
    __rt_lib_init_getenv_1                   0x080001a7   Thumb Code     0  libinit2.o(.ARM.Collect$$libinit$$00000023)
    __rt_lib_init_heap_1                     0x080001a7   Thumb Code     0  libinit2.o(.ARM.Collect$$libinit$$0000000A)
    __rt_lib_init_lc_collate_1               0x080001a7   Thumb Code     0  libinit2.o(.ARM.Collect$$libinit$$00000011)
    __rt_lib_init_lc_ctype_1                 0x080001a7   Thumb Code     0  libinit2.o(.ARM.Collect$$libinit$$00000013)
    __rt_lib_init_lc_monetary_1              0x080001a7   Thumb Code     0  libinit2.o(.ARM.Collect$$libinit$$00000015)
    __rt_lib_init_lc_numeric_1               0x080001a7   Thumb Code     0  libinit2.o(.ARM.Collect$$libinit$$00000017)
    __rt_lib_init_lc_time_1                  0x080001a7   Thumb Code     0  libinit2.o(.ARM.Collect$$libinit$$00000019)
    __rt_lib_init_preinit_1                  0x080001a7   Thumb Code     0  libinit2.o(.ARM.Collect$$libinit$$00000004)
    __rt_lib_init_rand_1                     0x080001a7   Thumb Code     0  libinit2.o(.ARM.Collect$$libinit$$0000000E)
    __rt_lib_init_return                     0x080001a7   Thumb Code     0  libinit2.o(.ARM.Collect$$libinit$$00000033)
    __rt_lib_init_signal_1                   0x080001a7   Thumb Code     0  libinit2.o(.ARM.Collect$$libinit$$0000001D)
    __rt_lib_init_stdio_1                    0x080001a7   Thumb Code     0  libinit2.o(.ARM.Collect$$libinit$$00000025)
    __rt_lib_init_user_alloc_1               0x080001a7   Thumb Code     0  libinit2.o(.ARM.Collect$$libinit$$0000000C)
    __rt_lib_shutdown                        0x080001a9   Thumb Code     0  libshutdown.o(.ARM.Collect$$libshutdown$$00000000)
    __rt_lib_shutdown_cpp_1                  0x080001ab   Thumb Code     0  libshutdown2.o(.ARM.Collect$$libshutdown$$00000002)
    __rt_lib_shutdown_fp_trap_1              0x080001ab   Thumb Code     0  libshutdown2.o(.ARM.Collect$$libshutdown$$00000007)
    __rt_lib_shutdown_heap_1                 0x080001ab   Thumb Code     0  libshutdown2.o(.ARM.Collect$$libshutdown$$0000000F)
    __rt_lib_shutdown_return                 0x080001ab   Thumb Code     0  libshutdown2.o(.ARM.Collect$$libshutdown$$00000010)
    __rt_lib_shutdown_signal_1               0x080001ab   Thumb Code     0  libshutdown2.o(.ARM.Collect$$libshutdown$$0000000A)
    __rt_lib_shutdown_stdio_1                0x080001ab   Thumb Code     0  libshutdown2.o(.ARM.Collect$$libshutdown$$00000004)
    __rt_lib_shutdown_user_alloc_1           0x080001ab   Thumb Code     0  libshutdown2.o(.ARM.Collect$$libshutdown$$0000000C)
    __rt_entry                               0x080001ad   Thumb Code     0  __rtentry.o(.ARM.Collect$$rtentry$$00000000)
    __rt_entry_presh_1                       0x080001ad   Thumb Code     0  __rtentry2.o(.ARM.Collect$$rtentry$$00000002)
    __rt_entry_sh                            0x080001ad   Thumb Code     0  __rtentry4.o(.ARM.Collect$$rtentry$$00000004)
    __rt_entry_li                            0x080001b3   Thumb Code     0  __rtentry2.o(.ARM.Collect$$rtentry$$0000000A)
    __rt_entry_postsh_1                      0x080001b3   Thumb Code     0  __rtentry2.o(.ARM.Collect$$rtentry$$00000009)
    __rt_entry_main                          0x080001b7   Thumb Code     0  __rtentry2.o(.ARM.Collect$$rtentry$$0000000D)
    __rt_entry_postli_1                      0x080001b7   Thumb Code     0  __rtentry2.o(.ARM.Collect$$rtentry$$0000000C)
    __rt_exit                                0x080001bf   Thumb Code     0  rtexit.o(.ARM.Collect$$rtexit$$00000000)
    __rt_exit_ls                             0x080001c1   Thumb Code     0  rtexit2.o(.ARM.Collect$$rtexit$$00000003)
    __rt_exit_prels_1                        0x080001c1   Thumb Code     0  rtexit2.o(.ARM.Collect$$rtexit$$00000002)
    __rt_exit_exit                           0x080001c5   Thumb Code     0  rtexit2.o(.ARM.Collect$$rtexit$$00000004)
    SVC_Handler                              0x080001cd   Thumb Code    32  port.o(.emb_text)
    __asm___6_port_c_39a90d8d__prvStartFirstTask 0x080001f1   Thumb Code    28  port.o(.emb_text)
    PendSV_Handler                           0x08000211   Thumb Code    72  port.o(.emb_text)
    vPortGetIPSR                             0x0800025d   Thumb Code     6  port.o(.emb_text)
    Reset_Handler                            0x08000265   Thumb Code     8  startup_stm32f103xe.o(.text)
    ADC1_2_IRQHandler                        0x0800027f   Thumb Code     0  startup_stm32f103xe.o(.text)
    ADC3_IRQHandler                          0x0800027f   Thumb Code     0  startup_stm32f103xe.o(.text)
    CAN1_RX1_IRQHandler                      0x0800027f   Thumb Code     0  startup_stm32f103xe.o(.text)
    CAN1_SCE_IRQHandler                      0x0800027f   Thumb Code     0  startup_stm32f103xe.o(.text)
    DMA1_Channel1_IRQHandler                 0x0800027f   Thumb Code     0  startup_stm32f103xe.o(.text)
    DMA1_Channel2_IRQHandler                 0x0800027f   Thumb Code     0  startup_stm32f103xe.o(.text)
    DMA1_Channel3_IRQHandler                 0x0800027f   Thumb Code     0  startup_stm32f103xe.o(.text)
    DMA1_Channel4_IRQHandler                 0x0800027f   Thumb Code     0  startup_stm32f103xe.o(.text)
    DMA1_Channel5_IRQHandler                 0x0800027f   Thumb Code     0  startup_stm32f103xe.o(.text)
    DMA2_Channel1_IRQHandler                 0x0800027f   Thumb Code     0  startup_stm32f103xe.o(.text)
    DMA2_Channel2_IRQHandler                 0x0800027f   Thumb Code     0  startup_stm32f103xe.o(.text)
    DMA2_Channel3_IRQHandler                 0x0800027f   Thumb Code     0  startup_stm32f103xe.o(.text)
    DMA2_Channel4_5_IRQHandler               0x0800027f   Thumb Code     0  startup_stm32f103xe.o(.text)
    EXTI0_IRQHandler                         0x0800027f   Thumb Code     0  startup_stm32f103xe.o(.text)
    EXTI15_10_IRQHandler                     0x0800027f   Thumb Code     0  startup_stm32f103xe.o(.text)
    EXTI1_IRQHandler                         0x0800027f   Thumb Code     0  startup_stm32f103xe.o(.text)
    EXTI2_IRQHandler                         0x0800027f   Thumb Code     0  startup_stm32f103xe.o(.text)
    EXTI3_IRQHandler                         0x0800027f   Thumb Code     0  startup_stm32f103xe.o(.text)
    EXTI4_IRQHandler                         0x0800027f   Thumb Code     0  startup_stm32f103xe.o(.text)
    EXTI9_5_IRQHandler                       0x0800027f   Thumb Code     0  startup_stm32f103xe.o(.text)
    FLASH_IRQHandler                         0x0800027f   Thumb Code     0  startup_stm32f103xe.o(.text)
    FSMC_IRQHandler                          0x0800027f   Thumb Code     0  startup_stm32f103xe.o(.text)
    I2C1_ER_IRQHandler                       0x0800027f   Thumb Code     0  startup_stm32f103xe.o(.text)
    I2C1_EV_IRQHandler                       0x0800027f   Thumb Code     0  startup_stm32f103xe.o(.text)
    I2C2_ER_IRQHandler                       0x0800027f   Thumb Code     0  startup_stm32f103xe.o(.text)
    I2C2_EV_IRQHandler                       0x0800027f   Thumb Code     0  startup_stm32f103xe.o(.text)
    PVD_IRQHandler                           0x0800027f   Thumb Code     0  startup_stm32f103xe.o(.text)
    RCC_IRQHandler                           0x0800027f   Thumb Code     0  startup_stm32f103xe.o(.text)
    RTC_Alarm_IRQHandler                     0x0800027f   Thumb Code     0  startup_stm32f103xe.o(.text)
    RTC_IRQHandler                           0x0800027f   Thumb Code     0  startup_stm32f103xe.o(.text)
    SDIO_IRQHandler                          0x0800027f   Thumb Code     0  startup_stm32f103xe.o(.text)
    SPI1_IRQHandler                          0x0800027f   Thumb Code     0  startup_stm32f103xe.o(.text)
    SPI2_IRQHandler                          0x0800027f   Thumb Code     0  startup_stm32f103xe.o(.text)
    SPI3_IRQHandler                          0x0800027f   Thumb Code     0  startup_stm32f103xe.o(.text)
    TAMPER_IRQHandler                        0x0800027f   Thumb Code     0  startup_stm32f103xe.o(.text)
    TIM1_BRK_IRQHandler                      0x0800027f   Thumb Code     0  startup_stm32f103xe.o(.text)
    TIM1_CC_IRQHandler                       0x0800027f   Thumb Code     0  startup_stm32f103xe.o(.text)
    TIM1_TRG_COM_IRQHandler                  0x0800027f   Thumb Code     0  startup_stm32f103xe.o(.text)
    TIM1_UP_IRQHandler                       0x0800027f   Thumb Code     0  startup_stm32f103xe.o(.text)
    TIM2_IRQHandler                          0x0800027f   Thumb Code     0  startup_stm32f103xe.o(.text)
    TIM3_IRQHandler                          0x0800027f   Thumb Code     0  startup_stm32f103xe.o(.text)
    TIM4_IRQHandler                          0x0800027f   Thumb Code     0  startup_stm32f103xe.o(.text)
    TIM5_IRQHandler                          0x0800027f   Thumb Code     0  startup_stm32f103xe.o(.text)
    TIM7_IRQHandler                          0x0800027f   Thumb Code     0  startup_stm32f103xe.o(.text)
    TIM8_BRK_IRQHandler                      0x0800027f   Thumb Code     0  startup_stm32f103xe.o(.text)
    TIM8_CC_IRQHandler                       0x0800027f   Thumb Code     0  startup_stm32f103xe.o(.text)
    TIM8_TRG_COM_IRQHandler                  0x0800027f   Thumb Code     0  startup_stm32f103xe.o(.text)
    TIM8_UP_IRQHandler                       0x0800027f   Thumb Code     0  startup_stm32f103xe.o(.text)
    UART4_IRQHandler                         0x0800027f   Thumb Code     0  startup_stm32f103xe.o(.text)
    UART5_IRQHandler                         0x0800027f   Thumb Code     0  startup_stm32f103xe.o(.text)
    USART1_IRQHandler                        0x0800027f   Thumb Code     0  startup_stm32f103xe.o(.text)
    USART3_IRQHandler                        0x0800027f   Thumb Code     0  startup_stm32f103xe.o(.text)
    USBWakeUp_IRQHandler                     0x0800027f   Thumb Code     0  startup_stm32f103xe.o(.text)
    USB_HP_CAN1_TX_IRQHandler                0x0800027f   Thumb Code     0  startup_stm32f103xe.o(.text)
    USB_LP_CAN1_RX0_IRQHandler               0x0800027f   Thumb Code     0  startup_stm32f103xe.o(.text)
    WWDG_IRQHandler                          0x0800027f   Thumb Code     0  startup_stm32f103xe.o(.text)
    __user_initial_stackheap                 0x08000281   Thumb Code     0  startup_stm32f103xe.o(.text)
    __aeabi_memcpy                           0x080002a5   Thumb Code     0  rt_memcpy_v6.o(.text)
    __rt_memcpy                              0x080002a5   Thumb Code   138  rt_memcpy_v6.o(.text)
    _memcpy_lastbytes                        0x0800030b   Thumb Code     0  rt_memcpy_v6.o(.text)
    __aeabi_memset                           0x0800032f   Thumb Code    16  aeabi_memset.o(.text)
    __aeabi_memclr4                          0x0800033f   Thumb Code     0  rt_memclr_w.o(.text)
    __aeabi_memclr8                          0x0800033f   Thumb Code     0  rt_memclr_w.o(.text)
    __rt_memclr_w                            0x0800033f   Thumb Code    78  rt_memclr_w.o(.text)
    _memset_w                                0x08000343   Thumb Code     0  rt_memclr_w.o(.text)
    __use_two_region_memory                  0x0800038d   Thumb Code     2  heapauxi.o(.text)
    __rt_heap_escrow$2region                 0x0800038f   Thumb Code     2  heapauxi.o(.text)
    __rt_heap_expand$2region                 0x08000391   Thumb Code     2  heapauxi.o(.text)
    __aeabi_memcpy4                          0x08000393   Thumb Code     0  rt_memcpy_w.o(.text)
    __aeabi_memcpy8                          0x08000393   Thumb Code     0  rt_memcpy_w.o(.text)
    __rt_memcpy_w                            0x08000393   Thumb Code   100  rt_memcpy_w.o(.text)
    _memcpy_lastbytes_aligned                0x080003db   Thumb Code     0  rt_memcpy_w.o(.text)
    __aeabi_memclr                           0x080003f7   Thumb Code     0  rt_memclr.o(.text)
    __rt_memclr                              0x080003f7   Thumb Code    68  rt_memclr.o(.text)
    _memset                                  0x080003fb   Thumb Code     0  rt_memclr.o(.text)
    __user_setup_stackheap                   0x0800043b   Thumb Code    74  sys_stackheap_outer.o(.text)
    exit                                     0x08000485   Thumb Code    18  exit.o(.text)
    __user_libspace                          0x08000499   Thumb Code     8  libspace.o(.text)
    __user_perproc_libspace                  0x08000499   Thumb Code     0  libspace.o(.text)
    __user_perthread_libspace                0x08000499   Thumb Code     0  libspace.o(.text)
    _sys_exit                                0x080004a1   Thumb Code     8  sys_exit.o(.text)
    __I$use$semihosting                      0x080004ad   Thumb Code     0  use_no_semi.o(.text)
    __use_no_semihosting_swi                 0x080004ad   Thumb Code     2  use_no_semi.o(.text)
    __semihosting_library_function           0x080004af   Thumb Code     0  indicate_semi.o(.text)
    ADC_ConversionStop_Disable               0x080004b1   Thumb Code    86  stm32f1xx_hal_adc.o(i.ADC_ConversionStop_Disable)
    BusFault_Handler                         0x08000507   Thumb Code     2  stm32f1xx_it.o(i.BusFault_Handler)
    DMA1_Channel6_IRQHandler                 0x08000509   Thumb Code     6  stm32f1xx_it.o(i.DMA1_Channel6_IRQHandler)
    DMA1_Channel7_IRQHandler                 0x08000515   Thumb Code     6  stm32f1xx_it.o(i.DMA1_Channel7_IRQHandler)
    DebugMon_Handler                         0x08000521   Thumb Code     2  stm32f1xx_it.o(i.DebugMon_Handler)
    Error_Handler                            0x08000523   Thumb Code     4  main.o(i.Error_Handler)
    FSMC_NORSRAM_Extended_Timing_Init        0x08000529   Thumb Code    56  stm32f1xx_ll_fsmc.o(i.FSMC_NORSRAM_Extended_Timing_Init)
    FSMC_NORSRAM_Init                        0x08000565   Thumb Code    98  stm32f1xx_ll_fsmc.o(i.FSMC_NORSRAM_Init)
    FSMC_NORSRAM_Timing_Init                 0x080005cd   Thumb Code    56  stm32f1xx_ll_fsmc.o(i.FSMC_NORSRAM_Timing_Init)
    HAL_ADC_ConfigChannel                    0x08000609   Thumb Code   240  stm32f1xx_hal_adc.o(i.HAL_ADC_ConfigChannel)
    HAL_ADC_Init                             0x08000705   Thumb Code   272  stm32f1xx_hal_adc.o(i.HAL_ADC_Init)
    HAL_ADC_MspInit                          0x08000825   Thumb Code    76  adc.o(i.HAL_ADC_MspInit)
    HAL_DMA_Abort                            0x0800087d   Thumb Code    70  stm32f1xx_hal_dma.o(i.HAL_DMA_Abort)
    HAL_DMA_Abort_IT                         0x080008c5   Thumb Code   296  stm32f1xx_hal_dma.o(i.HAL_DMA_Abort_IT)
    HAL_DMA_IRQHandler                       0x080009f5   Thumb Code   552  stm32f1xx_hal_dma.o(i.HAL_DMA_IRQHandler)
    HAL_DMA_Init                             0x08000c3d   Thumb Code   112  stm32f1xx_hal_dma.o(i.HAL_DMA_Init)
    HAL_GPIO_Init                            0x08000d21   Thumb Code   462  stm32f1xx_hal_gpio.o(i.HAL_GPIO_Init)
    HAL_GetTick                              0x08000f19   Thumb Code     6  stm32f1xx_hal.o(i.HAL_GetTick)
    HAL_I2C_Init                             0x08000f25   Thumb Code   376  stm32f1xx_hal_i2c.o(i.HAL_I2C_Init)
    HAL_I2C_MspInit                          0x080010ad   Thumb Code    80  i2c.o(i.HAL_I2C_MspInit)
    HAL_IncTick                              0x08001109   Thumb Code    12  stm32f1xx_hal.o(i.HAL_IncTick)
    HAL_Init                                 0x08001119   Thumb Code    32  stm32f1xx_hal.o(i.HAL_Init)
    HAL_InitTick                             0x0800113d   Thumb Code   132  stm32f1xx_hal_timebase_tim.o(i.HAL_InitTick)
    HAL_MspInit                              0x080011d5   Thumb Code    62  stm32f1xx_hal_msp.o(i.HAL_MspInit)
    HAL_NVIC_EnableIRQ                       0x0800121d   Thumb Code    26  stm32f1xx_hal_cortex.o(i.HAL_NVIC_EnableIRQ)
    HAL_NVIC_SetPriority                     0x08001239   Thumb Code    60  stm32f1xx_hal_cortex.o(i.HAL_NVIC_SetPriority)
    HAL_NVIC_SetPriorityGrouping             0x08001279   Thumb Code    26  stm32f1xx_hal_cortex.o(i.HAL_NVIC_SetPriorityGrouping)
    HAL_RCCEx_PeriphCLKConfig                0x0800129d   Thumb Code   224  stm32f1xx_hal_rcc_ex.o(i.HAL_RCCEx_PeriphCLKConfig)
    HAL_RCC_ClockConfig                      0x08001389   Thumb Code   280  stm32f1xx_hal_rcc.o(i.HAL_RCC_ClockConfig)
    HAL_RCC_GetClockConfig                   0x080014b5   Thumb Code    54  stm32f1xx_hal_rcc.o(i.HAL_RCC_GetClockConfig)
    HAL_RCC_GetPCLK1Freq                     0x080014f5   Thumb Code    20  stm32f1xx_hal_rcc.o(i.HAL_RCC_GetPCLK1Freq)
    HAL_RCC_GetPCLK2Freq                     0x08001515   Thumb Code    20  stm32f1xx_hal_rcc.o(i.HAL_RCC_GetPCLK2Freq)
    HAL_RCC_GetSysClockFreq                  0x08001535   Thumb Code    58  stm32f1xx_hal_rcc.o(i.HAL_RCC_GetSysClockFreq)
    HAL_RCC_OscConfig                        0x08001581   Thumb Code   778  stm32f1xx_hal_rcc.o(i.HAL_RCC_OscConfig)
    HAL_SRAM_Init                            0x080018a1   Thumb Code   100  stm32f1xx_hal_sram.o(i.HAL_SRAM_Init)
    HAL_SRAM_MspInit                         0x08001905   Thumb Code     4  fsmc.o(i.HAL_SRAM_MspInit)
    HAL_TIMEx_BreakCallback                  0x08001909   Thumb Code     2  stm32f1xx_hal_tim_ex.o(i.HAL_TIMEx_BreakCallback)
    HAL_TIMEx_CommutCallback                 0x0800190b   Thumb Code     2  stm32f1xx_hal_tim_ex.o(i.HAL_TIMEx_CommutCallback)
    HAL_TIMEx_MasterConfigSynchronization    0x0800190d   Thumb Code   104  stm32f1xx_hal_tim_ex.o(i.HAL_TIMEx_MasterConfigSynchronization)
    HAL_TIM_Base_Init                        0x08001989   Thumb Code    90  stm32f1xx_hal_tim.o(i.HAL_TIM_Base_Init)
    HAL_TIM_Base_MspInit                     0x080019e3   Thumb Code     2  stm32f1xx_hal_tim.o(i.HAL_TIM_Base_MspInit)
    HAL_TIM_Base_Start_IT                    0x080019e5   Thumb Code    88  stm32f1xx_hal_tim.o(i.HAL_TIM_Base_Start_IT)
    HAL_TIM_IC_CaptureCallback               0x08001a51   Thumb Code     2  stm32f1xx_hal_tim.o(i.HAL_TIM_IC_CaptureCallback)
    HAL_TIM_IRQHandler                       0x08001a53   Thumb Code   304  stm32f1xx_hal_tim.o(i.HAL_TIM_IRQHandler)
    HAL_TIM_MspPostInit                      0x08001b85   Thumb Code    82  tim.o(i.HAL_TIM_MspPostInit)
    HAL_TIM_OC_DelayElapsedCallback          0x08001be5   Thumb Code     2  stm32f1xx_hal_tim.o(i.HAL_TIM_OC_DelayElapsedCallback)
    HAL_TIM_PWM_ConfigChannel                0x08001be7   Thumb Code   204  stm32f1xx_hal_tim.o(i.HAL_TIM_PWM_ConfigChannel)
    HAL_TIM_PWM_Init                         0x08001cb3   Thumb Code    90  stm32f1xx_hal_tim.o(i.HAL_TIM_PWM_Init)
    HAL_TIM_PWM_MspInit                      0x08001d0d   Thumb Code    30  tim.o(i.HAL_TIM_PWM_MspInit)
    HAL_TIM_PWM_PulseFinishedCallback        0x08001d31   Thumb Code     2  stm32f1xx_hal_tim.o(i.HAL_TIM_PWM_PulseFinishedCallback)
    HAL_TIM_PeriodElapsedCallback            0x08001d35   Thumb Code    14  main.o(i.HAL_TIM_PeriodElapsedCallback)
    HAL_TIM_TriggerCallback                  0x08001d49   Thumb Code     2  stm32f1xx_hal_tim.o(i.HAL_TIM_TriggerCallback)
    HAL_UARTEx_RxEventCallback               0x08001d4b   Thumb Code     2  stm32f1xx_hal_uart.o(i.HAL_UARTEx_RxEventCallback)
    HAL_UART_ErrorCallback                   0x08001d4d   Thumb Code     2  stm32f1xx_hal_uart.o(i.HAL_UART_ErrorCallback)
    HAL_UART_IRQHandler                      0x08001d51   Thumb Code   616  stm32f1xx_hal_uart.o(i.HAL_UART_IRQHandler)
    HAL_UART_Init                            0x08001fbd   Thumb Code   100  stm32f1xx_hal_uart.o(i.HAL_UART_Init)
    HAL_UART_MspInit                         0x08002021   Thumb Code   268  usart.o(i.HAL_UART_MspInit)
    HAL_UART_RxCpltCallback                  0x08002145   Thumb Code     2  stm32f1xx_hal_uart.o(i.HAL_UART_RxCpltCallback)
    HAL_UART_TxCpltCallback                  0x08002147   Thumb Code     2  stm32f1xx_hal_uart.o(i.HAL_UART_TxCpltCallback)
    HardFault_Handler                        0x08002149   Thumb Code     2  stm32f1xx_it.o(i.HardFault_Handler)
    MX_ADC1_Init                             0x0800214d   Thumb Code    70  adc.o(i.MX_ADC1_Init)
    MX_DMA_Init                              0x0800219d   Thumb Code    56  dma.o(i.MX_DMA_Init)
    MX_FREERTOS_Init                         0x080021d9   Thumb Code    18  freertos.o(i.MX_FREERTOS_Init)
    MX_FSMC_Init                             0x080021f9   Thumb Code   106  fsmc.o(i.MX_FSMC_Init)
    MX_GPIO_Init                             0x08002271   Thumb Code    86  gpio.o(i.MX_GPIO_Init)
    MX_I2C1_Init                             0x080022cd   Thumb Code    50  i2c.o(i.MX_I2C1_Init)
    MX_TIM2_Init                             0x0800230d   Thumb Code   106  tim.o(i.MX_TIM2_Init)
    MX_USART1_UART_Init                      0x0800237d   Thumb Code    48  usart.o(i.MX_USART1_UART_Init)
    MX_USART2_UART_Init                      0x080023b5   Thumb Code    48  usart.o(i.MX_USART2_UART_Init)
    MemManage_Handler                        0x080023ed   Thumb Code     2  stm32f1xx_it.o(i.MemManage_Handler)
    NMI_Handler                              0x080023ef   Thumb Code     2  stm32f1xx_it.o(i.NMI_Handler)
    StartDefaultTask                         0x080023f1   Thumb Code     8  freertos.o(i.StartDefaultTask)
    SysTick_Handler                          0x080023f9   Thumb Code    26  cmsis_os2.o(i.SysTick_Handler)
    SystemClock_Config                       0x08002413   Thumb Code   122  main.o(i.SystemClock_Config)
    SystemInit                               0x0800248d   Thumb Code     2  system_stm32f1xx.o(i.SystemInit)
    TIM6_IRQHandler                          0x08002491   Thumb Code     6  stm32f1xx_it.o(i.TIM6_IRQHandler)
    TIM_Base_SetConfig                       0x0800249d   Thumb Code   134  stm32f1xx_hal_tim.o(i.TIM_Base_SetConfig)
    TIM_OC2_SetConfig                        0x08002599   Thumb Code    98  stm32f1xx_hal_tim.o(i.TIM_OC2_SetConfig)
    USART2_IRQHandler                        0x08002895   Thumb Code     6  stm32f1xx_it.o(i.USART2_IRQHandler)
    UsageFault_Handler                       0x080028a1   Thumb Code     2  stm32f1xx_it.o(i.UsageFault_Handler)
    main                                     0x080028c3   Thumb Code    54  main.o(i.main)
    osDelay                                  0x080028f9   Thumb Code    26  cmsis_os2.o(i.osDelay)
    osKernelInitialize                       0x08002915   Thumb Code    32  cmsis_os2.o(i.osKernelInitialize)
    osKernelStart                            0x08002939   Thumb Code    48  cmsis_os2.o(i.osKernelStart)
    osThreadNew                              0x08002971   Thumb Code   138  cmsis_os2.o(i.osThreadNew)
    pvPortMalloc                             0x08003191   Thumb Code   216  heap_4.o(i.pvPortMalloc)
    pxPortInitialiseStack                    0x0800326d   Thumb Code    32  port.o(i.pxPortInitialiseStack)
    uxListRemove                             0x08003291   Thumb Code    38  list.o(i.uxListRemove)
    vApplicationGetIdleTaskMemory            0x080032b9   Thumb Code    16  cmsis_os2.o(i.vApplicationGetIdleTaskMemory)
    vApplicationGetTimerTaskMemory           0x080032cd   Thumb Code    18  cmsis_os2.o(i.vApplicationGetTimerTaskMemory)
    vListInitialise                          0x080032e5   Thumb Code    22  list.o(i.vListInitialise)
    vListInitialiseItem                      0x080032fb   Thumb Code     6  list.o(i.vListInitialiseItem)
    vListInsert                              0x08003301   Thumb Code    48  list.o(i.vListInsert)
    vListInsertEnd                           0x08003331   Thumb Code    24  list.o(i.vListInsertEnd)
    vPortEnterCritical                       0x08003349   Thumb Code    54  port.o(i.vPortEnterCritical)
    vPortExitCritical                        0x08003389   Thumb Code    34  port.o(i.vPortExitCritical)
    vPortFree                                0x080033b1   Thumb Code    94  heap_4.o(i.vPortFree)
    vPortSetupTimerInterrupt                 0x08003415   Thumb Code    32  port.o(i.vPortSetupTimerInterrupt)
    vPortValidateInterruptPriority           0x08003439   Thumb Code    74  port.o(i.vPortValidateInterruptPriority)
    vQueueAddToRegistry                      0x0800348d   Thumb Code    34  queue.o(i.vQueueAddToRegistry)
    vQueueWaitForMessageRestricted           0x080034b5   Thumb Code    68  queue.o(i.vQueueWaitForMessageRestricted)
    vTaskDelay                               0x080034f9   Thumb Code    66  tasks.o(i.vTaskDelay)
    vTaskInternalSetTimeOutState             0x08003545   Thumb Code    12  tasks.o(i.vTaskInternalSetTimeOutState)
    vTaskMissedYield                         0x08003555   Thumb Code     8  tasks.o(i.vTaskMissedYield)
    vTaskPlaceOnEventList                    0x08003561   Thumb Code    44  tasks.o(i.vTaskPlaceOnEventList)
    vTaskPlaceOnEventListRestricted          0x08003591   Thumb Code    52  tasks.o(i.vTaskPlaceOnEventListRestricted)
    vTaskStartScheduler                      0x080035c9   Thumb Code   118  tasks.o(i.vTaskStartScheduler)
    vTaskSuspendAll                          0x08003651   Thumb Code    10  tasks.o(i.vTaskSuspendAll)
    vTaskSwitchContext                       0x08003661   Thumb Code    90  tasks.o(i.vTaskSwitchContext)
    xPortStartScheduler                      0x080036c5   Thumb Code   154  port.o(i.xPortStartScheduler)
    xPortSysTickHandler                      0x0800376d   Thumb Code    38  port.o(i.xPortSysTickHandler)
    xQueueGenericCreateStatic                0x08003799   Thumb Code   102  queue.o(i.xQueueGenericCreateStatic)
    xQueueGenericReset                       0x08003801   Thumb Code   132  queue.o(i.xQueueGenericReset)
    xQueueGenericSend                        0x08003889   Thumb Code   346  queue.o(i.xQueueGenericSend)
    xQueueGenericSendFromISR                 0x080039e9   Thumb Code   190  queue.o(i.xQueueGenericSendFromISR)
    xQueueReceive                            0x08003aa9   Thumb Code   308  queue.o(i.xQueueReceive)
    xTaskCheckForTimeOut                     0x08003be1   Thumb Code   112  tasks.o(i.xTaskCheckForTimeOut)
    xTaskCreate                              0x08003c55   Thumb Code    90  tasks.o(i.xTaskCreate)
    xTaskCreateStatic                        0x08003caf   Thumb Code    86  tasks.o(i.xTaskCreateStatic)
    xTaskGetSchedulerState                   0x08003d05   Thumb Code    22  tasks.o(i.xTaskGetSchedulerState)
    xTaskGetTickCount                        0x08003d21   Thumb Code     6  tasks.o(i.xTaskGetTickCount)
    xTaskIncrementTick                       0x08003d2d   Thumb Code   192  tasks.o(i.xTaskIncrementTick)
    xTaskPriorityDisinherit                  0x08003df5   Thumb Code   118  tasks.o(i.xTaskPriorityDisinherit)
    xTaskRemoveFromEventList                 0x08003e75   Thumb Code    98  tasks.o(i.xTaskRemoveFromEventList)
    xTaskResumeAll                           0x08003ee5   Thumb Code   182  tasks.o(i.xTaskResumeAll)
    xTimerCreateTimerTask                    0x08003fa9   Thumb Code    78  timers.o(i.xTimerCreateTimerTask)
    xTimerGenericCommand                     0x08004009   Thumb Code    98  timers.o(i.xTimerGenericCommand)
    defaultTask_attributes                   0x08004070   Data          36  freertos.o(.constdata)
    AHBPrescTable                            0x080040a6   Data          16  system_stm32f1xx.o(.constdata)
    APBPrescTable                            0x080040b6   Data           8  system_stm32f1xx.o(.constdata)
    Region$$Table$$Base                      0x080040cc   Number         0  anon$$obj.o(Region$$Table)
    Region$$Table$$Limit                     0x080040ec   Number         0  anon$$obj.o(Region$$Table)
    defaultTaskHandle                        0x20000000   Data           4  freertos.o(.data)
    uwTickFreq                               0x2000000c   Data           1  stm32f1xx_hal.o(.data)
    uwTickPrio                               0x20000010   Data           4  stm32f1xx_hal.o(.data)
    uwTick                                   0x20000014   Data           4  stm32f1xx_hal.o(.data)
    SystemCoreClock                          0x20000018   Data           4  system_stm32f1xx.o(.data)
    pxCurrentTCB                             0x2000001c   Data           4  tasks.o(.data)
    hadc1                                    0x2000009c   Data          48  adc.o(.bss)
    hsram1                                   0x200000cc   Data          72  fsmc.o(.bss)
    hi2c1                                    0x20000114   Data          84  i2c.o(.bss)
    htim2                                    0x20000168   Data          72  tim.o(.bss)
    huart1                                   0x200001b0   Data          72  usart.o(.bss)
    huart2                                   0x200001f8   Data          72  usart.o(.bss)
    hdma_usart2_rx                           0x20000240   Data          68  usart.o(.bss)
    hdma_usart2_tx                           0x20000284   Data          68  usart.o(.bss)
    htim6                                    0x200002c8   Data          72  stm32f1xx_hal_timebase_tim.o(.bss)
    xQueueRegistry                           0x20000310   Data          64  queue.o(.bss)
    __libspace_start                         0x20001be4   Data          96  libspace.o(.bss)
    __temporary_stack_top$libspace           0x20001c44   Data           0  libspace.o(.bss)



==============================================================================

Memory Map of the image

  Image Entry point : 0x08000131

  Load Region LR_IROM1 (Base: 0x08000000, Size: 0x00004188, Max: 0x00080000, ABSOLUTE)

    Execution Region ER_IROM1 (Exec base: 0x08000000, Load base: 0x08000000, Size: 0x000040ec, Max: 0x00080000, ABSOLUTE)

    Exec Addr    Load Addr    Size         Type   Attr      Idx    E Section Name        Object

    0x08000000   0x08000000   0x00000130   Data   RO            3    RESET               startup_stm32f103xe.o
    0x08000130   0x08000130   0x00000008   Code   RO         5865  * !!!main             c_w.l(__main.o)
    0x08000138   0x08000138   0x00000034   Code   RO         6026    !!!scatter          c_w.l(__scatter.o)
    0x0800016c   0x0800016c   0x0000001a   Code   RO         6028    !!handler_copy      c_w.l(__scatter_copy.o)
    0x08000186   0x08000186   0x00000002   PAD
    0x08000188   0x08000188   0x0000001c   Code   RO         6030    !!handler_zi        c_w.l(__scatter_zi.o)
    0x080001a4   0x080001a4   0x00000002   Code   RO         5896    .ARM.Collect$$libinit$$00000000  c_w.l(libinit.o)
    0x080001a6   0x080001a6   0x00000000   Code   RO         5903    .ARM.Collect$$libinit$$00000002  c_w.l(libinit2.o)
    0x080001a6   0x080001a6   0x00000000   Code   RO         5905    .ARM.Collect$$libinit$$00000004  c_w.l(libinit2.o)
    0x080001a6   0x080001a6   0x00000000   Code   RO         5908    .ARM.Collect$$libinit$$0000000A  c_w.l(libinit2.o)
    0x080001a6   0x080001a6   0x00000000   Code   RO         5910    .ARM.Collect$$libinit$$0000000C  c_w.l(libinit2.o)
    0x080001a6   0x080001a6   0x00000000   Code   RO         5912    .ARM.Collect$$libinit$$0000000E  c_w.l(libinit2.o)
    0x080001a6   0x080001a6   0x00000000   Code   RO         5915    .ARM.Collect$$libinit$$00000011  c_w.l(libinit2.o)
    0x080001a6   0x080001a6   0x00000000   Code   RO         5917    .ARM.Collect$$libinit$$00000013  c_w.l(libinit2.o)
    0x080001a6   0x080001a6   0x00000000   Code   RO         5919    .ARM.Collect$$libinit$$00000015  c_w.l(libinit2.o)
    0x080001a6   0x080001a6   0x00000000   Code   RO         5921    .ARM.Collect$$libinit$$00000017  c_w.l(libinit2.o)
    0x080001a6   0x080001a6   0x00000000   Code   RO         5923    .ARM.Collect$$libinit$$00000019  c_w.l(libinit2.o)
    0x080001a6   0x080001a6   0x00000000   Code   RO         5925    .ARM.Collect$$libinit$$0000001B  c_w.l(libinit2.o)
    0x080001a6   0x080001a6   0x00000000   Code   RO         5927    .ARM.Collect$$libinit$$0000001D  c_w.l(libinit2.o)
    0x080001a6   0x080001a6   0x00000000   Code   RO         5929    .ARM.Collect$$libinit$$0000001F  c_w.l(libinit2.o)
    0x080001a6   0x080001a6   0x00000000   Code   RO         5931    .ARM.Collect$$libinit$$00000021  c_w.l(libinit2.o)
    0x080001a6   0x080001a6   0x00000000   Code   RO         5933    .ARM.Collect$$libinit$$00000023  c_w.l(libinit2.o)
    0x080001a6   0x080001a6   0x00000000   Code   RO         5935    .ARM.Collect$$libinit$$00000025  c_w.l(libinit2.o)
    0x080001a6   0x080001a6   0x00000000   Code   RO         5939    .ARM.Collect$$libinit$$0000002C  c_w.l(libinit2.o)
    0x080001a6   0x080001a6   0x00000000   Code   RO         5941    .ARM.Collect$$libinit$$0000002E  c_w.l(libinit2.o)
    0x080001a6   0x080001a6   0x00000000   Code   RO         5943    .ARM.Collect$$libinit$$00000030  c_w.l(libinit2.o)
    0x080001a6   0x080001a6   0x00000000   Code   RO         5945    .ARM.Collect$$libinit$$00000032  c_w.l(libinit2.o)
    0x080001a6   0x080001a6   0x00000002   Code   RO         5946    .ARM.Collect$$libinit$$00000033  c_w.l(libinit2.o)
    0x080001a8   0x080001a8   0x00000002   Code   RO         5966    .ARM.Collect$$libshutdown$$00000000  c_w.l(libshutdown.o)
    0x080001aa   0x080001aa   0x00000000   Code   RO         5979    .ARM.Collect$$libshutdown$$00000002  c_w.l(libshutdown2.o)
    0x080001aa   0x080001aa   0x00000000   Code   RO         5981    .ARM.Collect$$libshutdown$$00000004  c_w.l(libshutdown2.o)
    0x080001aa   0x080001aa   0x00000000   Code   RO         5984    .ARM.Collect$$libshutdown$$00000007  c_w.l(libshutdown2.o)
    0x080001aa   0x080001aa   0x00000000   Code   RO         5987    .ARM.Collect$$libshutdown$$0000000A  c_w.l(libshutdown2.o)
    0x080001aa   0x080001aa   0x00000000   Code   RO         5989    .ARM.Collect$$libshutdown$$0000000C  c_w.l(libshutdown2.o)
    0x080001aa   0x080001aa   0x00000000   Code   RO         5992    .ARM.Collect$$libshutdown$$0000000F  c_w.l(libshutdown2.o)
    0x080001aa   0x080001aa   0x00000002   Code   RO         5993    .ARM.Collect$$libshutdown$$00000010  c_w.l(libshutdown2.o)
    0x080001ac   0x080001ac   0x00000000   Code   RO         5867    .ARM.Collect$$rtentry$$00000000  c_w.l(__rtentry.o)
    0x080001ac   0x080001ac   0x00000000   Code   RO         5873    .ARM.Collect$$rtentry$$00000002  c_w.l(__rtentry2.o)
    0x080001ac   0x080001ac   0x00000006   Code   RO         5885    .ARM.Collect$$rtentry$$00000004  c_w.l(__rtentry4.o)
    0x080001b2   0x080001b2   0x00000000   Code   RO         5875    .ARM.Collect$$rtentry$$00000009  c_w.l(__rtentry2.o)
    0x080001b2   0x080001b2   0x00000004   Code   RO         5876    .ARM.Collect$$rtentry$$0000000A  c_w.l(__rtentry2.o)
    0x080001b6   0x080001b6   0x00000000   Code   RO         5878    .ARM.Collect$$rtentry$$0000000C  c_w.l(__rtentry2.o)
    0x080001b6   0x080001b6   0x00000008   Code   RO         5879    .ARM.Collect$$rtentry$$0000000D  c_w.l(__rtentry2.o)
    0x080001be   0x080001be   0x00000002   Code   RO         5900    .ARM.Collect$$rtexit$$00000000  c_w.l(rtexit.o)
    0x080001c0   0x080001c0   0x00000000   Code   RO         5948    .ARM.Collect$$rtexit$$00000002  c_w.l(rtexit2.o)
    0x080001c0   0x080001c0   0x00000004   Code   RO         5949    .ARM.Collect$$rtexit$$00000003  c_w.l(rtexit2.o)
    0x080001c4   0x080001c4   0x00000006   Code   RO         5950    .ARM.Collect$$rtexit$$00000004  c_w.l(rtexit2.o)
    0x080001ca   0x080001ca   0x00000002   PAD
    0x080001cc   0x080001cc   0x00000096   Code   RO         5774    .emb_text           port.o
    0x08000262   0x08000262   0x00000002   PAD
    0x08000264   0x08000264   0x00000040   Code   RO            4    .text               startup_stm32f103xe.o
    0x080002a4   0x080002a4   0x0000008a   Code   RO         5855    .text               c_w.l(rt_memcpy_v6.o)
    0x0800032e   0x0800032e   0x00000010   Code   RO         5859    .text               c_w.l(aeabi_memset.o)
    0x0800033e   0x0800033e   0x0000004e   Code   RO         5861    .text               c_w.l(rt_memclr_w.o)
    0x0800038c   0x0800038c   0x00000006   Code   RO         5863    .text               c_w.l(heapauxi.o)
    0x08000392   0x08000392   0x00000064   Code   RO         5868    .text               c_w.l(rt_memcpy_w.o)
    0x080003f6   0x080003f6   0x00000044   Code   RO         5870    .text               c_w.l(rt_memclr.o)
    0x0800043a   0x0800043a   0x0000004a   Code   RO         5887    .text               c_w.l(sys_stackheap_outer.o)
    0x08000484   0x08000484   0x00000012   Code   RO         5889    .text               c_w.l(exit.o)
    0x08000496   0x08000496   0x00000002   PAD
    0x08000498   0x08000498   0x00000008   Code   RO         5897    .text               c_w.l(libspace.o)
    0x080004a0   0x080004a0   0x0000000c   Code   RO         5958    .text               c_w.l(sys_exit.o)
    0x080004ac   0x080004ac   0x00000002   Code   RO         5969    .text               c_w.l(use_no_semi.o)
    0x080004ae   0x080004ae   0x00000000   Code   RO         5971    .text               c_w.l(indicate_semi.o)
    0x080004ae   0x080004ae   0x00000002   PAD
    0x080004b0   0x080004b0   0x00000056   Code   RO         1690    i.ADC_ConversionStop_Disable  stm32f1xx_hal_adc.o
    0x08000506   0x08000506   0x00000002   Code   RO          536    i.BusFault_Handler  stm32f1xx_it.o
    0x08000508   0x08000508   0x0000000c   Code   RO          537    i.DMA1_Channel6_IRQHandler  stm32f1xx_it.o
    0x08000514   0x08000514   0x0000000c   Code   RO          538    i.DMA1_Channel7_IRQHandler  stm32f1xx_it.o
    0x08000520   0x08000520   0x00000002   Code   RO          539    i.DebugMon_Handler  stm32f1xx_it.o
    0x08000522   0x08000522   0x00000004   Code   RO           13    i.Error_Handler     main.o
    0x08000526   0x08000526   0x00000002   PAD
    0x08000528   0x08000528   0x0000003c   Code   RO         2951    i.FSMC_NORSRAM_Extended_Timing_Init  stm32f1xx_ll_fsmc.o
    0x08000564   0x08000564   0x00000068   Code   RO         2952    i.FSMC_NORSRAM_Init  stm32f1xx_ll_fsmc.o
    0x080005cc   0x080005cc   0x0000003c   Code   RO         2953    i.FSMC_NORSRAM_Timing_Init  stm32f1xx_ll_fsmc.o
    0x08000608   0x08000608   0x000000fc   Code   RO         1696    i.HAL_ADC_ConfigChannel  stm32f1xx_hal_adc.o
    0x08000704   0x08000704   0x00000120   Code   RO         1705    i.HAL_ADC_Init      stm32f1xx_hal_adc.o
    0x08000824   0x08000824   0x00000058   Code   RO          285    i.HAL_ADC_MspInit   adc.o
    0x0800087c   0x0800087c   0x00000046   Code   RO         2347    i.HAL_DMA_Abort     stm32f1xx_hal_dma.o
    0x080008c2   0x080008c2   0x00000002   PAD
    0x080008c4   0x080008c4   0x00000130   Code   RO         2348    i.HAL_DMA_Abort_IT  stm32f1xx_hal_dma.o
    0x080009f4   0x080009f4   0x00000248   Code   RO         2352    i.HAL_DMA_IRQHandler  stm32f1xx_hal_dma.o
    0x08000c3c   0x08000c3c   0x0000007c   Code   RO         2353    i.HAL_DMA_Init      stm32f1xx_hal_dma.o
    0x08000cb8   0x08000cb8   0x00000068   Code   RO          350    i.HAL_FSMC_MspInit  fsmc.o
    0x08000d20   0x08000d20   0x000001f8   Code   RO         2283    i.HAL_GPIO_Init     stm32f1xx_hal_gpio.o
    0x08000f18   0x08000f18   0x0000000c   Code   RO         1977    i.HAL_GetTick       stm32f1xx_hal.o
    0x08000f24   0x08000f24   0x00000188   Code   RO         3269    i.HAL_I2C_Init      stm32f1xx_hal_i2c.o
    0x080010ac   0x080010ac   0x0000005c   Code   RO          399    i.HAL_I2C_MspInit   i2c.o
    0x08001108   0x08001108   0x00000010   Code   RO         1983    i.HAL_IncTick       stm32f1xx_hal.o
    0x08001118   0x08001118   0x00000024   Code   RO         1984    i.HAL_Init          stm32f1xx_hal.o
    0x0800113c   0x0800113c   0x00000098   Code   RO          642    i.HAL_InitTick      stm32f1xx_hal_timebase_tim.o
    0x080011d4   0x080011d4   0x00000048   Code   RO          618    i.HAL_MspInit       stm32f1xx_hal_msp.o
    0x0800121c   0x0800121c   0x0000001a   Code   RO         2443    i.HAL_NVIC_EnableIRQ  stm32f1xx_hal_cortex.o
    0x08001236   0x08001236   0x00000002   PAD
    0x08001238   0x08001238   0x00000040   Code   RO         2449    i.HAL_NVIC_SetPriority  stm32f1xx_hal_cortex.o
    0x08001278   0x08001278   0x00000024   Code   RO         2450    i.HAL_NVIC_SetPriorityGrouping  stm32f1xx_hal_cortex.o
    0x0800129c   0x0800129c   0x000000ec   Code   RO         2245    i.HAL_RCCEx_PeriphCLKConfig  stm32f1xx_hal_rcc_ex.o
    0x08001388   0x08001388   0x0000012c   Code   RO         2141    i.HAL_RCC_ClockConfig  stm32f1xx_hal_rcc.o
    0x080014b4   0x080014b4   0x00000040   Code   RO         2145    i.HAL_RCC_GetClockConfig  stm32f1xx_hal_rcc.o
    0x080014f4   0x080014f4   0x00000020   Code   RO         2148    i.HAL_RCC_GetPCLK1Freq  stm32f1xx_hal_rcc.o
    0x08001514   0x08001514   0x00000020   Code   RO         2149    i.HAL_RCC_GetPCLK2Freq  stm32f1xx_hal_rcc.o
    0x08001534   0x08001534   0x0000004c   Code   RO         2150    i.HAL_RCC_GetSysClockFreq  stm32f1xx_hal_rcc.o
    0x08001580   0x08001580   0x00000320   Code   RO         2153    i.HAL_RCC_OscConfig  stm32f1xx_hal_rcc.o
    0x080018a0   0x080018a0   0x00000064   Code   RO         3091    i.HAL_SRAM_Init     stm32f1xx_hal_sram.o
    0x08001904   0x08001904   0x00000004   Code   RO          352    i.HAL_SRAM_MspInit  fsmc.o
    0x08001908   0x08001908   0x00000002   Code   RO         1423    i.HAL_TIMEx_BreakCallback  stm32f1xx_hal_tim_ex.o
    0x0800190a   0x0800190a   0x00000002   Code   RO         1424    i.HAL_TIMEx_CommutCallback  stm32f1xx_hal_tim_ex.o
    0x0800190c   0x0800190c   0x0000007c   Code   RO         1442    i.HAL_TIMEx_MasterConfigSynchronization  stm32f1xx_hal_tim_ex.o
    0x08001988   0x08001988   0x0000005a   Code   RO          719    i.HAL_TIM_Base_Init  stm32f1xx_hal_tim.o
    0x080019e2   0x080019e2   0x00000002   Code   RO          721    i.HAL_TIM_Base_MspInit  stm32f1xx_hal_tim.o
    0x080019e4   0x080019e4   0x0000006c   Code   RO          724    i.HAL_TIM_Base_Start_IT  stm32f1xx_hal_tim.o
    0x08001a50   0x08001a50   0x00000002   Code   RO          753    i.HAL_TIM_IC_CaptureCallback  stm32f1xx_hal_tim.o
    0x08001a52   0x08001a52   0x00000130   Code   RO          767    i.HAL_TIM_IRQHandler  stm32f1xx_hal_tim.o
    0x08001b82   0x08001b82   0x00000002   PAD
    0x08001b84   0x08001b84   0x00000060   Code   RO          440    i.HAL_TIM_MspPostInit  tim.o
    0x08001be4   0x08001be4   0x00000002   Code   RO          770    i.HAL_TIM_OC_DelayElapsedCallback  stm32f1xx_hal_tim.o
    0x08001be6   0x08001be6   0x000000cc   Code   RO          791    i.HAL_TIM_PWM_ConfigChannel  stm32f1xx_hal_tim.o
    0x08001cb2   0x08001cb2   0x0000005a   Code   RO          794    i.HAL_TIM_PWM_Init  stm32f1xx_hal_tim.o
    0x08001d0c   0x08001d0c   0x00000024   Code   RO          442    i.HAL_TIM_PWM_MspInit  tim.o
    0x08001d30   0x08001d30   0x00000002   Code   RO          797    i.HAL_TIM_PWM_PulseFinishedCallback  stm32f1xx_hal_tim.o
    0x08001d32   0x08001d32   0x00000002   PAD
    0x08001d34   0x08001d34   0x00000014   Code   RO           14    i.HAL_TIM_PeriodElapsedCallback  main.o
    0x08001d48   0x08001d48   0x00000002   Code   RO          810    i.HAL_TIM_TriggerCallback  stm32f1xx_hal_tim.o
    0x08001d4a   0x08001d4a   0x00000002   Code   RO         3707    i.HAL_UARTEx_RxEventCallback  stm32f1xx_hal_uart.o
    0x08001d4c   0x08001d4c   0x00000002   Code   RO         3721    i.HAL_UART_ErrorCallback  stm32f1xx_hal_uart.o
    0x08001d4e   0x08001d4e   0x00000002   PAD
    0x08001d50   0x08001d50   0x0000026c   Code   RO         3724    i.HAL_UART_IRQHandler  stm32f1xx_hal_uart.o
    0x08001fbc   0x08001fbc   0x00000064   Code   RO         3725    i.HAL_UART_Init     stm32f1xx_hal_uart.o
    0x08002020   0x08002020   0x00000124   Code   RO          489    i.HAL_UART_MspInit  usart.o
    0x08002144   0x08002144   0x00000002   Code   RO         3731    i.HAL_UART_RxCpltCallback  stm32f1xx_hal_uart.o
    0x08002146   0x08002146   0x00000002   Code   RO         3736    i.HAL_UART_TxCpltCallback  stm32f1xx_hal_uart.o
    0x08002148   0x08002148   0x00000002   Code   RO          540    i.HardFault_Handler  stm32f1xx_it.o
    0x0800214a   0x0800214a   0x00000002   PAD
    0x0800214c   0x0800214c   0x00000050   Code   RO          286    i.MX_ADC1_Init      adc.o
    0x0800219c   0x0800219c   0x0000003c   Code   RO          326    i.MX_DMA_Init       dma.o
    0x080021d8   0x080021d8   0x00000020   Code   RO          241    i.MX_FREERTOS_Init  freertos.o
    0x080021f8   0x080021f8   0x00000078   Code   RO          353    i.MX_FSMC_Init      fsmc.o
    0x08002270   0x08002270   0x0000005c   Code   RO          217    i.MX_GPIO_Init      gpio.o
    0x080022cc   0x080022cc   0x00000040   Code   RO          400    i.MX_I2C1_Init      i2c.o
    0x0800230c   0x0800230c   0x00000070   Code   RO          443    i.MX_TIM2_Init      tim.o
    0x0800237c   0x0800237c   0x00000038   Code   RO          490    i.MX_USART1_UART_Init  usart.o
    0x080023b4   0x080023b4   0x00000038   Code   RO          491    i.MX_USART2_UART_Init  usart.o
    0x080023ec   0x080023ec   0x00000002   Code   RO          541    i.MemManage_Handler  stm32f1xx_it.o
    0x080023ee   0x080023ee   0x00000002   Code   RO          542    i.NMI_Handler       stm32f1xx_it.o
    0x080023f0   0x080023f0   0x00000008   Code   RO          242    i.StartDefaultTask  freertos.o
    0x080023f8   0x080023f8   0x0000001a   Code   RO         5206    i.SysTick_Handler   cmsis_os2.o
    0x08002412   0x08002412   0x0000007a   Code   RO           15    i.SystemClock_Config  main.o
    0x0800248c   0x0800248c   0x00000002   Code   RO         4059    i.SystemInit        system_stm32f1xx.o
    0x0800248e   0x0800248e   0x00000002   PAD
    0x08002490   0x08002490   0x0000000c   Code   RO          543    i.TIM6_IRQHandler   stm32f1xx_it.o
    0x0800249c   0x0800249c   0x0000009c   Code   RO          812    i.TIM_Base_SetConfig  stm32f1xx_hal_tim.o
    0x08002538   0x08002538   0x00000060   Code   RO          825    i.TIM_OC1_SetConfig  stm32f1xx_hal_tim.o
    0x08002598   0x08002598   0x0000006c   Code   RO          826    i.TIM_OC2_SetConfig  stm32f1xx_hal_tim.o
    0x08002604   0x08002604   0x00000068   Code   RO          827    i.TIM_OC3_SetConfig  stm32f1xx_hal_tim.o
    0x0800266c   0x0800266c   0x00000050   Code   RO          828    i.TIM_OC4_SetConfig  stm32f1xx_hal_tim.o
    0x080026bc   0x080026bc   0x00000010   Code   RO         3738    i.UART_DMAAbortOnError  stm32f1xx_hal_uart.o
    0x080026cc   0x080026cc   0x0000004e   Code   RO         3748    i.UART_EndRxTransfer  stm32f1xx_hal_uart.o
    0x0800271a   0x0800271a   0x000000c2   Code   RO         3750    i.UART_Receive_IT   stm32f1xx_hal_uart.o
    0x080027dc   0x080027dc   0x000000b8   Code   RO         3751    i.UART_SetConfig    stm32f1xx_hal_uart.o
    0x08002894   0x08002894   0x0000000c   Code   RO          544    i.USART2_IRQHandler  stm32f1xx_it.o
    0x080028a0   0x080028a0   0x00000002   Code   RO          545    i.UsageFault_Handler  stm32f1xx_it.o
    0x080028a2   0x080028a2   0x00000020   Code   RO         2456    i.__NVIC_SetPriority  stm32f1xx_hal_cortex.o
    0x080028c2   0x080028c2   0x00000036   Code   RO           16    i.main              main.o
    0x080028f8   0x080028f8   0x0000001a   Code   RO         5208    i.osDelay           cmsis_os2.o
    0x08002912   0x08002912   0x00000002   PAD
    0x08002914   0x08002914   0x00000024   Code   RO         5222    i.osKernelInitialize  cmsis_os2.o
    0x08002938   0x08002938   0x00000038   Code   RO         5225    i.osKernelStart     cmsis_os2.o
    0x08002970   0x08002970   0x0000008a   Code   RO         5267    i.osThreadNew       cmsis_os2.o
    0x080029fa   0x080029fa   0x00000002   PAD
    0x080029fc   0x080029fc   0x0000005c   Code   RO         4667    i.prvAddCurrentTaskToDelayedList  tasks.o
    0x08002a58   0x08002a58   0x000000d0   Code   RO         4668    i.prvAddNewTaskToReadyList  tasks.o
    0x08002b28   0x08002b28   0x00000058   Code   RO         5032    i.prvCheckForValidListAndQueue  timers.o
    0x08002b80   0x08002b80   0x00000026   Code   RO         4264    i.prvCopyDataFromQueue  queue.o
    0x08002ba6   0x08002ba6   0x0000006c   Code   RO         4265    i.prvCopyDataToQueue  queue.o
    0x08002c12   0x08002c12   0x00000034   Code   RO         4669    i.prvDeleteTCB      tasks.o
    0x08002c46   0x08002c46   0x00000002   PAD
    0x08002c48   0x08002c48   0x0000004c   Code   RO         5719    i.prvHeapInit       heap_4.o
    0x08002c94   0x08002c94   0x00000060   Code   RO         4670    i.prvIdleTask       tasks.o
    0x08002cf4   0x08002cf4   0x00000022   Code   RO         4267    i.prvInitialiseNewQueue  queue.o
    0x08002d16   0x08002d16   0x00000002   PAD
    0x08002d18   0x08002d18   0x000000b0   Code   RO         4671    i.prvInitialiseNewTask  tasks.o
    0x08002dc8   0x08002dc8   0x0000004c   Code   RO         5720    i.prvInsertBlockIntoFreeList  heap_4.o
    0x08002e14   0x08002e14   0x00000038   Code   RO         5034    i.prvInsertTimerInActiveList  timers.o
    0x08002e4c   0x08002e4c   0x0000001c   Code   RO         4268    i.prvIsQueueEmpty   queue.o
    0x08002e68   0x08002e68   0x000000fc   Code   RO         5035    i.prvProcessReceivedCommands  timers.o
    0x08002f64   0x08002f64   0x000000c0   Code   RO         5036    i.prvProcessTimerOrBlockTask  timers.o
    0x08003024   0x08003024   0x00000020   Code   RO         4673    i.prvResetNextTaskUnblockTime  tasks.o
    0x08003044   0x08003044   0x00000028   Code   RO         5037    i.prvSampleTimeNow  timers.o
    0x0800306c   0x0800306c   0x0000006c   Code   RO         5038    i.prvSwitchTimerLists  timers.o
    0x080030d8   0x080030d8   0x00000028   Code   RO         5775    i.prvTaskExitError  port.o
    0x08003100   0x08003100   0x00000024   Code   RO         5039    i.prvTimerTask      timers.o
    0x08003124   0x08003124   0x0000006a   Code   RO         4269    i.prvUnlockQueue    queue.o
    0x0800318e   0x0800318e   0x00000002   PAD
    0x08003190   0x08003190   0x000000dc   Code   RO         5721    i.pvPortMalloc      heap_4.o
    0x0800326c   0x0800326c   0x00000024   Code   RO         5776    i.pxPortInitialiseStack  port.o
    0x08003290   0x08003290   0x00000026   Code   RO         4224    i.uxListRemove      list.o
    0x080032b6   0x080032b6   0x00000002   PAD
    0x080032b8   0x080032b8   0x00000014   Code   RO         5279    i.vApplicationGetIdleTaskMemory  cmsis_os2.o
    0x080032cc   0x080032cc   0x00000018   Code   RO         5280    i.vApplicationGetTimerTaskMemory  cmsis_os2.o
    0x080032e4   0x080032e4   0x00000016   Code   RO         4225    i.vListInitialise   list.o
    0x080032fa   0x080032fa   0x00000006   Code   RO         4226    i.vListInitialiseItem  list.o
    0x08003300   0x08003300   0x00000030   Code   RO         4227    i.vListInsert       list.o
    0x08003330   0x08003330   0x00000018   Code   RO         4228    i.vListInsertEnd    list.o
    0x08003348   0x08003348   0x00000040   Code   RO         5778    i.vPortEnterCritical  port.o
    0x08003388   0x08003388   0x00000028   Code   RO         5779    i.vPortExitCritical  port.o
    0x080033b0   0x080033b0   0x00000064   Code   RO         5722    i.vPortFree         heap_4.o
    0x08003414   0x08003414   0x00000024   Code   RO         5780    i.vPortSetupTimerInterrupt  port.o
    0x08003438   0x08003438   0x00000054   Code   RO         5781    i.vPortValidateInterruptPriority  port.o
    0x0800348c   0x0800348c   0x00000028   Code   RO         4275    i.vQueueAddToRegistry  queue.o
    0x080034b4   0x080034b4   0x00000044   Code   RO         4279    i.vQueueWaitForMessageRestricted  queue.o
    0x080034f8   0x080034f8   0x0000004c   Code   RO         4686    i.vTaskDelay        tasks.o
    0x08003544   0x08003544   0x00000010   Code   RO         4691    i.vTaskInternalSetTimeOutState  tasks.o
    0x08003554   0x08003554   0x0000000c   Code   RO         4692    i.vTaskMissedYield  tasks.o
    0x08003560   0x08003560   0x00000030   Code   RO         4694    i.vTaskPlaceOnEventList  tasks.o
    0x08003590   0x08003590   0x00000038   Code   RO         4695    i.vTaskPlaceOnEventListRestricted  tasks.o
    0x080035c8   0x080035c8   0x00000088   Code   RO         4703    i.vTaskStartScheduler  tasks.o
    0x08003650   0x08003650   0x00000010   Code   RO         4705    i.vTaskSuspendAll   tasks.o
    0x08003660   0x08003660   0x00000064   Code   RO         4706    i.vTaskSwitchContext  tasks.o
    0x080036c4   0x080036c4   0x000000a8   Code   RO         5782    i.xPortStartScheduler  port.o
    0x0800376c   0x0800376c   0x0000002c   Code   RO         5783    i.xPortSysTickHandler  port.o
    0x08003798   0x08003798   0x00000066   Code   RO         4285    i.xQueueGenericCreateStatic  queue.o
    0x080037fe   0x080037fe   0x00000002   PAD
    0x08003800   0x08003800   0x00000088   Code   RO         4286    i.xQueueGenericReset  queue.o
    0x08003888   0x08003888   0x00000160   Code   RO         4287    i.xQueueGenericSend  queue.o
    0x080039e8   0x080039e8   0x000000be   Code   RO         4288    i.xQueueGenericSendFromISR  queue.o
    0x08003aa6   0x08003aa6   0x00000002   PAD
    0x08003aa8   0x08003aa8   0x00000138   Code   RO         4297    i.xQueueReceive     queue.o
    0x08003be0   0x08003be0   0x00000074   Code   RO         4708    i.xTaskCheckForTimeOut  tasks.o
    0x08003c54   0x08003c54   0x0000005a   Code   RO         4709    i.xTaskCreate       tasks.o
    0x08003cae   0x08003cae   0x00000056   Code   RO         4710    i.xTaskCreateStatic  tasks.o
    0x08003d04   0x08003d04   0x0000001c   Code   RO         4714    i.xTaskGetSchedulerState  tasks.o
    0x08003d20   0x08003d20   0x0000000c   Code   RO         4715    i.xTaskGetTickCount  tasks.o
    0x08003d2c   0x08003d2c   0x000000c8   Code   RO         4717    i.xTaskIncrementTick  tasks.o
    0x08003df4   0x08003df4   0x00000080   Code   RO         4720    i.xTaskPriorityDisinherit  tasks.o
    0x08003e74   0x08003e74   0x00000070   Code   RO         4722    i.xTaskRemoveFromEventList  tasks.o
    0x08003ee4   0x08003ee4   0x000000c4   Code   RO         4723    i.xTaskResumeAll    tasks.o
    0x08003fa8   0x08003fa8   0x00000060   Code   RO         5048    i.xTimerCreateTimerTask  timers.o
    0x08004008   0x08004008   0x00000068   Code   RO         5049    i.xTimerGenericCommand  timers.o
    0x08004070   0x08004070   0x00000024   Data   RO          243    .constdata          freertos.o
    0x08004094   0x08004094   0x00000012   Data   RO         2154    .constdata          stm32f1xx_hal_rcc.o
    0x080040a6   0x080040a6   0x00000010   Data   RO         4060    .constdata          system_stm32f1xx.o
    0x080040b6   0x080040b6   0x00000008   Data   RO         4061    .constdata          system_stm32f1xx.o
    0x080040be   0x080040be   0x00000002   PAD
    0x080040c0   0x080040c0   0x0000000c   Data   RO          244    .conststring        freertos.o
    0x080040cc   0x080040cc   0x00000020   Data   RO         6024    Region$$Table       anon$$obj.o


    Execution Region RW_IRAM1 (Exec base: 0x20000000, Load base: 0x080040ec, Size: 0x00002248, Max: 0x00010000, ABSOLUTE)

    Exec Addr    Load Addr    Size         Type   Attr      Idx    E Section Name        Object

    0x20000000   0x080040ec   0x00000004   Data   RW          245    .data               freertos.o
    0x20000004   0x080040f0   0x00000008   Data   RW          355    .data               fsmc.o
    0x2000000c   0x080040f8   0x0000000c   Data   RW         1991    .data               stm32f1xx_hal.o
    0x20000018   0x08004104   0x00000004   Data   RW         4062    .data               system_stm32f1xx.o
    0x2000001c   0x08004108   0x0000003c   Data   RW         4726    .data               tasks.o
    0x20000058   0x08004144   0x00000014   Data   RW         5057    .data               timers.o
    0x2000006c   0x08004158   0x00000004   Data   RW         5282    .data               cmsis_os2.o
    0x20000070   0x0800415c   0x00000020   Data   RW         5728    .data               heap_4.o
    0x20000090   0x0800417c   0x0000000c   Data   RW         5784    .data               port.o
    0x2000009c        -       0x00000030   Zero   RW          287    .bss                adc.o
    0x200000cc        -       0x00000048   Zero   RW          354    .bss                fsmc.o
    0x20000114        -       0x00000054   Zero   RW          401    .bss                i2c.o
    0x20000168        -       0x00000048   Zero   RW          444    .bss                tim.o
    0x200001b0        -       0x00000118   Zero   RW          492    .bss                usart.o
    0x200002c8        -       0x00000048   Zero   RW          645    .bss                stm32f1xx_hal_timebase_tim.o
    0x20000310        -       0x00000040   Zero   RW         4301    .bss                queue.o
    0x20000350        -       0x000004c4   Zero   RW         4725    .bss                tasks.o
    0x20000814        -       0x00000118   Zero   RW         5056    .bss                timers.o
    0x2000092c        -       0x000006b8   Zero   RW         5281    .bss                cmsis_os2.o
    0x20000fe4        -       0x00000c00   Zero   RW         5727    .bss                heap_4.o
    0x20001be4        -       0x00000060   Zero   RW         5898    .bss                c_w.l(libspace.o)
    0x20001c44   0x08004188   0x00000004   PAD
    0x20001c48        -       0x00000200   Zero   RW            2    HEAP                startup_stm32f103xe.o
    0x20001e48        -       0x00000400   Zero   RW            1    STACK               startup_stm32f103xe.o


==============================================================================

Image component sizes


      Code (inc. data)   RO Data    RW Data    ZI Data      Debug   Object Name

       168         22          0          0         48       1577   adc.o
       326         22          0          4       1720      58527   cmsis_os2.o
        60          4          0          0          0        734   dma.o
         0          0          0          0          0      19608   event_groups.o
        40         14         48          4          0       1601   freertos.o
       228         30          0          8         72       2071   fsmc.o
        92          6          0          0          0        855   gpio.o
       472         24          0         32       3072       4691   heap_4.o
       156         26          0          0         84       1565   i2c.o
       138          0          0          0          0       3318   list.o
       200          6          0          0          0     533152   main.o
       662         70          0         12          0      10541   port.o
      1514         20          0          0         64      16840   queue.o
        64         26        304          0       1536        796   startup_stm32f103xe.o
        64         14          0         12          0       5150   stm32f1xx_hal.o
       626         28          0          0          0       3292   stm32f1xx_hal_adc.o
       158         14          0          0          0      28126   stm32f1xx_hal_cortex.o
      1082         52          0          0          0       3439   stm32f1xx_hal_dma.o
       504         42          0          0          0       2248   stm32f1xx_hal_gpio.o
       392         16          0          0          0       3175   stm32f1xx_hal_i2c.o
        72         10          0          0          0        838   stm32f1xx_hal_msp.o
      1304         94         18          0          0       5625   stm32f1xx_hal_rcc.o
       236         12          0          0          0       1348   stm32f1xx_hal_rcc_ex.o
       100          0          0          0          0       1184   stm32f1xx_hal_sram.o
      1350         78          0          0          0      11463   stm32f1xx_hal_tim.o
       128         20          0          0          0       2337   stm32f1xx_hal_tim_ex.o
       152         20          0          0         72       1427   stm32f1xx_hal_timebase_tim.o
      1200         10          0          0          0       7804   stm32f1xx_hal_uart.o
        60         24          0          0          0       4185   stm32f1xx_it.o
       224         14          0          0          0       3823   stm32f1xx_ll_fsmc.o
         0          0          0          0          0        440   stream_buffer.o
         2          0         24          4          0       1071   system_stm32f1xx.o
      2084        168          0         60       1220      25788   tasks.o
       244         26          0          0         72       2175   tim.o
       972         80          0         20        280      31819   timers.o
       404         40          0          0        280       2481   usart.o

    ----------------------------------------------------------------------
     15512       1032        428        156       8520     805114   Object Totals
         0          0         32          0          0          0   (incl. Generated)
        34          0          2          0          0          0   (incl. Padding)

    ----------------------------------------------------------------------

      Code (inc. data)   RO Data    RW Data    ZI Data      Debug   Library Member Name

         8          0          0          0          0         68   __main.o
         0          0          0          0          0          0   __rtentry.o
        12          0          0          0          0          0   __rtentry2.o
         6          0          0          0          0          0   __rtentry4.o
        52          8          0          0          0          0   __scatter.o
        26          0          0          0          0          0   __scatter_copy.o
        28          0          0          0          0          0   __scatter_zi.o
        16          0          0          0          0         68   aeabi_memset.o
        18          0          0          0          0         80   exit.o
         6          0          0          0          0        152   heapauxi.o
         0          0          0          0          0          0   indicate_semi.o
         2          0          0          0          0          0   libinit.o
         2          0          0          0          0          0   libinit2.o
         2          0          0          0          0          0   libshutdown.o
         2          0          0          0          0          0   libshutdown2.o
         8          4          0          0         96         68   libspace.o
        68          0          0          0          0         68   rt_memclr.o
        78          0          0          0          0         80   rt_memclr_w.o
       138          0          0          0          0         68   rt_memcpy_v6.o
       100          0          0          0          0         80   rt_memcpy_w.o
         2          0          0          0          0          0   rtexit.o
        10          0          0          0          0          0   rtexit2.o
        12          4          0          0          0         68   sys_exit.o
        74          0          0          0          0         80   sys_stackheap_outer.o
         2          0          0          0          0         68   use_no_semi.o

    ----------------------------------------------------------------------
       680         16          0          0        100        948   Library Totals
         8          0          0          0          4          0   (incl. Padding)

    ----------------------------------------------------------------------

      Code (inc. data)   RO Data    RW Data    ZI Data      Debug   Library Name

       672         16          0          0         96        948   c_w.l

    ----------------------------------------------------------------------
       680         16          0          0        100        948   Library Totals

    ----------------------------------------------------------------------

==============================================================================


      Code (inc. data)   RO Data    RW Data    ZI Data      Debug   

     16192       1048        428        156       8620     797738   Grand Totals
     16192       1048        428        156       8620     797738   ELF Image Totals
     16192       1048        428        156          0          0   ROM Totals

==============================================================================

    Total RO  Size (Code + RO Data)                16620 (  16.23kB)
    Total RW  Size (RW Data + ZI Data)              8776 (   8.57kB)
    Total ROM Size (Code + RO Data + RW Data)      16776 (  16.38kB)

==============================================================================

